Component: Arm Compiler for Embedded 6.19 Tool: armlink [5e73cb00]

==============================================================================

Section Cross References

    startup_stm32f407xx.o(RESET) refers to startup_stm32f407xx.o(STACK) for __initial_sp
    startup_stm32f407xx.o(RESET) refers to startup_stm32f407xx.o(.text) for Reset_Handler
    startup_stm32f407xx.o(RESET) refers to stm32f4xx_it.o(.text.NMI_Handler) for NMI_Handler
    startup_stm32f407xx.o(RESET) refers to stm32f4xx_it.o(.text.HardFault_Handler) for HardFault_Handler
    startup_stm32f407xx.o(RESET) refers to stm32f4xx_it.o(.text.MemManage_Handler) for MemManage_Handler
    startup_stm32f407xx.o(RESET) refers to stm32f4xx_it.o(.text.BusFault_Handler) for BusFault_Handler
    startup_stm32f407xx.o(RESET) refers to stm32f4xx_it.o(.text.UsageFault_Handler) for UsageFault_Handler
    startup_stm32f407xx.o(RESET) refers to port.o(.text.SVC_Handler) for SVC_Handler
    startup_stm32f407xx.o(RESET) refers to stm32f4xx_it.o(.text.DebugMon_Handler) for DebugMon_Handler
    startup_stm32f407xx.o(RESET) refers to port.o(.text.PendSV_Handler) for PendSV_Handler
    startup_stm32f407xx.o(RESET) refers to port.o(.text.SysTick_Handler) for SysTick_Handler
    startup_stm32f407xx.o(RESET) refers to stm32f4xx_it.o(.text.EXTI4_IRQHandler) for EXTI4_IRQHandler
    startup_stm32f407xx.o(RESET) refers to stm32f4xx_it.o(.text.DMA1_Stream1_IRQHandler) for DMA1_Stream1_IRQHandler
    startup_stm32f407xx.o(RESET) refers to stm32f4xx_it.o(.text.CAN1_RX0_IRQHandler) for CAN1_RX0_IRQHandler
    startup_stm32f407xx.o(RESET) refers to stm32f4xx_it.o(.text.EXTI9_5_IRQHandler) for EXTI9_5_IRQHandler
    startup_stm32f407xx.o(RESET) refers to interruptservice.o(.text.TIM3_IRQHandler) for TIM3_IRQHandler
    startup_stm32f407xx.o(RESET) refers to interruptservice.o(.text.TIM4_IRQHandler) for TIM4_IRQHandler
    startup_stm32f407xx.o(RESET) refers to stm32f4xx_it.o(.text.USART1_IRQHandler) for USART1_IRQHandler
    startup_stm32f407xx.o(RESET) refers to remote.o(.text.USART3_IRQHandler) for USART3_IRQHandler
    startup_stm32f407xx.o(RESET) refers to interruptservice.o(.text.TIM5_IRQHandler) for TIM5_IRQHandler
    startup_stm32f407xx.o(RESET) refers to interruptservice.o(.text.TIM6_DAC_IRQHandler) for TIM6_DAC_IRQHandler
    startup_stm32f407xx.o(RESET) refers to stm32f4xx_it.o(.text.TIM7_IRQHandler) for TIM7_IRQHandler
    startup_stm32f407xx.o(RESET) refers to attitudethread.o(.text.DMA2_Stream0_IRQHandler) for DMA2_Stream0_IRQHandler
    startup_stm32f407xx.o(RESET) refers to stm32f4xx_it.o(.text.DMA2_Stream1_IRQHandler) for DMA2_Stream1_IRQHandler
    startup_stm32f407xx.o(RESET) refers to stm32f4xx_it.o(.text.DMA2_Stream2_IRQHandler) for DMA2_Stream2_IRQHandler
    startup_stm32f407xx.o(RESET) refers to stm32f4xx_it.o(.text.DMA2_Stream3_IRQHandler) for DMA2_Stream3_IRQHandler
    startup_stm32f407xx.o(RESET) refers to stm32f4xx_it.o(.text.CAN2_RX0_IRQHandler) for CAN2_RX0_IRQHandler
    startup_stm32f407xx.o(RESET) refers to stm32f4xx_it.o(.text.DMA2_Stream6_IRQHandler) for DMA2_Stream6_IRQHandler
    startup_stm32f407xx.o(RESET) refers to stm32f4xx_it.o(.text.DMA2_Stream7_IRQHandler) for DMA2_Stream7_IRQHandler
    startup_stm32f407xx.o(RESET) refers to refereethread.o(.text.USART6_IRQHandler) for USART6_IRQHandler
    startup_stm32f407xx.o(.text) refers to system_stm32f4xx.o(.text.SystemInit) for SystemInit
    startup_stm32f407xx.o(.text) refers to entry.o(.ARM.Collect$$$$00000000) for __main
    main.o(.text.main) refers to stm32f4xx_hal.o(.text.HAL_Init) for HAL_Init
    main.o(.text.main) refers to main.o(.text.SystemClock_Config) for SystemClock_Config
    main.o(.text.main) refers to gpio.o(.text.MX_GPIO_Init) for MX_GPIO_Init
    main.o(.text.main) refers to dma.o(.text.MX_DMA_Init) for MX_DMA_Init
    main.o(.text.main) refers to can.o(.text.MX_CAN1_Init) for MX_CAN1_Init
    main.o(.text.main) refers to spi.o(.text.MX_SPI1_Init) for MX_SPI1_Init
    main.o(.text.main) refers to tim.o(.text.MX_TIM5_Init) for MX_TIM5_Init
    main.o(.text.main) refers to tim.o(.text.MX_TIM10_Init) for MX_TIM10_Init
    main.o(.text.main) refers to can.o(.text.MX_CAN2_Init) for MX_CAN2_Init
    main.o(.text.main) refers to usart.o(.text.MX_USART1_UART_Init) for MX_USART1_UART_Init
    main.o(.text.main) refers to usart.o(.text.MX_USART3_UART_Init) for MX_USART3_UART_Init
    main.o(.text.main) refers to usart.o(.text.MX_USART6_UART_Init) for MX_USART6_UART_Init
    main.o(.text.main) refers to tim.o(.text.MX_TIM3_Init) for MX_TIM3_Init
    main.o(.text.main) refers to tim.o(.text.MX_TIM4_Init) for MX_TIM4_Init
    main.o(.text.main) refers to tim.o(.text.MX_TIM1_Init) for MX_TIM1_Init
    main.o(.text.main) refers to tim.o(.text.MX_TIM8_Init) for MX_TIM8_Init
    main.o(.text.main) refers to tim.o(.text.MX_TIM6_Init) for MX_TIM6_Init
    main.o(.text.main) refers to bsp_delay.o(.text.delay_init) for delay_init
[...]
    SendBuffer                               0x2000053f   Data        1058  refereebehaviour.o(.bss.SendBuffer)
    SendGameStatus                           0x20000961   Data           3  refereebehaviour.o(.bss.SendGameStatus)
    UI_Seq                                   0x20000964   Data           1  client_ui.o(.bss.UI_Seq)
    UIsend_buffer                            0x20000965   Data        1024  client_ui.o(.bss.UIsend_buffer)
    YawMotorMeasure                          0x20000d6c   Data          20  feet_motor.o(.bss.YawMotorMeasure)
    accel_dma_rx_buf                         0x20000d80   Data           9  attitudethread.o(.bss.accel_dma_rx_buf)
    accel_temp_dma_rx_buf                    0x20000d89   Data           4  attitudethread.o(.bss.accel_temp_dma_rx_buf)
    accel_temp_update_flag                   0x20000d8d   Data           1  attitudethread.o(.bss.accel_temp_update_flag)
    accel_update_flag                        0x20000d8e   Data           1  attitudethread.o(.bss.accel_update_flag)
    aim_mode                                 0x20000d8f   Data           1  uithread.o(.bss.aim_mode)
    angle_minus                              0x20000d90   Data           4  calculatethread.o(.bss.angle_minus)
    bmi088_real_data                         0x20000d94   Data          36  attitudethread.o(.bss.bmi088_real_data)
    buff_musk_t                              0x20000db8   Data           6  refereebehaviour.o(.bss.buff_musk_t)
    bullet_remaining_t                       0x20000dbe   Data           6  refereebehaviour.o(.bss.bullet_remaining_t)
    chassis_limit_update_flag                0x20000e0c   Data           1  calculatethread.o(.bss.chassis_limit_update_flag)
    cms_flag                                 0x20000e28   Data           1  calculatethread.o(.bss.cms_flag)
    cms_offline_counter                      0x20000e2a   Data           2  interruptservice.o(.bss.cms_offline_counter)
    cms_send_period                          0x20000e4c   Data           1  interruptservice.o(.bss.cms_send_period)
    count                                    0x20000e4d   Data           1  uithread.o(.bss.count)
    count2                                   0x20000e4e   Data           1  uithread.o(.bss.count2)
    cover_mode                               0x20000e4f   Data           1  uithread.o(.bss.cover_mode)
    current_3508_filter_type                 0x20000e50   Data          16  calculatethread.o(.bss.current_3508_filter_type)
    current_6020_filter_type                 0x20000e60   Data          16  calculatethread.o(.bss.current_6020_filter_type)
    dart_client_cmd_t                        0x20000e70   Data           6  refereebehaviour.o(.bss.dart_client_cmd_t)
    dart_remaining_time_t                    0x20000e76   Data           3  refereebehaviour.o(.bss.dart_remaining_time_t)
    defaultTaskHandle                        0x20000e7c   Data           4  freertos.o(.bss.defaultTaskHandle)
    field_event                              0x20000e88   Data           4  refereebehaviour.o(.bss.field_event)
    fire_mode                                0x20000e8c   Data           1  uithread.o(.bss.fire_mode)
    follow                                   0x20000e90   Data          72  calculatethread.o(.bss.follow)
    follow_angle                             0x20000ed8   Data           4  calculatethread.o(.bss.follow_angle)
    follow_yaw                               0x20000edc   Data          72  calculatethread.o(.bss.follow_yaw)
    game_result                              0x20000f24   Data           1  refereebehaviour.o(.bss.game_result)
    game_robot_HP_t                          0x20000f26   Data          32  refereebehaviour.o(.bss.game_robot_HP_t)
    game_robot_pos_t                         0x20000f48   Data          12  refereebehaviour.o(.bss.game_robot_pos_t)
    game_state                               0x20000f54   Data          11  refereebehaviour.o(.bss.game_state)
    gyro_dma_rx_buf                          0x20000f5f   Data           8  attitudethread.o(.bss.gyro_dma_rx_buf)
    gyro_update_flag                         0x20000f67   Data           1  attitudethread.o(.bss.gyro_update_flag)
    hcan1                                    0x20000f68   Data          40  can.o(.bss.hcan1)
    hcan2                                    0x20000f90   Data          40  can.o(.bss.hcan2)
    hdma_spi1_rx                             0x20000fb8   Data          96  spi.o(.bss.hdma_spi1_rx)
    hdma_spi1_tx                             0x20001018   Data          96  spi.o(.bss.hdma_spi1_tx)
    hdma_usart1_rx                           0x20001078   Data          96  usart.o(.bss.hdma_usart1_rx)
    hdma_usart1_tx                           0x200010d8   Data          96  usart.o(.bss.hdma_usart1_tx)
    hdma_usart3_rx                           0x20001138   Data          96  usart.o(.bss.hdma_usart3_rx)
    hdma_usart6_rx                           0x20001198   Data          96  usart.o(.bss.hdma_usart6_rx)
    hdma_usart6_tx                           0x200011f8   Data          96  usart.o(.bss.hdma_usart6_tx)
    he                                       0x20001258   Data           4  calculatethread.o(.bss.he)
    head                                     0x2000125c   Data         128  client_ui.o(.bss.head)
    hspi1                                    0x200012dc   Data          88  spi.o(.bss.hspi1)
    htim1                                    0x20001334   Data          72  tim.o(.bss.htim1)
    htim10                                   0x2000137c   Data          72  tim.o(.bss.htim10)
    htim3                                    0x200013c4   Data          72  tim.o(.bss.htim3)
    htim4                                    0x2000140c   Data          72  tim.o(.bss.htim4)
    htim5                                    0x20001454   Data          72  tim.o(.bss.htim5)
    htim6                                    0x2000149c   Data          72  tim.o(.bss.htim6)
    htim7                                    0x200014e4   Data          72  stm32f4xx_hal_timebase_tim.o(.bss.htim7)
    htim8                                    0x2000152c   Data          72  tim.o(.bss.htim8)
    huart1                                   0x20001574   Data          68  usart.o(.bss.huart1)
    huart3                                   0x200015b8   Data          68  usart.o(.bss.huart3)
    huart6                                   0x200015fc   Data          68  usart.o(.bss.huart6)
    imagex                                   0x20001640   Data          15  uithread.o(.bss.imagex)
    imagey                                   0x2000164f   Data          15  uithread.o(.bss.imagey)
    imu_start_dma_flag                       0x2000165e   Data           1  attitudethread.o(.bss.imu_start_dma_flag)
    left_back_3508_pid                       0x200016a8   Data          72  calculatethread.o(.bss.left_back_3508_pid)
    left_back_6020_position_pid              0x200016f0   Data          72  calculatethread.o(.bss.left_back_6020_position_pid)
    left_back_6020_speed_pid                 0x20001738   Data          72  calculatethread.o(.bss.left_back_6020_speed_pid)
    left_front_3508_pid                      0x20001780   Data          72  calculatethread.o(.bss.left_front_3508_pid)
    left_front_6020_position_pid             0x200017c8   Data          72  calculatethread.o(.bss.left_front_6020_position_pid)
    left_front_6020_speed_pid                0x20001810   Data          72  calculatethread.o(.bss.left_front_6020_speed_pid)
    lijupower                                0x20001858   Data           4  calculatethread.o(.bss.lijupower)
    locked                                   0x2000185c   Data           1  client_ui.o(.bss.locked)
    match_mode                               0x2000185d   Data           1  uithread.o(.bss.match_mode)
    mode                                     0x2000185e   Data           1  uithread.o(.bss.mode)
    mode_change_flag                         0x2000185f   Data           1  uithread.o(.bss.mode_change_flag)
    noforce                                  0x20001860   Data          45  uithread.o(.bss.noforce)
    num                                      0x2000188d   Data           1  client_ui.o(.bss.num)
    open1                                    0x2000188e   Data          45  uithread.o(.bss.open1)
    open2                                    0x200018bb   Data          45  uithread.o(.bss.open2)
    open3                                    0x200018e8   Data          45  uithread.o(.bss.open3)
    power_flag                               0x20001915   Data           1  calculatethread.o(.bss.power_flag)
    power_heat_data_t                        0x20001918   Data          16  refereebehaviour.o(.bss.power_heat_data_t)
    power_scale                              0x20001928   Data           4  calculatethread.o(.bss.power_scale)
    pxCurrentTCB                             0x2000192c   Data           4  tasks.o(.bss.pxCurrentTCB)
    rc_ctrl                                  0x200019c8   Data          22  remote.o(.bss.rc_ctrl)
    referee_fifo                             0x200019e0   Data          24  refereethread.o(.bss.referee_fifo)
    referee_fifo_buf                         0x200019f8   Data        1024  refereethread.o(.bss.referee_fifo_buf)
    referee_receive_header                   0x20001df8   Data           5  refereebehaviour.o(.bss.referee_receive_header)
    referee_send_header                      0x20001dfd   Data           5  refereebehaviour.o(.bss.referee_send_header)
    referee_unpack_obj                       0x20001e02   Data         137  refereethread.o(.bss.referee_unpack_obj)
    referee_warning_t                        0x20001e8b   Data           3  refereebehaviour.o(.bss.referee_warning_t)
    rfid_status_t                            0x20001e90   Data           4  refereebehaviour.o(.bss.rfid_status_t)
    right_back_3508_pid                      0x20001e94   Data          72  calculatethread.o(.bss.right_back_3508_pid)
    right_back_6020_position_pid             0x20001edc   Data          72  calculatethread.o(.bss.right_back_6020_position_pid)
    right_back_6020_speed_pid                0x20001f24   Data          72  calculatethread.o(.bss.right_back_6020_speed_pid)
    right_front_3508_pid                     0x20001f6c   Data          72  calculatethread.o(.bss.right_front_3508_pid)
    right_front_6020_position_pid            0x20001fb4   Data          72  calculatethread.o(.bss.right_front_6020_position_pid)
    right_front_6020_speed_pid               0x20001ffc   Data          72  calculatethread.o(.bss.right_front_6020_speed_pid)
    robot_energy_t                           0x20002044   Data           2  refereebehaviour.o(.bss.robot_energy_t)
    robot_hurt_t                             0x20002046   Data           1  refereebehaviour.o(.bss.robot_hurt_t)
    robot_information                        0x20002048   Data           6  refereebehaviour.o(.bss.robot_information)
    robot_state                              0x2000204e   Data          13  refereebehaviour.o(.bss.robot_state)
    rune                                     0x2000205b   Data          45  uithread.o(.bss.rune)
    rx_data                                  0x20002088   Data           8  interruptservice.o(.bss.rx_data)
    rx_header                                0x20002090   Data          28  interruptservice.o(.bss.rx_header)
    shoot_data_t                             0x20002100   Data           7  refereebehaviour.o(.bss.shoot_data_t)
    shoot_mode                               0x20002107   Data           1  uithread.o(.bss.shoot_mode)
    speed                                    0x20002108   Data          16  calculatethread.o(.bss.speed)
    stop_countdown                           0x20002118   Data           2  calculatethread.o(.bss.stop_countdown)
    stop_flag                                0x2000211a   Data           1  calculatethread.o(.bss.stop_flag)
    student_interactive_data_t               0x2000211c   Data           6  refereebehaviour.o(.bss.student_interactive_data_t)
    supply_projectile_action_t               0x20002122   Data           4  refereebehaviour.o(.bss.supply_projectile_action_t)
    supply_projectile_booking_t              0x20002126   Data           3  refereebehaviour.o(.bss.supply_projectile_booking_t)
    top                                      0x20002129   Data           1  client_ui.o(.bss.top)
    usart6_buf                               0x20009930   Data        1024  refereethread.o(.bss.usart6_buf)
    uwTick                                   0x20009d30   Data           4  stm32f4xx_hal.o(.bss.uwTick)
    v_gain                                   0x20009d48   Data           4  calculatethread.o(.bss.v_gain)
    vx_last                                  0x20009d4c   Data           4  calculatethread.o(.bss.vx_last)
    vy_last                                  0x20009d50   Data           4  calculatethread.o(.bss.vy_last)
    wheel_angle_1                            0x20009d54   Data          16  calculatethread.o(.bss.wheel_angle_1)
    wheel_angle_2                            0x20009d64   Data          16  calculatethread.o(.bss.wheel_angle_2)
    wheel_angle_3                            0x20009d74   Data          16  calculatethread.o(.bss.wheel_angle_3)
    wheel_angle_4                            0x20009d84   Data          16  calculatethread.o(.bss.wheel_angle_4)
    x1                                       0x20009d94   Data          15  uithread.o(.bss.x1)
    x13                                      0x20009da3   Data          15  uithread.o(.bss.x13)
    x14                                      0x20009db2   Data          15  uithread.o(.bss.x14)
    x6                                       0x20009dc1   Data          15  uithread.o(.bss.x6)
    __initial_sp                             0x2000e0c0   Data           0  startup_stm32f407xx.o(STACK)



==============================================================================

Memory Map of the image

  Image Entry point : 0x08000189

  Load Region LR_IROM1 (Base: 0x08000000, Size: 0x000182b0, Max: 0x00100000, ABSOLUTE)

    Execution Region ER_IROM1 (Exec base: 0x08000000, Load base: 0x08000000, Size: 0x000181a0, Max: 0x00100000, ABSOLUTE)

    Exec Addr    Load Addr    Size         Type   Attr      Idx    E Section Name        Object

    0x08000000   0x08000000   0x00000188   Data   RO            3    RESET               startup_stm32f407xx.o
    0x08000188   0x08000188   0x00000000   Code   RO         2730  * .ARM.Collect$$$$00000000  mc_w.l(entry.o)
    0x08000188   0x08000188   0x00000004   Code   RO         2844    .ARM.Collect$$$$00000001  mc_w.l(entry2.o)
    0x0800018c   0x0800018c   0x00000004   Code   RO         2847    .ARM.Collect$$$$00000004  mc_w.l(entry5.o)
    0x08000190   0x08000190   0x00000000   Code   RO         2849    .ARM.Collect$$$$00000008  mc_w.l(entry7b.o)
    0x08000190   0x08000190   0x00000000   Code   RO         2851    .ARM.Collect$$$$0000000A  mc_w.l(entry8b.o)
    0x08000190   0x08000190   0x00000008   Code   RO         2852    .ARM.Collect$$$$0000000B  mc_w.l(entry9a.o)
    0x08000198   0x08000198   0x00000000   Code   RO         2854    .ARM.Collect$$$$0000000D  mc_w.l(entry10a.o)
    0x08000198   0x08000198   0x00000000   Code   RO         2856    .ARM.Collect$$$$0000000F  mc_w.l(entry11a.o)
    0x08000198   0x08000198   0x00000004   Code   RO         2845    .ARM.Collect$$$$00002712  mc_w.l(entry2.o)
    0x0800019c   0x0800019c   0x00000024   Code   RO            4    .text               startup_stm32f407xx.o
    0x080001c0   0x080001c0   0x00000062   Code   RO         2733    .text               mc_w.l(uldiv.o)
    0x08000222   0x08000222   0x00000024   Code   RO         2735    .text               mc_w.l(memcpya.o)
    0x08000246   0x08000246   0x00000024   Code   RO         2737    .text               mc_w.l(memseta.o)
    0x0800026a   0x0800026a   0x0000014e   Code   RO         2769    .text               mf_w.l(dadd.o)
    0x080003b8   0x080003b8   0x000000e4   Code   RO         2771    .text               mf_w.l(dmul.o)
    0x0800049c   0x0800049c   0x000000de   Code   RO         2773    .text               mf_w.l(ddiv.o)
    0x0800057a   0x0800057a   0x00000036   Code   RO         2775    .text               mf_w.l(dcmple.o)
    0x080005b0   0x080005b0   0x00000036   Code   RO         2777    .text               mf_w.l(dcmpge.o)
    0x080005e6   0x080005e6   0x00000036   Code   RO         2779    .text               mf_w.l(dcmpgt.o)
    0x0800061c   0x0800061c   0x00000022   Code   RO         2781    .text               mf_w.l(dflti.o)
    0x0800063e   0x0800063e   0x0000003e   Code   RO         2783    .text               mf_w.l(dfixi.o)
    0x0800067c   0x0800067c   0x00000026   Code   RO         2785    .text               mf_w.l(f2d.o)
    0x080006a2   0x080006a2   0x00000038   Code   RO         2787    .text               mf_w.l(d2f.o)
    0x080006da   0x080006da   0x0000001e   Code   RO         2858    .text               mc_w.l(llshl.o)
    0x080006f8   0x080006f8   0x00000020   Code   RO         2860    .text               mc_w.l(llushr.o)
    0x08000718   0x08000718   0x00000024   Code   RO         2862    .text               mc_w.l(llsshr.o)
    0x0800073c   0x0800073c   0x00000000   Code   RO         2873    .text               mc_w.l(iusefp.o)
    0x0800073c   0x0800073c   0x0000006e   Code   RO         2874    .text               mf_w.l(fepilogue.o)
    0x080007aa   0x080007aa   0x000000ba   Code   RO         2876    .text               mf_w.l(depilogue.o)
    0x08000864   0x08000864   0x000000a2   Code   RO         2880    .text               mf_w.l(dsqrt.o)
    0x08000906   0x08000906   0x00000002   PAD
    0x08000908   0x08000908   0x00000030   Code   RO         2882    .text               mf_w.l(cdcmple.o)
    0x08000938   0x08000938   0x00000024   Code   RO         2888    .text               mc_w.l(init.o)
    0x0800095c   0x0800095c   0x0000001a   Code   RO         2890    .text               mf_w.l(dfltui.o)
    0x08000976   0x08000976   0x00000002   PAD
    0x08000978   0x08000978   0x00000108   Code   RO         2019    .text.Angle_Speed_calc  calculatethread.o
    0x08000a80   0x08000a80   0x000000b8   Code   RO         2230    .text.BMI088_accel_read_over  bmi088driver.o
    0x08000b38   0x08000b38   0x000000ec   Code   RO         2232    .text.BMI088_gyro_read_over  bmi088driver.o
    0x08000c24   0x08000c24   0x00000056   Code   RO         2228    .text.BMI088_temperature_read_over  bmi088driver.o
    0x08000c7a   0x08000c7a   0x00000002   PAD
    0x08000c7c   0x08000c7c   0x00000004   Code   RO          169    .text.BusFault_Handler  stm32f4xx_it.o
    0x08000c80   0x08000c80   0x00000010   Code   RO          179    .text.CAN1_RX0_IRQHandler  stm32f4xx_it.o
    0x08000c90   0x08000c90   0x00000010   Code   RO          193    .text.CAN2_RX0_IRQHandler  stm32f4xx_it.o
    0x08000ca0   0x08000ca0   0x00000044   Code   RO         2482    .text.CMS_BUFFER_SEND  cms.o
    0x08000ce4   0x08000ce4   0x00000074   Code   RO         2484    .text.CMS_POWER_SEND  cms.o
    0x08000d58   0x08000d58   0x000000da   Code   RO         2023    .text.CMS__         calculatethread.o
    0x08000e32   0x08000e32   0x00000002   PAD
    0x08000e34   0x08000e34   0x000000d0   Code   RO         2005    .text.CalculateThread  calculatethread.o
    0x08000f04   0x08000f04   0x00000054   Code   RO         1824    .text.CanSendMessage  bsp_can.o
    0x08000f58   0x08000f58   0x00000058   Code   RO         2109    .text.CanSendTask   cansendthread.o
    0x08000fb0   0x08000fb0   0x00000034   Code   RO         2111    .text.Can_Send      cansendthread.o
    0x08000fe4   0x08000fe4   0x000001ec   Code   RO         2366    .text.Char_Draw     client_ui.o
    0x080011d0   0x080011d0   0x000002b6   Code   RO         2370    .text.Char_ReFresh  client_ui.o
    0x08001486   0x08001486   0x00000002   PAD
    0x08001488   0x08001488   0x00001700   Code   RO         2017    .text.ChassisCommandUpdate  calculatethread.o
    0x08002b88   0x08002b88   0x00000192   Code   RO         2021    .text.ChassisCurrentUpdate  calculatethread.o
    0x08002d1a   0x08002d1a   0x00000002   PAD
    0x08002d1c   0x08002d1c   0x0000015e   Code   RO         2013    .text.ChassisInfUpdate  calculatethread.o
    0x08002e7a   0x08002e7a   0x00000002   PAD
    0x08002e7c   0x08002e7c   0x00000280   Code   RO         2011    .text.ChassisInit   calculatethread.o
    0x080030fc   0x080030fc   0x000000ce   Code   RO         2015    .text.ChassisModeUpdate  calculatethread.o
    0x080031ca   0x080031ca   0x00000002   PAD
    0x080031cc   0x080031cc   0x000000f4   Code   RO         2391    .text.Chassis_Control  feet_motor.o
    0x080032c0   0x080032c0   0x00000040   Code   RO         1965    .text.CommuniteOfflineCounterUpdate  interruptservice.o
    0x08003300   0x08003300   0x0000008c   Code   RO         1967    .text.CommuniteOfflineStateUpdate  interruptservice.o
    0x0800338c   0x0800338c   0x00000010   Code   RO          177    .text.DMA1_Stream1_IRQHandler  stm32f4xx_it.o
    0x0800339c   0x0800339c   0x000010d2   Code   RO         1922    .text.DMA2_Stream0_IRQHandler  attitudethread.o
    0x0800446e   0x0800446e   0x00000002   PAD
    0x08004470   0x08004470   0x00000010   Code   RO          187    .text.DMA2_Stream1_IRQHandler  stm32f4xx_it.o
    0x08004480   0x08004480   0x00000010   Code   RO          189    .text.DMA2_Stream2_IRQHandler  stm32f4xx_it.o
    0x08004490   0x08004490   0x00000010   Code   RO          191    .text.DMA2_Stream3_IRQHandler  stm32f4xx_it.o
    0x080044a0   0x080044a0   0x00000010   Code   RO          195    .text.DMA2_Stream6_IRQHandler  stm32f4xx_it.o
    0x080044b0   0x080044b0   0x00000010   Code   RO          197    .text.DMA2_Stream7_IRQHandler  stm32f4xx_it.o
    0x080044c0   0x080044c0   0x00000056   Code   RO          485    .text.DMA_CalcBaseAndBitshift  stm32f4xx_hal_dma.o
    0x08004516   0x08004516   0x00000002   PAD
    0x08004518   0x08004518   0x000000f0   Code   RO          483    .text.DMA_CheckFifoParam  stm32f4xx_hal_dma.o
    0x08004608   0x08004608   0x00000002   Code   RO          173    .text.DebugMon_Handler  stm32f4xx_it.o
    0x0800460a   0x0800460a   0x00000002   PAD
    0x0800460c   0x0800460c   0x0000001e   Code   RO         1975    .text.DeviceOfflineMonitorUpdate  interruptservice.o
    0x0800462a   0x0800462a   0x00000002   PAD
    0x0800462c   0x0800462c   0x0000000a   Code   RO          175    .text.EXTI4_IRQHandler  stm32f4xx_it.o
    0x08004636   0x08004636   0x00000002   PAD
    0x08004638   0x08004638   0x0000000a   Code   RO          181    .text.EXTI9_5_IRQHandler  stm32f4xx_it.o
    0x08004642   0x08004642   0x00000002   PAD
    0x08004644   0x08004644   0x00000092   Code   RO         2419    .text.EnQueue       refereebehaviour.o
    0x080046d6   0x080046d6   0x00000002   PAD
    0x080046d8   0x080046d8   0x0000000e   Code   RO           15    .text.Error_Handler  main.o
    0x080046e6   0x080046e6   0x00000002   PAD
    0x080046e8   0x080046e8   0x00000032   Code   RO         2532    .text.Fabs          user_lib.o
    0x0800471a   0x0800471a   0x00000002   PAD
    0x0800471c   0x0800471c   0x0000017c   Code   RO         2364    .text.Float_Draw    client_ui.o
    0x08004898   0x08004898   0x00000066   Code   RO         2354    .text.Get_CRC16_Check_Sum_UI  client_ui.o
    0x080048fe   0x080048fe   0x00000002   PAD
    0x08004900   0x08004900   0x00000044   Code   RO         2352    .text.Get_CRC8_Check_Sum_UI  client_ui.o
    0x08004944   0x08004944   0x00000080   Code   RO         1916    .text.GimbalEulerSystemMeasureUpdate  attitudethread.o
    0x080049c4   0x080049c4   0x00000052   Code   RO          262    .text.HAL_CAN_ActivateNotification  stm32f4xx_hal_can.o
    0x08004a16   0x08004a16   0x00000002   PAD
    0x08004a18   0x08004a18   0x00000170   Code   RO          248    .text.HAL_CAN_AddTxMessage  stm32f4xx_hal_can.o
    0x08004b88   0x08004b88   0x000001a4   Code   RO          238    .text.HAL_CAN_ConfigFilter  stm32f4xx_hal_can.o
    0x08004d2c   0x08004d2c   0x00000008   Code   RO          292    .text.HAL_CAN_ErrorCallback  stm32f4xx_hal_can.o
    0x08004d34   0x08004d34   0x000001f0   Code   RO          258    .text.HAL_CAN_GetRxMessage  stm32f4xx_hal_can.o
    0x08004f24   0x08004f24   0x000003f2   Code   RO          266    .text.HAL_CAN_IRQHandler  stm32f4xx_hal_can.o
    0x08005316   0x08005316   0x00000002   PAD
    0x08005318   0x08005318   0x000001de   Code   RO          228    .text.HAL_CAN_Init  stm32f4xx_hal_can.o
    0x080054f6   0x080054f6   0x00000002   PAD
    0x080054f8   0x080054f8   0x00000184   Code   RO           65    .text.HAL_CAN_MspInit  can.o
    0x0800567c   0x0800567c   0x00000008   Code   RO          280    .text.HAL_CAN_RxFifo0FullCallback  stm32f4xx_hal_can.o
    0x08005684   0x08005684   0x000003b8   Code   RO         1953    .text.HAL_CAN_RxFifo0MsgPendingCallback  interruptservice.o
    0x08005a3c   0x08005a3c   0x00000008   Code   RO          284    .text.HAL_CAN_RxFifo1FullCallback  stm32f4xx_hal_can.o
    0x08005a44   0x08005a44   0x00000008   Code   RO          286    .text.HAL_CAN_RxFifo1MsgPendingCallback  stm32f4xx_hal_can.o
    0x08005a4c   0x08005a4c   0x00000008   Code   RO          288    .text.HAL_CAN_SleepCallback  stm32f4xx_hal_can.o
    0x08005a54   0x08005a54   0x0000008a   Code   RO          240    .text.HAL_CAN_Start  stm32f4xx_hal_can.o
    0x08005ade   0x08005ade   0x00000002   PAD
    0x08005ae0   0x08005ae0   0x00000008   Code   RO          270    .text.HAL_CAN_TxMailbox0AbortCallback  stm32f4xx_hal_can.o
    0x08005ae8   0x08005ae8   0x00000008   Code   RO          268    .text.HAL_CAN_TxMailbox0CompleteCallback  stm32f4xx_hal_can.o
    0x08005af0   0x08005af0   0x00000008   Code   RO          274    .text.HAL_CAN_TxMailbox1AbortCallback  stm32f4xx_hal_can.o
    0x08005af8   0x08005af8   0x00000008   Code   RO          272    .text.HAL_CAN_TxMailbox1CompleteCallback  stm32f4xx_hal_can.o
    0x08005b00   0x08005b00   0x00000008   Code   RO          278    .text.HAL_CAN_TxMailbox2AbortCallback  stm32f4xx_hal_can.o
    0x08005b08   0x08005b08   0x00000008   Code   RO          276    .text.HAL_CAN_TxMailbox2CompleteCallback  stm32f4xx_hal_can.o
    0x08005b10   0x08005b10   0x00000008   Code   RO          290    .text.HAL_CAN_WakeUpFromRxMsgCallback  stm32f4xx_hal_can.o
    0x08005b18   0x08005b18   0x000000ec   Code   RO          495    .text.HAL_DMA_Abort  stm32f4xx_hal_dma.o
    0x08005c04   0x08005c04   0x00000044   Code   RO          497    .text.HAL_DMA_Abort_IT  stm32f4xx_hal_dma.o
    0x08005c48   0x08005c48   0x0000031e   Code   RO          501    .text.HAL_DMA_IRQHandler  stm32f4xx_hal_dma.o
    0x08005f66   0x08005f66   0x00000002   PAD
    0x08005f68   0x08005f68   0x0000016e   Code   RO          481    .text.HAL_DMA_Init  stm32f4xx_hal_dma.o
    0x080060d6   0x080060d6   0x00000002   PAD
    0x080060d8   0x080060d8   0x00000042   Code   RO          670    .text.HAL_Delay     stm32f4xx_hal.o
    0x0800611a   0x0800611a   0x00000002   PAD
    0x0800611c   0x0800611c   0x0000007e   Code   RO         1918    .text.HAL_GPIO_EXTI_Callback  attitudethread.o
    0x0800619a   0x0800619a   0x00000002   PAD
    0x0800619c   0x0800619c   0x00000038   Code   RO          455    .text.HAL_GPIO_EXTI_IRQHandler  stm32f4xx_hal_gpio.o
    0x080061d4   0x080061d4   0x000003b6   Code   RO          443    .text.HAL_GPIO_Init  stm32f4xx_hal_gpio.o
    0x0800658a   0x0800658a   0x00000002   PAD
    0x0800658c   0x0800658c   0x0000002e   Code   RO          449    .text.HAL_GPIO_WritePin  stm32f4xx_hal_gpio.o
    0x080065ba   0x080065ba   0x00000002   PAD
    0x080065bc   0x080065bc   0x0000000c   Code   RO          662    .text.HAL_GetTick   stm32f4xx_hal.o
    0x080065c8   0x080065c8   0x0000001a   Code   RO          660    .text.HAL_IncTick   stm32f4xx_hal.o
    0x080065e2   0x080065e2   0x00000002   PAD
    0x080065e4   0x080065e4   0x00000036   Code   RO          650    .text.HAL_Init      stm32f4xx_hal.o
    0x0800661a   0x0800661a   0x00000002   PAD
    0x0800661c   0x0800661c   0x000000f0   Code   RO          214    .text.HAL_InitTick  stm32f4xx_hal_timebase_tim.o
    0x0800670c   0x0800670c   0x00000058   Code   RO          206    .text.HAL_MspInit   stm32f4xx_hal_msp.o
    0x08006764   0x08006764   0x00000014   Code   RO          591    .text.HAL_NVIC_EnableIRQ  stm32f4xx_hal_cortex.o
    0x08006778   0x08006778   0x00000032   Code   RO          583    .text.HAL_NVIC_SetPriority  stm32f4xx_hal_cortex.o
    0x080067aa   0x080067aa   0x00000002   PAD
    0x080067ac   0x080067ac   0x00000010   Code   RO          579    .text.HAL_NVIC_SetPriorityGrouping  stm32f4xx_hal_cortex.o
    0x080067bc   0x080067bc   0x00000262   Code   RO          311    .text.HAL_RCC_ClockConfig  stm32f4xx_hal_rcc.o
    0x08006a1e   0x08006a1e   0x00000002   PAD
    0x08006a20   0x08006a20   0x00000054   Code   RO          329    .text.HAL_RCC_GetClockConfig  stm32f4xx_hal_rcc.o
    0x08006a74   0x08006a74   0x0000000c   Code   RO          321    .text.HAL_RCC_GetHCLKFreq  stm32f4xx_hal_rcc.o
    0x08006a80   0x08006a80   0x00000022   Code   RO          323    .text.HAL_RCC_GetPCLK1Freq  stm32f4xx_hal_rcc.o
    0x08006aa2   0x08006aa2   0x00000002   PAD
    0x08006aa4   0x08006aa4   0x00000022   Code   RO          325    .text.HAL_RCC_GetPCLK2Freq  stm32f4xx_hal_rcc.o
    0x08006ac6   0x08006ac6   0x00000002   PAD
    0x08006ac8   0x08006ac8   0x000000e6   Code   RO          313    .text.HAL_RCC_GetSysClockFreq  stm32f4xx_hal_rcc.o
    0x08006bae   0x08006bae   0x00000002   PAD
    0x08006bb0   0x08006bb0   0x000006be   Code   RO          309    .text.HAL_RCC_OscConfig  stm32f4xx_hal_rcc.o
    0x0800726e   0x0800726e   0x00000002   PAD
    0x08007270   0x08007270   0x00000100   Code   RO          739    .text.HAL_SPI_Init  stm32f4xx_hal_spi.o
    0x08007370   0x08007370   0x00000194   Code   RO           89    .text.HAL_SPI_MspInit  spi.o
    0x08007504   0x08007504   0x00000008   Code   RO         1179    .text.HAL_TIMEx_BreakCallback  stm32f4xx_hal_tim_ex.o
    0x0800750c   0x0800750c   0x00000008   Code   RO         1175    .text.HAL_TIMEx_CommutCallback  stm32f4xx_hal_tim_ex.o
    0x08007514   0x08007514   0x000000b2   Code   RO         1171    .text.HAL_TIMEx_ConfigBreakDeadTime  stm32f4xx_hal_tim_ex.o
    0x080075c6   0x080075c6   0x00000002   PAD
    0x080075c8   0x080075c8   0x00000122   Code   RO         1169    .text.HAL_TIMEx_MasterConfigSynchronization  stm32f4xx_hal_tim_ex.o
    0x080076ea   0x080076ea   0x00000002   PAD
    0x080076ec   0x080076ec   0x0000009c   Code   RO          856    .text.HAL_TIM_Base_Init  stm32f4xx_hal_tim.o
    0x08007788   0x08007788   0x000001d6   Code   RO          119    .text.HAL_TIM_Base_MspInit  tim.o
    0x0800795e   0x0800795e   0x00000002   PAD
    0x08007960   0x08007960   0x000000f6   Code   RO          870    .text.HAL_TIM_Base_Start_IT  stm32f4xx_hal_tim.o
    0x08007a56   0x08007a56   0x00000002   PAD
    0x08007a58   0x08007a58   0x00000184   Code   RO         1048    .text.HAL_TIM_ConfigClockSource  stm32f4xx_hal_tim.o
    0x08007bdc   0x08007bdc   0x00000008   Code   RO          992    .text.HAL_TIM_IC_CaptureCallback  stm32f4xx_hal_tim.o
    0x08007be4   0x08007be4   0x0000027a   Code   RO          990    .text.HAL_TIM_IRQHandler  stm32f4xx_hal_tim.o
    0x08007e5e   0x08007e5e   0x00000002   PAD
    0x08007e60   0x08007e60   0x0000016a   Code   RO          105    .text.HAL_TIM_MspPostInit  tim.o
    0x08007fca   0x08007fca   0x00000002   PAD
    0x08007fcc   0x08007fcc   0x00000008   Code   RO          994    .text.HAL_TIM_OC_DelayElapsedCallback  stm32f4xx_hal_tim.o
    0x08007fd4   0x08007fd4   0x00000142   Code   RO         1022    .text.HAL_TIM_PWM_ConfigChannel  stm32f4xx_hal_tim.o
    0x08008116   0x08008116   0x00000002   PAD
    0x08008118   0x08008118   0x0000009c   Code   RO          910    .text.HAL_TIM_PWM_Init  stm32f4xx_hal_tim.o
    0x080081b4   0x080081b4   0x00000008   Code   RO          912    .text.HAL_TIM_PWM_MspInit  stm32f4xx_hal_tim.o
    0x080081bc   0x080081bc   0x00000008   Code   RO          996    .text.HAL_TIM_PWM_PulseFinishedCallback  stm32f4xx_hal_tim.o
    0x080081c4   0x080081c4   0x000001ca   Code   RO          918    .text.HAL_TIM_PWM_Start  stm32f4xx_hal_tim.o
    0x0800838e   0x0800838e   0x00000002   PAD
    0x08008390   0x08008390   0x00000046   Code   RO         2113    .text.HAL_TIM_PeriodElapsedCallback  cansendthread.o
    0x080083d6   0x080083d6   0x00000002   PAD
    0x080083d8   0x080083d8   0x00000008   Code   RO         1000    .text.HAL_TIM_TriggerCallback  stm32f4xx_hal_tim.o
    0x080083e0   0x080083e0   0x0000000c   Code   RO         1282    .text.HAL_UARTEx_RxEventCallback  stm32f4xx_hal_uart.o
    0x080083ec   0x080083ec   0x00000008   Code   RO         1280    .text.HAL_UART_ErrorCallback  stm32f4xx_hal_uart.o
    0x080083f4   0x080083f4   0x0000041e   Code   RO         1274    .text.HAL_UART_IRQHandler  stm32f4xx_hal_uart.o
    0x08008812   0x08008812   0x00000002   PAD
    0x08008814   0x08008814   0x0000009a   Code   RO         1192    .text.HAL_UART_Init  stm32f4xx_hal_uart.o
    0x080088ae   0x080088ae   0x00000002   PAD
    0x080088b0   0x080088b0   0x000003d0   Code   RO          143    .text.HAL_UART_MspInit  usart.o
    0x08008c80   0x08008c80   0x00000008   Code   RO         1292    .text.HAL_UART_RxCpltCallback  stm32f4xx_hal_uart.o
    0x08008c88   0x08008c88   0x00000008   Code   RO         1288    .text.HAL_UART_TxCpltCallback  stm32f4xx_hal_uart.o
    0x08008c90   0x08008c90   0x00000004   Code   RO          165    .text.HardFault_Handler  stm32f4xx_it.o
    0x08008c94   0x08008c94   0x00000026   Code   RO         2435    .text.IsEmpty       refereebehaviour.o
    0x08008cba   0x08008cba   0x00000002   PAD
    0x08008cbc   0x08008cbc   0x0000002a   Code   RO         2433    .text.IsFull        refereebehaviour.o
    0x08008ce6   0x08008ce6   0x00000002   PAD
    0x08008ce8   0x08008ce8   0x0000019e   Code   RO         2356    .text.Line_Draw     client_ui.o
    0x08008e86   0x08008e86   0x00000002   PAD
    0x08008e88   0x08008e88   0x0000004e   Code   RO           61    .text.MX_CAN1_Init  can.o
    0x08008ed6   0x08008ed6   0x00000002   PAD
    0x08008ed8   0x08008ed8   0x0000004e   Code   RO           63    .text.MX_CAN2_Init  can.o
    0x08008f26   0x08008f26   0x00000002   PAD
    0x08008f28   0x08008f28   0x000000ce   Code   RO           79    .text.MX_DMA_Init   dma.o
    0x08008ff6   0x08008ff6   0x00000002   PAD
    0x08008ff8   0x08008ff8   0x00000140   Code   RO           35    .text.MX_FREERTOS_Init  freertos.o
    0x08009138   0x08009138   0x00000236   Code   RO           25    .text.MX_GPIO_Init  gpio.o
    0x0800936e   0x0800936e   0x00000002   PAD
    0x08009370   0x08009370   0x00000052   Code   RO           87    .text.MX_SPI1_Init  spi.o
    0x080093c2   0x080093c2   0x00000002   PAD
    0x080093c4   0x080093c4   0x0000008e   Code   RO          117    .text.MX_TIM10_Init  tim.o
    0x08009452   0x08009452   0x00000002   PAD
    0x08009454   0x08009454   0x0000016e   Code   RO          103    .text.MX_TIM1_Init  tim.o
    0x080095c2   0x080095c2   0x00000002   PAD
    0x080095c4   0x080095c4   0x00000084   Code   RO          107    .text.MX_TIM3_Init  tim.o
    0x08009648   0x08009648   0x00000084   Code   RO          109    .text.MX_TIM4_Init  tim.o
    0x080096cc   0x080096cc   0x00000084   Code   RO          111    .text.MX_TIM5_Init  tim.o
    0x08009750   0x08009750   0x0000005a   Code   RO          113    .text.MX_TIM6_Init  tim.o
    0x080097aa   0x080097aa   0x00000002   PAD
    0x080097ac   0x080097ac   0x00000156   Code   RO          115    .text.MX_TIM8_Init  tim.o
    0x08009902   0x08009902   0x00000002   PAD
    0x08009904   0x08009904   0x00000040   Code   RO          137    .text.MX_USART1_UART_Init  usart.o
    0x08009944   0x08009944   0x00000048   Code   RO          139    .text.MX_USART3_UART_Init  usart.o
    0x0800998c   0x0800998c   0x00000040   Code   RO          141    .text.MX_USART6_UART_Init  usart.o
    0x080099cc   0x080099cc   0x00000004   Code   RO          167    .text.MemManage_Handler  stm32f4xx_it.o
    0x080099d0   0x080099d0   0x000003e0   Code   RO         2393    .text.MotorProcess  feet_motor.o
    0x08009db0   0x08009db0   0x00000004   Code   RO          163    .text.NMI_Handler   stm32f4xx_it.o
    0x08009db4   0x08009db4   0x0000006c   Code   RO          589    .text.NVIC_EncodePriority  stm32f4xx_hal_cortex.o
    0x08009e20   0x08009e20   0x0000024c   Code   RO         2582    .text.PID_calc      pid.o
    0x0800a06c   0x0800a06c   0x00000052   Code   RO         2578    .text.PID_init      pid.o
    0x0800a0be   0x0800a0be   0x00000002   PAD
    0x0800a0c0   0x0800a0c0   0x00000064   Code   RO         1806    .text.PendSV_Handler  port.o
    0x0800a124   0x0800a124   0x0000012c   Code   RO         2437    .text.Pop           refereebehaviour.o
    0x0800a250   0x0800a250   0x00000020   Code   RO         2431    .text.QueueInit     refereebehaviour.o
    0x0800a270   0x0800a270   0x000003a8   Code   RO         2007    .text.RefereeInfUpdate  calculatethread.o
    0x0800a618   0x0800a618   0x00000052   Code   RO         2125    .text.RefereeTask   refereethread.o
    0x0800a66a   0x0800a66a   0x00000002   PAD
    0x0800a66c   0x0800a66c   0x0000539e   Code   RO         1872    .text.SPI1_DMA_enable  bsp_spi.o
    0x0800fa0a   0x0800fa0a   0x00000006   PAD
    0x0800fa10   0x0800fa10   0x00000024   Code   RO         1790    .text.SVC_Handler   port.o
    0x0800fa34   0x0800fa34   0x00000010   Code   RO           37    .text.StartDefaultTask  freertos.o
    0x0800fa44   0x0800fa44   0x0000003c   Code   RO         1808    .text.SysTick_Handler  port.o
    0x0800fa80   0x0800fa80   0x000000bc   Code   RO           13    .text.SystemClock_Config  main.o
    0x0800fb3c   0x0800fb3c   0x00000012   Code   RO         1321    .text.SystemInit    system_stm32f4xx.o
    0x0800fb4e   0x0800fb4e   0x00000002   PAD
    0x0800fb50   0x0800fb50   0x00000014   Code   RO         1955    .text.TIM3_IRQHandler  interruptservice.o
    0x0800fb64   0x0800fb64   0x00000014   Code   RO         1959    .text.TIM4_IRQHandler  interruptservice.o
    0x0800fb78   0x0800fb78   0x00000014   Code   RO         1957    .text.TIM5_IRQHandler  interruptservice.o
    0x0800fb8c   0x0800fb8c   0x00000014   Code   RO         1961    .text.TIM6_DAC_IRQHandler  interruptservice.o
    0x0800fba0   0x0800fba0   0x00000010   Code   RO          185    .text.TIM7_IRQHandler  stm32f4xx_it.o
    0x0800fbb0   0x0800fbb0   0x0000019a   Code   RO          860    .text.TIM_Base_SetConfig  stm32f4xx_hal_tim.o
    0x0800fd4a   0x0800fd4a   0x00000002   PAD
    0x0800fd4c   0x0800fd4c   0x00000036   Code   RO          894    .text.TIM_CCxChannelCmd  stm32f4xx_hal_tim.o
    0x0800fd82   0x0800fd82   0x00000002   PAD
    0x0800fd84   0x0800fd84   0x00000034   Code   RO         1046    .text.TIM_ETR_SetConfig  stm32f4xx_hal_tim.o
    0x0800fdb8   0x0800fdb8   0x0000002a   Code   RO         1052    .text.TIM_ITRx_SetConfig  stm32f4xx_hal_tim.o
    0x0800fde2   0x0800fde2   0x00000002   PAD
    0x0800fde4   0x0800fde4   0x000000ea   Code   RO         1004    .text.TIM_OC1_SetConfig  stm32f4xx_hal_tim.o
    0x0800fece   0x0800fece   0x00000002   PAD
    0x0800fed0   0x0800fed0   0x000000f4   Code   RO         1006    .text.TIM_OC2_SetConfig  stm32f4xx_hal_tim.o
    0x0800ffc4   0x0800ffc4   0x000000f2   Code   RO         1008    .text.TIM_OC3_SetConfig  stm32f4xx_hal_tim.o
    0x080100b6   0x080100b6   0x00000002   PAD
    0x080100b8   0x080100b8   0x000000a4   Code   RO         1010    .text.TIM_OC4_SetConfig  stm32f4xx_hal_tim.o
    0x0801015c   0x0801015c   0x00000050   Code   RO         1050    .text.TIM_TI1_ConfigInputStage  stm32f4xx_hal_tim.o
    0x080101ac   0x080101ac   0x00000052   Code   RO         1054    .text.TIM_TI2_ConfigInputStage  stm32f4xx_hal_tim.o
    0x080101fe   0x080101fe   0x00000002   PAD
    0x08010200   0x08010200   0x0000000c   Code   RO         1963    .text.TimerTaskLoop1000Hz  interruptservice.o
    0x0801020c   0x0801020c   0x0000008e   Code   RO         1973    .text.TimerTaskLoop100Hz  interruptservice.o
    0x0801029a   0x0801029a   0x00000002   PAD
    0x0801029c   0x0801029c   0x00000002   Code   RO         1969    .text.TimerTaskLoop500Hz_1  interruptservice.o
    0x0801029e   0x0801029e   0x00000002   PAD
    0x080102a0   0x080102a0   0x00000002   Code   RO         1971    .text.TimerTaskLoop500Hz_2  interruptservice.o
    0x080102a2   0x080102a2   0x00000002   PAD
    0x080102a4   0x080102a4   0x00000020   Code   RO         1278    .text.UART_DMAAbortOnError  stm32f4xx_hal_uart.o
    0x080102c4   0x080102c4   0x00000094   Code   RO         1240    .text.UART_EndRxTransfer  stm32f4xx_hal_uart.o
    0x08010358   0x08010358   0x00000026   Code   RO         1286    .text.UART_EndTransmit_IT  stm32f4xx_hal_uart.o
    0x0801037e   0x0801037e   0x00000002   PAD
    0x08010380   0x08010380   0x00000164   Code   RO         1276    .text.UART_Receive_IT  stm32f4xx_hal_uart.o
    0x080104e4   0x080104e4   0x0000013a   Code   RO         1196    .text.UART_SetConfig  stm32f4xx_hal_uart.o
    0x0801061e   0x0801061e   0x00000002   PAD
    0x08010620   0x08010620   0x00000094   Code   RO         1284    .text.UART_Transmit_IT  stm32f4xx_hal_uart.o
    0x080106b4   0x080106b4   0x00002646   Code   RO         2148    .text.UI            uithread.o
    0x08012cfa   0x08012cfa   0x00000002   PAD
    0x08012cfc   0x08012cfc   0x000002fc   Code   RO         2368    .text.UI_ReFresh    client_ui.o
    0x08012ff8   0x08012ff8   0x000000d2   Code   RO         2348    .text.UImessage_add  client_ui.o
    0x080130ca   0x080130ca   0x00000002   PAD
    0x080130cc   0x080130cc   0x00000010   Code   RO          183    .text.USART1_IRQHandler  stm32f4xx_it.o
    0x080130dc   0x080130dc   0x0000012a   Code   RO         2281    .text.USART3_IRQHandler  remote.o
    0x08013206   0x08013206   0x00000002   PAD
    0x08013208   0x08013208   0x0000013e   Code   RO         2129    .text.USART6_IRQHandler  refereethread.o
    0x08013346   0x08013346   0x00000002   PAD
    0x08013348   0x08013348   0x00000004   Code   RO          171    .text.UsageFault_Handler  stm32f4xx_it.o
    0x0801334c   0x0801334c   0x00000030   Code   RO          593    .text.__NVIC_EnableIRQ  stm32f4xx_hal_cortex.o
    0x0801337c   0x0801337c   0x00000010   Code   RO          585    .text.__NVIC_GetPriorityGrouping  stm32f4xx_hal_cortex.o
    0x0801338c   0x0801338c   0x00000042   Code   RO          587    .text.__NVIC_SetPriority  stm32f4xx_hal_cortex.o
    0x080133ce   0x080133ce   0x00000002   PAD
    0x080133d0   0x080133d0   0x0000003c   Code   RO          581    .text.__NVIC_SetPriorityGrouping  stm32f4xx_hal_cortex.o
    0x0801340c   0x0801340c   0x00000064   Code   RO         1822    .text.can_filter_init  bsp_can.o
    0x08013470   0x08013470   0x0000085a   Code   RO         2009    .text.chassis_powerloop  calculatethread.o
    0x08013cca   0x08013cca   0x00000002   PAD
    0x08013ccc   0x08013ccc   0x0000003e   Code   RO         1835    .text.delay_init    bsp_delay.o
    0x08013d0a   0x08013d0a   0x00000002   PAD
    0x08013d0c   0x08013d0c   0x00000064   Code   RO         2634    .text.fifo_s_get    fifo.o
    0x08013d70   0x08013d70   0x00000036   Code   RO         2624    .text.fifo_s_init   fifo.o
    0x08013da6   0x08013da6   0x00000002   PAD
    0x08013da8   0x08013da8   0x00000102   Code   RO         2630    .text.fifo_s_puts   fifo.o
    0x08013eaa   0x08013eaa   0x00000002   PAD
    0x08013eac   0x08013eac   0x0000000c   Code   RO         2648    .text.fifo_s_used   fifo.o
    0x08013eb8   0x08013eb8   0x00000026   Code   RO         2506    .text.first_order_filter_init  user_lib.o
    0x08013ede   0x08013ede   0x00000002   PAD
    0x08013ee0   0x08013ee0   0x00000066   Code   RO         2605    .text.get_CRC16_check_sum  crc8_crc16.o
    0x08013f46   0x08013f46   0x00000002   PAD
    0x08013f48   0x08013f48   0x00000044   Code   RO         2599    .text.get_CRC8_check_sum  crc8_crc16.o
    0x08013f8c   0x08013f8c   0x0000022a   Code   RO         1920    .text.imu_cmd_spi_dma  attitudethread.o
    0x080141b6   0x080141b6   0x00000002   PAD
    0x080141b8   0x080141b8   0x0000001a   Code   RO         1850    .text.imu_pwm_set   bsp_imu_pwm.o
    0x080141d2   0x080141d2   0x00000002   PAD
    0x080141d4   0x080141d4   0x000000d4   Code   RO         1924    .text.imu_temp_control  attitudethread.o
    0x080142a8   0x080142a8   0x000000ec   Code   RO         2415    .text.init_referee_struct_data  refereebehaviour.o
    0x08014394   0x08014394   0x0000005a   Code   RO         2488    .text.int16_to_float  cms.o
    0x080143ee   0x080143ee   0x00000002   PAD
    0x080143f0   0x080143f0   0x000000d4   Code   RO         2522    .text.loop_fp32_constrain  user_lib.o
    0x080144c4   0x080144c4   0x000000d0   Code   RO           11    .text.main          main.o
    0x08014594   0x08014594   0x00000028   Code   RO         1645    .text.makeFreeRtosPriority  cmsis_os.o
    0x080145bc   0x080145bc   0x00000028   Code   RO         1659    .text.osDelay       cmsis_os.o
    0x080145e4   0x080145e4   0x0000000c   Code   RO         1725    .text.osDelayUntil  cmsis_os.o
    0x080145f0   0x080145f0   0x0000000a   Code   RO         1635    .text.osKernelStart  cmsis_os.o
    0x080145fa   0x080145fa   0x00000002   PAD
    0x080145fc   0x080145fc   0x000000ac   Code   RO         1643    .text.osThreadCreate  cmsis_os.o
    0x080146a8   0x080146a8   0x000000f4   Code   RO         1519    .text.prvAddCurrentTaskToDelayedList  tasks.o
    0x0801479c   0x0801479c   0x00000110   Code   RO         1505    .text.prvAddNewTaskToReadyList  tasks.o
    0x080148ac   0x080148ac   0x0000005a   Code   RO         1603    .text.prvCheckTasksWaitingTermination  tasks.o
    0x08014906   0x08014906   0x00000002   PAD
    0x08014908   0x08014908   0x0000005e   Code   RO         1511    .text.prvDeleteTCB  tasks.o
    0x08014966   0x08014966   0x00000002   PAD
    0x08014968   0x08014968   0x000000bc   Code   RO         1757    .text.prvHeapInit   heap_4.o
    0x08014a24   0x08014a24   0x00000038   Code   RO         1541    .text.prvIdleTask   tasks.o
    0x08014a5c   0x08014a5c   0x00000114   Code   RO         1503    .text.prvInitialiseNewTask  tasks.o
    0x08014b70   0x08014b70   0x0000008e   Code   RO         1601    .text.prvInitialiseTaskLists  tasks.o
    0x08014bfe   0x08014bfe   0x00000002   PAD
    0x08014c00   0x08014c00   0x000000c6   Code   RO         1759    .text.prvInsertBlockIntoFreeList  heap_4.o
    0x08014cc6   0x08014cc6   0x00000002   PAD
    0x08014cc8   0x08014cc8   0x00000028   Code   RO         1798    .text.prvPortStartFirstTask  port.o
    0x08014cf0   0x08014cf0   0x00000046   Code   RO         1513    .text.prvResetNextTaskUnblockTime  tasks.o
    0x08014d36   0x08014d36   0x00000002   PAD
    0x08014d38   0x08014d38   0x0000004c   Code   RO         1788    .text.prvTaskExitError  port.o
    0x08014d84   0x08014d84   0x000001ec   Code   RO         1755    .text.pvPortMalloc  heap_4.o
    0x08014f70   0x08014f70   0x0000005e   Code   RO         1786    .text.pxPortInitialiseStack  port.o
    0x08014fce   0x08014fce   0x00000002   PAD
    0x08014fd0   0x08014fd0   0x00000390   Code   RO         2417    .text.referee_data_solve  refereebehaviour.o
    0x08015360   0x08015360   0x000001e4   Code   RO         2127    .text.referee_unpack_fifo_data  refereethread.o
    0x08015544   0x08015544   0x00000016   Code   RO         2285    .text.remote_control_init  remote.o
    0x0801555a   0x0801555a   0x00000002   PAD
    0x0801555c   0x0801555c   0x000001ae   Code   RO         2283    .text.sbus_to_rc    remote.o
    0x0801570a   0x0801570a   0x00000002   PAD
    0x0801570c   0x0801570c   0x00000030   Code   RO         2423    .text.send_bullet_limit  refereebehaviour.o
    0x0801573c   0x0801573c   0x000000b6   Code   RO         2429    .text.send_bullet_speed  refereebehaviour.o
    0x080157f2   0x080157f2   0x00000002   PAD
    0x080157f4   0x080157f4   0x00000052   Code   RO         2421    .text.send_game_status  refereebehaviour.o
    0x08015846   0x08015846   0x00000002   PAD
    0x08015848   0x08015848   0x00000088   Code   RO         2427    .text.send_power_heat_data  refereebehaviour.o
    0x080158d0   0x080158d0   0x0000005a   Code   RO         2425    .text.send_robot_information  refereebehaviour.o
    0x0801592a   0x0801592a   0x00000002   PAD
    0x0801592c   0x0801592c   0x000000a0   Code   RO         1881    .text.usart3_rx_dma_init  bsp_usart.o
    0x080159cc   0x080159cc   0x00000190   Code   RO         1891    .text.usart6_init   bsp_usart.o
    0x08015b5c   0x08015b5c   0x000000fe   Code   RO         1893    .text.usart6_tx_dma_enable  bsp_usart.o
    0x08015c5a   0x08015c5a   0x00000002   PAD
    0x08015c5c   0x08015c5c   0x00000048   Code   RO         1373    .text.uxListRemove  list.o
    0x08015ca4   0x08015ca4   0x0000002a   Code   RO           33    .text.vApplicationGetIdleTaskMemory  freertos.o
    0x08015cce   0x08015cce   0x00000002   PAD
    0x08015cd0   0x08015cd0   0x0000002e   Code   RO         1365    .text.vListInitialise  list.o
    0x08015cfe   0x08015cfe   0x00000002   PAD
    0x08015d00   0x08015d00   0x0000000e   Code   RO         1367    .text.vListInitialiseItem  list.o
    0x08015d0e   0x08015d0e   0x00000002   PAD
    0x08015d10   0x08015d10   0x0000006a   Code   RO         1371    .text.vListInsert   list.o
    0x08015d7a   0x08015d7a   0x00000002   PAD
    0x08015d7c   0x08015d7c   0x0000003a   Code   RO         1369    .text.vListInsertEnd  list.o
    0x08015db6   0x08015db6   0x00000002   PAD
    0x08015db8   0x08015db8   0x00000014   Code   RO         1796    .text.vPortEnableVFP  port.o
    0x08015dcc   0x08015dcc   0x00000056   Code   RO         1802    .text.vPortEnterCritical  port.o
    0x08015e22   0x08015e22   0x00000002   PAD
    0x08015e24   0x08015e24   0x0000004a   Code   RO         1804    .text.vPortExitCritical  port.o
    0x08015e6e   0x08015e6e   0x00000002   PAD
    0x08015e70   0x08015e70   0x000000ce   Code   RO         1761    .text.vPortFree     heap_4.o
    0x08015f3e   0x08015f3e   0x00000002   PAD
    0x08015f40   0x08015f40   0x00000044   Code   RO         1794    .text.vPortSetupTimerInterrupt  port.o
    0x08015f84   0x08015f84   0x0000006e   Code   RO         1515    .text.vTaskDelay    tasks.o
    0x08015ff2   0x08015ff2   0x00000002   PAD
    0x08015ff4   0x08015ff4   0x000000ce   Code   RO         1539    .text.vTaskStartScheduler  tasks.o
    0x080160c2   0x080160c2   0x00000002   PAD
    0x080160c4   0x080160c4   0x00000010   Code   RO         1517    .text.vTaskSuspendAll  tasks.o
    0x080160d4   0x080160d4   0x000000be   Code   RO         1531    .text.vTaskSwitchContext  tasks.o
    0x08016192   0x08016192   0x00000002   PAD
    0x08016194   0x08016194   0x0000007c   Code   RO         2607    .text.verify_CRC16_check_sum  crc8_crc16.o
    0x08016210   0x08016210   0x00000052   Code   RO         2601    .text.verify_CRC8_check_sum  crc8_crc16.o
    0x08016262   0x08016262   0x00000002   PAD
    0x08016264   0x08016264   0x00000156   Code   RO         1792    .text.xPortStartScheduler  port.o
    0x080163ba   0x080163ba   0x00000002   PAD
    0x080163bc   0x080163bc   0x0000009e   Code   RO         1507    .text.xTaskCreate   tasks.o
    0x0801645a   0x0801645a   0x00000002   PAD
    0x0801645c   0x0801645c   0x000000ce   Code   RO         1501    .text.xTaskCreateStatic  tasks.o
    0x0801652a   0x0801652a   0x00000002   PAD
    0x0801652c   0x0801652c   0x000001b8   Code   RO         1545    .text.xTaskIncrementTick  tasks.o
    0x080166e4   0x080166e4   0x00000178   Code   RO         1521    .text.xTaskResumeAll  tasks.o
    0x0801685c   0x0801685c   0x00000030   Code   RO         2884    i.__ARM_fpclassify  m_wm.l(fpclassify.o)
    0x0801688c   0x0801688c   0x00000004   PAD
    0x08016890   0x08016890   0x000002d8   Code   RO         2789    i.__hardfp_atan     m_wm.l(atan.o)
    0x08016b68   0x08016b68   0x00000200   Code   RO         2694    i.__hardfp_atan2    m_wm.l(atan2.o)
    0x08016d68   0x08016d68   0x000000c8   Code   RO         2706    i.__hardfp_cos      m_wm.l(cos.o)
    0x08016e30   0x08016e30   0x000000c8   Code   RO         2712    i.__hardfp_sin      m_wm.l(sin.o)
    0x08016ef8   0x08016ef8   0x0000007a   Code   RO         2718    i.__hardfp_sqrt     m_wm.l(sqrt.o)
    0x08016f72   0x08016f72   0x0000003a   Code   RO         2724    i.__hardfp_sqrtf    m_wm.l(sqrtf.o)
    0x08016fac   0x08016fac   0x00000004   PAD
    0x08016fb0   0x08016fb0   0x00000438   Code   RO         2836    i.__ieee754_rem_pio2  m_wm.l(rred.o)
    0x080173e8   0x080173e8   0x00000170   Code   RO         2796    i.__kernel_cos      m_wm.l(cos_i.o)
    0x08017558   0x08017558   0x000000f8   Code   RO         2886    i.__kernel_poly     m_wm.l(poly.o)
    0x08017650   0x08017650   0x00000130   Code   RO         2841    i.__kernel_sin      m_wm.l(sin_i.o)
    0x08017780   0x08017780   0x00000014   Code   RO         2800    i.__mathlib_dbl_infnan  m_wm.l(dunder.o)
    0x08017794   0x08017794   0x00000014   Code   RO         2801    i.__mathlib_dbl_infnan2  m_wm.l(dunder.o)
    0x080177a8   0x080177a8   0x00000020   Code   RO         2802    i.__mathlib_dbl_invalid  m_wm.l(dunder.o)
    0x080177c8   0x080177c8   0x00000020   Code   RO         2805    i.__mathlib_dbl_underflow  m_wm.l(dunder.o)
    0x080177e8   0x080177e8   0x0000000e   Code   RO         2894    i.__scatterload_copy  mc_w.l(handlers.o)
    0x080177f6   0x080177f6   0x00000002   Code   RO         2895    i.__scatterload_null  mc_w.l(handlers.o)
    0x080177f8   0x080177f8   0x0000000e   Code   RO         2896    i.__scatterload_zeroinit  mc_w.l(handlers.o)
    0x08017806   0x08017806   0x00000002   PAD
    0x08017808   0x08017808   0x0000000c   Code   RO         2868    i.__set_errno       mc_w.l(errno.o)
    0x08017814   0x08017814   0x00000010   Code   RO         2791    i.atan              m_wm.l(atan.o)
    0x08017824   0x08017824   0x00000018   Code   RO         2815    i.fabs              m_wm.l(fabs.o)
    0x0801783c   0x0801783c   0x00000004   PAD
    0x08017840   0x08017840   0x00000098   Data   RO         2792    .constdata          m_wm.l(atan.o)
    0x080178d8   0x080178d8   0x00000030   Data   RO         2797    .constdata          m_wm.l(cos_i.o)
    0x08017908   0x08017908   0x00000008   Data   RO         2835    .constdata          m_wm.l(qnan.o)
    0x08017910   0x08017910   0x000000cc   Data   RO         2838    .constdata          m_wm.l(rred.o)
    0x080179dc   0x080179dc   0x00000004   PAD
    0x080179e0   0x080179e0   0x00000028   Data   RO         2842    .constdata          m_wm.l(sin_i.o)
    0x08017a08   0x08017a08   0x0000001c   Data   RO           44    .rodata..L__const.MX_FREERTOS_Init.os_thread_def_Calculate  freertos.o
    0x08017a24   0x08017a24   0x0000001c   Data   RO           46    .rodata..L__const.MX_FREERTOS_Init.os_thread_def_CanSend  freertos.o
    0x08017a40   0x08017a40   0x0000001c   Data   RO           48    .rodata..L__const.MX_FREERTOS_Init.os_thread_def_GUI  freertos.o
    0x08017a5c   0x08017a5c   0x0000001c   Data   RO           50    .rodata..L__const.MX_FREERTOS_Init.os_thread_def_Referee  freertos.o
    0x08017a78   0x08017a78   0x0000001c   Data   RO           42    .rodata..L__const.MX_FREERTOS_Init.os_thread_def_defaultTask  freertos.o
    0x08017a94   0x08017a94   0x00000010   Data   RO         1326    .rodata.AHBPrescTable  system_stm32f4xx.o
    0x08017aa4   0x08017aa4   0x00000008   Data   RO         1327    .rodata.APBPrescTable  system_stm32f4xx.o
    0x08017aac   0x08017aac   0x00000100   Data   RO         2381    .rodata.CRC8_TAB_UI  client_ui.o
    0x08017bac   0x08017bac   0x00000100   Data   RO         2612    .rodata.CRC8_table  crc8_crc16.o
    0x08017cac   0x08017cac   0x00000008   Data   RO          511    .rodata.DMA_CalcBaseAndBitshift.flagBitshiftOffset  stm32f4xx_hal_dma.o
    0x08017cb4   0x08017cb4   0x0000002a   Data   RO           41    .rodata.str1.1      freertos.o
    0x08017cde   0x08017cde   0x00000005   Data   RO         1616    .rodata.str1.1      tasks.o
    0x08017ce3   0x08017ce3   0x0000009b   Data   RO         2160    .rodata.str1.1      uithread.o
    0x08017d7e   0x08017d7e   0x00000200   Data   RO         2383    .rodata.wCRC_Table_UI  client_ui.o
    0x08017f7e   0x08017f7e   0x00000200   Data   RO         2614    .rodata.wCRC_table  crc8_crc16.o
    0x0801817e   0x0801817e   0x00000002   PAD
    0x08018180   0x08018180   0x00000020   Data   RO         2893    Region$$Table       anon$$obj.o


    Execution Region RW_IRAM1 (Exec base: 0x20000000, Load base: 0x080181a0, Size: 0x0000e0c0, Max: 0x0001c000, ABSOLUTE)

    Exec Addr    Load Addr    Size         Type   Attr      Idx    E Section Name        Object

    0x20000000   0x080181a0   0x00000004   Data   RW         2869    .data               mc_w.l(errno.o)
    0x20000004   0x080181a4   0x00000010   Data   RW         2027    .data.Angle_zero_6020  calculatethread.o
    0x20000014   0x080181b4   0x00000004   Data   RW         2244    .data.BMI088_ACCEL_SEN  bmi088driver.o
    0x20000018   0x080181b8   0x00000004   Data   RW         2245    .data.BMI088_GYRO_SEN  bmi088driver.o
    0x2000001c   0x080181bc   0x00000002   Data   RW         2613    .data.CRC16_INIT    crc8_crc16.o
    0x2000001e   0x080181be   0x00000002   PAD
    0x20000020   0x080181c0   0x00000014   Data   RW         2028    .data.Direction     calculatethread.o
    0x20000034   0x080181d4   0x00000004   Data   RW         2029    .data.Maxspeed      calculatethread.o
    0x20000038   0x080181d8   0x00000004   Data   RW         2030    .data.Power_Max     calculatethread.o
    0x2000003c   0x080181dc   0x00000004   Data   RW         1325    .data.SystemCoreClock  system_stm32f4xx.o
    0x20000040   0x080181e0   0x00000009   Data   RW         1927    .data.accel_dma_tx_buf  attitudethread.o
    0x20000049   0x080181e9   0x00000004   Data   RW         1928    .data.accel_temp_dma_tx_buf  attitudethread.o
    0x2000004d   0x080181ed   0x00000003   PAD
    0x20000050   0x080181f0   0x0000000c   Data   RW         2040    .data.follow_PID    calculatethread.o
    0x2000005c   0x080181fc   0x0000000c   Data   RW         2039    .data.follow_yaw_PID  calculatethread.o
    0x20000068   0x08018208   0x00000008   Data   RW         1926    .data.gyro_dma_tx_buf  attitudethread.o
    0x20000070   0x08018210   0x00000004   Data   RW         2033    .data.kp            calculatethread.o
    0x20000074   0x08018214   0x0000000c   Data   RW         2052    .data.left_back_3508_PID  calculatethread.o
    0x20000080   0x08018220   0x0000000c   Data   RW         2048    .data.left_back_6020_position_PID  calculatethread.o
    0x2000008c   0x0801822c   0x0000000c   Data   RW         2044    .data.left_back_6020_speed_PID  calculatethread.o
    0x20000098   0x08018238   0x0000000c   Data   RW         2049    .data.left_front_3508_PID  calculatethread.o
    0x200000a4   0x08018244   0x0000000c   Data   RW         2045    .data.left_front_6020_position_PID  calculatethread.o
    0x200000b0   0x08018250   0x0000000c   Data   RW         2041    .data.left_front_6020_speed_PID  calculatethread.o
    0x200000bc   0x0801825c   0x0000000c   Data   RW         2051    .data.right_back_3508_PID  calculatethread.o
    0x200000c8   0x08018268   0x0000000c   Data   RW         2047    .data.right_back_6020_position_PID  calculatethread.o
    0x200000d4   0x08018274   0x0000000c   Data   RW         2043    .data.right_back_6020_speed_PID  calculatethread.o
    0x200000e0   0x08018280   0x0000000c   Data   RW         2050    .data.right_front_3508_PID  calculatethread.o
    0x200000ec   0x0801828c   0x0000000c   Data   RW         2046    .data.right_front_6020_position_PID  calculatethread.o
    0x200000f8   0x08018298   0x0000000c   Data   RW         2042    .data.right_front_6020_speed_PID  calculatethread.o
    0x20000104   0x080182a4   0x00000001   Data   RW          705    .data.uwTickFreq    stm32f4xx_hal.o
    0x20000105   0x080182a5   0x00000003   PAD
    0x20000108   0x080182a8   0x00000004   Data   RW          704    .data.uwTickPrio    stm32f4xx_hal.o
    0x2000010c   0x080182ac   0x00000004   Data   RW         1814    .data.uxCriticalNesting  port.o
    0x20000110        -       0x00000002   Zero   RW         2091    .bss.Aim            calculatethread.o
    0x20000112        -       0x0000000b   Zero   RW         2467    .bss.BulletLimit    refereebehaviour.o
    0x2000011d        -       0x0000000b   Zero   RW         2466    .bss.BulletSpeed    refereebehaviour.o
    0x20000128        -       0x00000004   Zero   RW         2116    .bss.CMSCounter     cansendthread.o
    0x2000012c        -       0x00000010   Zero   RW         2494    .bss.CMS_Data       cms.o
    0x2000013c        -       0x00000004   Zero   RW           45    .bss.CalcThreadHandler  freertos.o
    0x20000140        -       0x00000004   Zero   RW           47    .bss.CanSendHandle  freertos.o
    0x20000144        -       0x0000000f   Zero   RW         2167    .bss.CapData        uithread.o
    0x20000153   0x080182b0   0x00000001   PAD
    0x20000154        -       0x00000120   Zero   RW         2059    .bss.Chassis        calculatethread.o
    0x20000274        -       0x0000000b   Zero   RW         2115    .bss.DataBuffer     cansendthread.o
    0x2000027f   0x080182b0   0x00000001   PAD
    0x20000280        -       0x00000020   Zero   RW         2092    .bss.F_Motor        calculatethread.o
    0x200002a0        -       0x0000000b   Zero   RW         2474    .bss.GAMESTATUS     refereebehaviour.o
    0x200002ab   0x080182b0   0x00000001   PAD
    0x200002ac        -       0x00000004   Zero   RW           49    .bss.GUIHandle      freertos.o
    0x200002b0        -       0x00000004   Zero   RW           71    .bss.HAL_RCC_CAN1_CLK_ENABLED  can.o
    0x200002b4        -       0x0000000c   Zero   RW         1935    .bss.INS_angle      attitudethread.o
    0x200002c0        -       0x0000000c   Zero   RW         1936    .bss.INS_palstance  attitudethread.o
    0x200002cc        -       0x00000018   Zero   RW         2058    .bss.Imu            calculatethread.o
    0x200002e4        -       0x00000100   Zero   RW         2138    .bss.Info_Arr       refereethread.o
    0x200003e4        -       0x00000002   Zero   RW         2334    .bss.KeyFormerChannal  remote.o
    0x200003e6        -       0x00000002   Zero   RW         2335    .bss.KeyJumpChannal  remote.o
    0x200003e8        -       0x00000014   Zero   RW         2406    .bss.LEFT_BACK_3508_Measure  feet_motor.o
    0x200003fc        -       0x00000014   Zero   RW         2402    .bss.LEFT_BACK_6020_Measure  feet_motor.o
    0x20000410        -       0x00000014   Zero   RW         2403    .bss.LEFT_FRONT_3508_Measure  feet_motor.o
    0x20000424        -       0x00000014   Zero   RW         2399    .bss.LEFT_FRONT_6020_Measure  feet_motor.o
    0x20000438        -       0x0000002d   Zero   RW         2159    .bss.Mode           uithread.o
    0x20000465        -       0x00000001   Zero   RW         2085    .bss.Mode_last      calculatethread.o
    0x20000466        -       0x00000001   Zero   RW         2084    .bss.Mode_now       calculatethread.o
    0x20000467        -       0x00000010   Zero   RW         2396    .bss.MotorSendBuffer  feet_motor.o
    0x20000477        -       0x00000009   Zero   RW         2056    .bss.Offline        calculatethread.o
    0x20000480        -       0x00000024   Zero   RW         1995    .bss.OfflineCounter  interruptservice.o
    0x200004a4        -       0x00000009   Zero   RW         1996    .bss.OfflineMonitor  interruptservice.o
    0x200004ad        -       0x00000007   Zero   RW         2080    .bss.PTZ            calculatethread.o
    0x200004b4        -       0x00000004   Zero   RW         2088    .bss.Plimit         calculatethread.o
    0x200004b8        -       0x00000016   Zero   RW         2465    .bss.PowerHeatData  refereebehaviour.o
    0x200004ce   0x080182b0   0x00000002   PAD
    0x200004d0        -       0x00000014   Zero   RW         2405    .bss.RIGHT_BACK_3508_Measure  feet_motor.o
    0x200004e4        -       0x00000014   Zero   RW         2401    .bss.RIGHT_BACK_6020_Measure  feet_motor.o
    0x200004f8        -       0x00000014   Zero   RW         2404    .bss.RIGHT_FRONT_3508_Measure  feet_motor.o
    0x2000050c        -       0x00000014   Zero   RW         2400    .bss.RIGHT_FRONT_6020_Measure  feet_motor.o
    0x20000520        -       0x0000000d   Zero   RW         2057    .bss.Referee        calculatethread.o
    0x2000052d   0x080182b0   0x00000003   PAD
    0x20000530        -       0x00000004   Zero   RW           51    .bss.RefereeHandle  freertos.o
    0x20000534        -       0x0000000b   Zero   RW         2470    .bss.RobotInformation  refereebehaviour.o
    0x2000053f        -       0x00000422   Zero   RW         2461    .bss.SendBuffer     refereebehaviour.o
    0x20000961        -       0x00000003   Zero   RW         2473    .bss.SendGameStatus  refereebehaviour.o
    0x20000964        -       0x00000001   Zero   RW         2379    .bss.UI_Seq         client_ui.o
    0x20000965        -       0x00000400   Zero   RW         2377    .bss.UIsend_buffer  client_ui.o
    0x20000d65   0x080182b0   0x00000001   PAD
    0x20000d66        -       0x00000002   Zero   RW         2333    .bss.USART3_IRQHandler.this_time_rx_len  remote.o
    0x20000d68        -       0x00000002   Zero   RW         2137    .bss.USART6_IRQHandler.this_time_rx_len  refereethread.o
    0x20000d6a   0x080182b0   0x00000002   PAD
    0x20000d6c        -       0x00000014   Zero   RW         2407    .bss.YawMotorMeasure  feet_motor.o
    0x20000d80        -       0x00000009   Zero   RW         1941    .bss.accel_dma_rx_buf  attitudethread.o
    0x20000d89        -       0x00000004   Zero   RW         1942    .bss.accel_temp_dma_rx_buf  attitudethread.o
    0x20000d8d        -       0x00000001   Zero   RW         1931    .bss.accel_temp_update_flag  attitudethread.o
    0x20000d8e        -       0x00000001   Zero   RW         1930    .bss.accel_update_flag  attitudethread.o
    0x20000d8f        -       0x00000001   Zero   RW         2158    .bss.aim_mode       uithread.o
    0x20000d90        -       0x00000004   Zero   RW         2082    .bss.angle_minus    calculatethread.o
    0x20000d94        -       0x00000024   Zero   RW         1937    .bss.bmi088_real_data  attitudethread.o
    0x20000db8        -       0x00000006   Zero   RW         2454    .bss.buff_musk_t    refereebehaviour.o
    0x20000dbe        -       0x00000006   Zero   RW         2458    .bss.bullet_remaining_t  refereebehaviour.o
    0x20000dc4        -       0x00000018   Zero   RW         1826    .bss.can_tx_message  bsp_can.o
    0x20000ddc        -       0x00000018   Zero   RW         2117    .bss.can_tx_message  cansendthread.o
    0x20000df4        -       0x00000018   Zero   RW         2395    .bss.can_tx_message  feet_motor.o
    0x20000e0c        -       0x00000001   Zero   RW         2086    .bss.chassis_limit_update_flag  calculatethread.o
    0x20000e0d        -       0x00000002   Zero   RW         2491    .bss.cms_buffer_can_send_data  cms.o
    0x20000e0f   0x080182b0   0x00000001   PAD
    0x20000e10        -       0x00000018   Zero   RW         2490    .bss.cms_buffer_tx_message  cms.o
    0x20000e28        -       0x00000001   Zero   RW         2087    .bss.cms_flag       calculatethread.o
    0x20000e29   0x080182b0   0x00000001   PAD
    0x20000e2a        -       0x00000002   Zero   RW         1992    .bss.cms_offline_counter  interruptservice.o
    0x20000e2c        -       0x00000008   Zero   RW         2493    .bss.cms_power_can_send_data  cms.o
    0x20000e34        -       0x00000018   Zero   RW         2492    .bss.cms_power_tx_message  cms.o
    0x20000e4c        -       0x00000001   Zero   RW         1983    .bss.cms_send_period  interruptservice.o
    0x20000e4d        -       0x00000001   Zero   RW         2151    .bss.count          uithread.o
    0x20000e4e        -       0x00000001   Zero   RW         2152    .bss.count2         uithread.o
    0x20000e4f        -       0x00000001   Zero   RW         2156    .bss.cover_mode     uithread.o
    0x20000e50        -       0x00000010   Zero   RW         2075    .bss.current_3508_filter_type  calculatethread.o
    0x20000e60        -       0x00000010   Zero   RW         2074    .bss.current_6020_filter_type  calculatethread.o
    0x20000e70        -       0x00000006   Zero   RW         2464    .bss.dart_client_cmd_t  refereebehaviour.o
    0x20000e76        -       0x00000003   Zero   RW         2463    .bss.dart_remaining_time_t  refereebehaviour.o
    0x20000e79   0x080182b0   0x00000003   PAD
    0x20000e7c        -       0x00000004   Zero   RW           43    .bss.defaultTaskHandle  freertos.o
    0x20000e80        -       0x00000004   Zero   RW         1842    .bss.fac_ms         bsp_delay.o
    0x20000e84        -       0x00000001   Zero   RW         1841    .bss.fac_us         bsp_delay.o
    0x20000e85   0x080182b0   0x00000003   PAD
    0x20000e88        -       0x00000004   Zero   RW         2448    .bss.field_event    refereebehaviour.o
    0x20000e8c        -       0x00000001   Zero   RW         2154    .bss.fire_mode      uithread.o
    0x20000e8d        -       0x00000001   Zero   RW         1945    .bss.first_temperate  attitudethread.o
    0x20000e8e   0x080182b0   0x00000002   PAD
    0x20000e90        -       0x00000048   Zero   RW         2073    .bss.follow         calculatethread.o
    0x20000ed8        -       0x00000004   Zero   RW         2081    .bss.follow_angle   calculatethread.o
    0x20000edc        -       0x00000048   Zero   RW         2072    .bss.follow_yaw     calculatethread.o
    0x20000f24        -       0x00000001   Zero   RW         2446    .bss.game_result    refereebehaviour.o
    0x20000f25   0x080182b0   0x00000001   PAD
    0x20000f26        -       0x00000020   Zero   RW         2447    .bss.game_robot_HP_t  refereebehaviour.o
    0x20000f46   0x080182b0   0x00000002   PAD
    0x20000f48        -       0x0000000c   Zero   RW         2453    .bss.game_robot_pos_t  refereebehaviour.o
    0x20000f54        -       0x0000000b   Zero   RW         2445    .bss.game_state     refereebehaviour.o
    0x20000f5f        -       0x00000008   Zero   RW         1940    .bss.gyro_dma_rx_buf  attitudethread.o
    0x20000f67        -       0x00000001   Zero   RW         1929    .bss.gyro_update_flag  attitudethread.o
    0x20000f68        -       0x00000028   Zero   RW           69    .bss.hcan1          can.o
    0x20000f90        -       0x00000028   Zero   RW           70    .bss.hcan2          can.o
    0x20000fb8        -       0x00000060   Zero   RW           94    .bss.hdma_spi1_rx   spi.o
    0x20001018        -       0x00000060   Zero   RW           95    .bss.hdma_spi1_tx   spi.o
    0x20001078        -       0x00000060   Zero   RW          150    .bss.hdma_usart1_rx  usart.o
    0x200010d8        -       0x00000060   Zero   RW          151    .bss.hdma_usart1_tx  usart.o
    0x20001138        -       0x00000060   Zero   RW          152    .bss.hdma_usart3_rx  usart.o
    0x20001198        -       0x00000060   Zero   RW          153    .bss.hdma_usart6_rx  usart.o
    0x200011f8        -       0x00000060   Zero   RW          154    .bss.hdma_usart6_tx  usart.o
    0x20001258        -       0x00000004   Zero   RW         2032    .bss.he             calculatethread.o
    0x2000125c        -       0x00000080   Zero   RW         2378    .bss.head           client_ui.o
    0x200012dc        -       0x00000058   Zero   RW           93    .bss.hspi1          spi.o
    0x20001334        -       0x00000048   Zero   RW          123    .bss.htim1          tim.o
    0x2000137c        -       0x00000048   Zero   RW          129    .bss.htim10         tim.o
    0x200013c4        -       0x00000048   Zero   RW          124    .bss.htim3          tim.o
    0x2000140c        -       0x00000048   Zero   RW          125    .bss.htim4          tim.o
    0x20001454        -       0x00000048   Zero   RW          126    .bss.htim5          tim.o
    0x2000149c        -       0x00000048   Zero   RW          127    .bss.htim6          tim.o
    0x200014e4        -       0x00000048   Zero   RW          220    .bss.htim7          stm32f4xx_hal_timebase_tim.o
    0x2000152c        -       0x00000048   Zero   RW          128    .bss.htim8          tim.o
    0x20001574        -       0x00000044   Zero   RW          147    .bss.huart1         usart.o
    0x200015b8        -       0x00000044   Zero   RW          148    .bss.huart3         usart.o
    0x200015fc        -       0x00000044   Zero   RW          149    .bss.huart6         usart.o
    0x20001640        -       0x0000000f   Zero   RW         2161    .bss.imagex         uithread.o
    0x2000164f        -       0x0000000f   Zero   RW         2162    .bss.imagey         uithread.o
    0x2000165e        -       0x00000001   Zero   RW         1933    .bss.imu_start_dma_flag  attitudethread.o
    0x2000165f        -       0x00000001   Zero   RW         1944    .bss.imu_temp_control.temp_constant_time  attitudethread.o
    0x20001660        -       0x00000048   Zero   RW         1938    .bss.imu_temp_pid   attitudethread.o
    0x200016a8        -       0x00000048   Zero   RW         2071    .bss.left_back_3508_pid  calculatethread.o
    0x200016f0        -       0x00000048   Zero   RW         2067    .bss.left_back_6020_position_pid  calculatethread.o
    0x20001738        -       0x00000048   Zero   RW         2063    .bss.left_back_6020_speed_pid  calculatethread.o
    0x20001780        -       0x00000048   Zero   RW         2068    .bss.left_front_3508_pid  calculatethread.o
    0x200017c8        -       0x00000048   Zero   RW         2064    .bss.left_front_6020_position_pid  calculatethread.o
    0x20001810        -       0x00000048   Zero   RW         2060    .bss.left_front_6020_speed_pid  calculatethread.o
    0x20001858        -       0x00000004   Zero   RW         2034    .bss.lijupower      calculatethread.o
    0x2000185c        -       0x00000001   Zero   RW         2376    .bss.locked         client_ui.o
    0x2000185d        -       0x00000001   Zero   RW         2157    .bss.match_mode     uithread.o
    0x2000185e        -       0x00000001   Zero   RW         2153    .bss.mode           uithread.o
    0x2000185f        -       0x00000001   Zero   RW         2173    .bss.mode_change_flag  uithread.o
    0x20001860        -       0x0000002d   Zero   RW         2168    .bss.noforce        uithread.o
    0x2000188d        -       0x00000001   Zero   RW         2375    .bss.num            client_ui.o
    0x2000188e        -       0x0000002d   Zero   RW         2171    .bss.open1          uithread.o
    0x200018bb        -       0x0000002d   Zero   RW         2169    .bss.open2          uithread.o
    0x200018e8        -       0x0000002d   Zero   RW         2170    .bss.open3          uithread.o
    0x20001915        -       0x00000001   Zero   RW         2035    .bss.power_flag     calculatethread.o
    0x20001916   0x080182b0   0x00000002   PAD
    0x20001918        -       0x00000010   Zero   RW         2452    .bss.power_heat_data_t  refereebehaviour.o
    0x20001928        -       0x00000004   Zero   RW         2089    .bss.power_scale    calculatethread.o
    0x2000192c        -       0x00000004   Zero   RW         1605    .bss.pxCurrentTCB   tasks.o
    0x20001930        -       0x00000004   Zero   RW         1622    .bss.pxDelayedTaskList  tasks.o
    0x20001934        -       0x00000004   Zero   RW         1771    .bss.pxEnd          heap_4.o
    0x20001938        -       0x00000004   Zero   RW         1623    .bss.pxOverflowDelayedTaskList  tasks.o
    0x2000193c        -       0x0000008c   Zero   RW         1606    .bss.pxReadyTasksLists  tasks.o
    0x200019c8        -       0x00000016   Zero   RW         2338    .bss.rc_ctrl        remote.o
    0x200019de   0x080182b0   0x00000002   PAD
    0x200019e0        -       0x00000018   Zero   RW         2132    .bss.referee_fifo   refereethread.o
    0x200019f8        -       0x00000400   Zero   RW         2133    .bss.referee_fifo_buf  refereethread.o
    0x20001df8        -       0x00000005   Zero   RW         2443    .bss.referee_receive_header  refereebehaviour.o
    0x20001dfd        -       0x00000005   Zero   RW         2444    .bss.referee_send_header  refereebehaviour.o
    0x20001e02        -       0x00000089   Zero   RW         2135    .bss.referee_unpack_obj  refereethread.o
    0x20001e8b        -       0x00000003   Zero   RW         2450    .bss.referee_warning_t  refereebehaviour.o
    0x20001e8e   0x080182b0   0x00000002   PAD
    0x20001e90        -       0x00000004   Zero   RW         2459    .bss.rfid_status_t  refereebehaviour.o
    0x20001e94        -       0x00000048   Zero   RW         2070    .bss.right_back_3508_pid  calculatethread.o
    0x20001edc        -       0x00000048   Zero   RW         2066    .bss.right_back_6020_position_pid  calculatethread.o
    0x20001f24        -       0x00000048   Zero   RW         2062    .bss.right_back_6020_speed_pid  calculatethread.o
    0x20001f6c        -       0x00000048   Zero   RW         2069    .bss.right_front_3508_pid  calculatethread.o
    0x20001fb4        -       0x00000048   Zero   RW         2065    .bss.right_front_6020_position_pid  calculatethread.o
    0x20001ffc        -       0x00000048   Zero   RW         2061    .bss.right_front_6020_speed_pid  calculatethread.o
    0x20002044        -       0x00000002   Zero   RW         2455    .bss.robot_energy_t  refereebehaviour.o
    0x20002046        -       0x00000001   Zero   RW         2456    .bss.robot_hurt_t   refereebehaviour.o
    0x20002047   0x080182b0   0x00000001   PAD
    0x20002048        -       0x00000006   Zero   RW         2469    .bss.robot_information  refereebehaviour.o
    0x2000204e        -       0x0000000d   Zero   RW         2451    .bss.robot_state    refereebehaviour.o
    0x2000205b        -       0x0000002d   Zero   RW         2172    .bss.rune           uithread.o
    0x20002088        -       0x00000008   Zero   RW         1994    .bss.rx_data        interruptservice.o
    0x20002090        -       0x0000001c   Zero   RW         1993    .bss.rx_header      interruptservice.o
    0x200020ac        -       0x00000048   Zero   RW         2337    .bss.sbus_rx_buf    remote.o
    0x200020f4        -       0x00000004   Zero   RW         1827    .bss.send_mail_box  bsp_can.o
    0x200020f8        -       0x00000004   Zero   RW         2397    .bss.send_mail_box_1  feet_motor.o
    0x200020fc        -       0x00000004   Zero   RW         2398    .bss.send_mail_box_2  feet_motor.o
    0x20002100        -       0x00000007   Zero   RW         2457    .bss.shoot_data_t   refereebehaviour.o
    0x20002107        -       0x00000001   Zero   RW         2155    .bss.shoot_mode     uithread.o
    0x20002108        -       0x00000010   Zero   RW         2083    .bss.speed          calculatethread.o
    0x20002118        -       0x00000002   Zero   RW         2038    .bss.stop_countdown  calculatethread.o
    0x2000211a        -       0x00000001   Zero   RW         2037    .bss.stop_flag      calculatethread.o
    0x2000211b   0x080182b0   0x00000001   PAD
    0x2000211c        -       0x00000006   Zero   RW         2460    .bss.student_interactive_data_t  refereebehaviour.o
    0x20002122        -       0x00000004   Zero   RW         2449    .bss.supply_projectile_action_t  refereebehaviour.o
    0x20002126        -       0x00000003   Zero   RW         2462    .bss.supply_projectile_booking_t  refereebehaviour.o
    0x20002129        -       0x00000001   Zero   RW         2374    .bss.top            client_ui.o
    0x2000212a        -       0x00007800   Zero   RW         1778    .bss.ucHeap         heap_4.o
    0x2000992a        -       0x00000001   Zero   RW         1812    .bss.ucMaxSysCallPriority  port.o
    0x2000992b   0x080182b0   0x00000001   PAD
    0x2000992c        -       0x00000004   Zero   RW         1813    .bss.ulMaxPRIGROUPValue  port.o
    0x20009930        -       0x00000400   Zero   RW         2134    .bss.usart6_buf     refereethread.o
    0x20009d30        -       0x00000004   Zero   RW          706    .bss.uwTick         stm32f4xx_hal.o
    0x20009d34        -       0x00000004   Zero   RW         1611    .bss.uxCurrentNumberOfTasks  tasks.o
    0x20009d38        -       0x00000004   Zero   RW         1610    .bss.uxDeletedTasksWaitingCleanUp  tasks.o
    0x20009d3c        -       0x00000004   Zero   RW         1613    .bss.uxSchedulerSuspended  tasks.o
    0x20009d40        -       0x00000004   Zero   RW         1608    .bss.uxTaskNumber   tasks.o
    0x20009d44        -       0x00000004   Zero   RW         1607    .bss.uxTopReadyPriority  tasks.o
    0x20009d48        -       0x00000004   Zero   RW         2036    .bss.v_gain         calculatethread.o
    0x20009d4c        -       0x00000004   Zero   RW         2054    .bss.vx_last        calculatethread.o
    0x20009d50        -       0x00000004   Zero   RW         2055    .bss.vy_last        calculatethread.o
    0x20009d54        -       0x00000010   Zero   RW         2076    .bss.wheel_angle_1  calculatethread.o
    0x20009d64        -       0x00000010   Zero   RW         2077    .bss.wheel_angle_2  calculatethread.o
    0x20009d74        -       0x00000010   Zero   RW         2078    .bss.wheel_angle_3  calculatethread.o
    0x20009d84        -       0x00000010   Zero   RW         2079    .bss.wheel_angle_4  calculatethread.o
    0x20009d94        -       0x0000000f   Zero   RW         2163    .bss.x1             uithread.o
    0x20009da3        -       0x0000000f   Zero   RW         2165    .bss.x13            uithread.o
    0x20009db2        -       0x0000000f   Zero   RW         2166    .bss.x14            uithread.o
    0x20009dc1        -       0x0000000f   Zero   RW         2164    .bss.x6             uithread.o
    0x20009dd0        -       0x00000004   Zero   RW         1772    .bss.xBlockAllocatedBit  heap_4.o
    0x20009dd4        -       0x00000014   Zero   RW         1625    .bss.xDelayedTaskList1  tasks.o
    0x20009de8        -       0x00000014   Zero   RW         1626    .bss.xDelayedTaskList2  tasks.o
    0x20009dfc        -       0x00000004   Zero   RW         1773    .bss.xFreeBytesRemaining  heap_4.o
    0x20009e00        -       0x00000200   Zero   RW           40    .bss.xIdleStack     freertos.o
    0x2000a000        -       0x00000004   Zero   RW         1617    .bss.xIdleTaskHandle  tasks.o
    0x2000a004        -       0x00000054   Zero   RW           39    .bss.xIdleTaskTCBBuffer  freertos.o
    0x2000a058        -       0x00000004   Zero   RW         1775    .bss.xMinimumEverFreeBytesRemaining  heap_4.o
    0x2000a05c        -       0x00000004   Zero   RW         1618    .bss.xNextTaskUnblockTime  tasks.o
    0x2000a060        -       0x00000004   Zero   RW         1624    .bss.xNumOfOverflows  tasks.o
    0x2000a064        -       0x00000004   Zero   RW         1776    .bss.xNumberOfSuccessfulAllocations  heap_4.o
    0x2000a068        -       0x00000004   Zero   RW         1777    .bss.xNumberOfSuccessfulFrees  heap_4.o
    0x2000a06c        -       0x00000004   Zero   RW         1621    .bss.xPendedTicks   tasks.o
    0x2000a070        -       0x00000014   Zero   RW         1615    .bss.xPendingReadyList  tasks.o
    0x2000a084        -       0x00000004   Zero   RW         1612    .bss.xSchedulerRunning  tasks.o
    0x2000a088        -       0x00000008   Zero   RW         1774    .bss.xStart         heap_4.o
    0x2000a090        -       0x00000014   Zero   RW         1614    .bss.xSuspendedTaskList  tasks.o
    0x2000a0a4        -       0x00000014   Zero   RW         1609    .bss.xTasksWaitingTermination  tasks.o
    0x2000a0b8        -       0x00000004   Zero   RW         1619    .bss.xTickCount     tasks.o
    0x2000a0bc        -       0x00000004   Zero   RW         1620    .bss.xYieldPending  tasks.o
    0x2000a0c0        -       0x00004000   Zero   RW            1    STACK               startup_stm32f407xx.o


    Execution Region RW_IRAM2 (Exec base: 0x2001c000, Load base: 0x080182b0, Size: 0x00000000, Max: 0x00004000, ABSOLUTE)

    **** No section assigned to this execution region ****


==============================================================================

Image component sizes


      Code (inc. data)   RO Data    RW Data    ZI Data      Debug   Object Name

      5326         12          0         21        159       6828   attitudethread.o
       506         12          0          8          0       6050   bmi088driver.o
       184          0          0          0         28       3334   bsp_can.o
        62          0          0          0          5       1605   bsp_delay.o
        26          0          0          0          0        494   bsp_imu_pwm.o
     21406          0          0          0          0       5665   bsp_spi.o
       814          0          0          0          0       2327   bsp_usart.o
     11250        448          0        216       1539      10372   calculatethread.o
       544          0          0          0         84       6459   can.o
       210          0          0          0         39       6107   cansendthread.o
      3124          8        768          0       1156       8944   client_ui.o
       274          0          0          0         74       2422   cms.o
       274          0          0          0          0      16144   cmsis_os.o
       376          0        768          2          0       2160   crc8_crc16.o
       206          0          0          0          0       3327   dma.o
      1236         28          0          0        228       4094   feet_motor.o
       424          0          0          0          0       9360   fifo.o
       378          0        182          0        616       3254   freertos.o
       566          0          0          0          0       4214   gpio.o
      1084          0          0          0      30752       4407   heap_4.o
      1424         28          0          0         84       5443   interruptservice.o
       296          0          0          0          0       2207   list.o
       410          0          0          0          0       2747   main.o
       670          0          0          0          0       3072   pid.o
       996         16          0          4          5       3815   port.o
      2244          0          0          0       1283       8332   refereebehaviour.o
       884          6          0          0       2467       3307   refereethread.o
       750          0          0          0        100       5155   remote.o
       486          0          0          0        280       5078   spi.o
        36          8        392          0      16384        836   startup_stm32f407xx.o
       158          0          0          5          4       7100   stm32f4xx_hal.o
      3088          0          0          0          0      11306   stm32f4xx_hal_can.o
       384          0          0          0          0       9413   stm32f4xx_hal_cortex.o
      1794          8          8          0          0       8460   stm32f4xx_hal_dma.o
      1052          0          0          0          0       5079   stm32f4xx_hal_gpio.o
        88          0          0          0          0       3348   stm32f4xx_hal_msp.o
      2730          0          0          0          0       7563   stm32f4xx_hal_rcc.o
       256          0          0          0          0      19656   stm32f4xx_hal_spi.o
      4004         14          0          0          0      35744   stm32f4xx_hal_tim.o
       484          0          0          0          0      15248   stm32f4xx_hal_tim_ex.o
       240          0          0          0         72       7092   stm32f4xx_hal_timebase_tim.o
      2280          0          0          0          0      20102   stm32f4xx_hal_uart.o
       202          0          0          0          0       2079   stm32f4xx_it.o
        18          0         24          4          0       2516   system_stm32f4xx.o
      2946          0          5          0        300      20305   tasks.o
      2168          0          0          0        504      10502   tim.o
      9798         12        155          0        384       5418   uithread.o
      1176          0          0          0        684       7858   usart.o
       300          0          0          0          0       4553   user_lib.o

    ----------------------------------------------------------------------
     89864        600       2336        268      57264     350901   Object Totals
         0          0         32          0          0          0   (incl. Generated)
       232          0          2          8         33          0   (incl. Padding)

    ----------------------------------------------------------------------

      Code (inc. data)   RO Data    RW Data    ZI Data      Debug   Library Member Name

       744        106        152          0          0        352   atan.o
       512         64          0          0          0        208   atan2.o
       200         20          0          0          0        164   cos.o
       368         46         48          0          0        200   cos_i.o
       104         16          0          0          0        496   dunder.o
        24          0          0          0          0        124   fabs.o
        48          0          0          0          0        124   fpclassify.o
       248          0          0          0          0        152   poly.o
         0          0          8          0          0          0   qnan.o
      1080        142        204          0          0        188   rred.o
       200         20          0          0          0        164   sin.o
       304         24         40          0          0        208   sin_i.o
       122          0          0          0          0        148   sqrt.o
        58          0          0          0          0        136   sqrtf.o
         0          0          0          0          0          0   entry.o
         0          0          0          0          0          0   entry10a.o
         0          0          0          0          0          0   entry11a.o
         8          4          0          0          0          0   entry2.o
         4          0          0          0          0          0   entry5.o
         0          0          0          0          0          0   entry7b.o
         0          0          0          0          0          0   entry8b.o
         8          4          0          0          0          0   entry9a.o
        12          6          0          4          0         68   errno.o
        30          0          0          0          0          0   handlers.o
        36          8          0          0          0         68   init.o
         0          0          0          0          0          0   iusefp.o
        30          0          0          0          0         68   llshl.o
        36          0          0          0          0         68   llsshr.o
        32          0          0          0          0         68   llushr.o
        36          0          0          0          0         68   memcpya.o
        36          0          0          0          0        108   memseta.o
        98          0          0          0          0         92   uldiv.o
        48          0          0          0          0         68   cdcmple.o
        56          0          0          0          0         88   d2f.o
       334          0          0          0          0        148   dadd.o
        54          0          0          0          0         80   dcmpge.o
        54          0          0          0          0         80   dcmpgt.o
        54          0          0          0          0         80   dcmple.o
       222          0          0          0          0        100   ddiv.o
       186          0          0          0          0        176   depilogue.o
        62          0          0          0          0         80   dfixi.o
        34          0          0          0          0         76   dflti.o
        26          0          0          0          0         76   dfltui.o
       228          0          0          0          0         96   dmul.o
       162          0          0          0          0        100   dsqrt.o
        38          0          0          0          0         68   f2d.o
       110          0          0          0          0        168   fepilogue.o

    ----------------------------------------------------------------------
      6064        460        456          4          0       4756   Library Totals
        18          0          4          0          0          0   (incl. Padding)

    ----------------------------------------------------------------------

      Code (inc. data)   RO Data    RW Data    ZI Data      Debug   Library Name

      4012        438        452          0          0       2664   m_wm.l
       366         22          0          4          0        608   mc_w.l
      1668          0          0          0          0       1484   mf_w.l

    ----------------------------------------------------------------------
      6064        460        456          4          0       4756   Library Totals

    ----------------------------------------------------------------------

==============================================================================


      Code (inc. data)   RO Data    RW Data    ZI Data      Debug   

     95928       1060       2792        272      57264     352281   Grand Totals
     95928       1060       2792        272      57264     352281   ELF Image Totals
     95928       1060       2792        272          0          0   ROM Totals

==============================================================================

    Total RO  Size (Code + RO Data)                98720 (  96.41kB)
    Total RW  Size (RW Data + ZI Data)             57536 (  56.19kB)
    Total ROM Size (Code + RO Data + RW Data)      98992 (  96.67kB)

==============================================================================

