Component: Arm Compiler for Embedded 6.19 Tool: armlink [5e73cb00]

==============================================================================

Section Cross References

    startup_stm32f407xx.o(RESET) refers to startup_stm32f407xx.o(STACK) for __initial_sp
    startup_stm32f407xx.o(RESET) refers to startup_stm32f407xx.o(.text) for Reset_Handler
    startup_stm32f407xx.o(RESET) refers to stm32f4xx_it.o(.text.NMI_Handler) for NMI_Handler
    startup_stm32f407xx.o(RESET) refers to stm32f4xx_it.o(.text.HardFault_Handler) for HardFault_Handler
    startup_stm32f407xx.o(RESET) refers to stm32f4xx_it.o(.text.MemManage_Handler) for MemManage_Handler
    startup_stm32f407xx.o(RESET) refers to stm32f4xx_it.o(.text.BusFault_Handler) for BusFault_Handler
    startup_stm32f407xx.o(RESET) refers to stm32f4xx_it.o(.text.UsageFault_Handler) for UsageFault_Handler
    startup_stm32f407xx.o(RESET) refers to port.o(.text.SVC_Handler) for SVC_Handler
    startup_stm32f407xx.o(RESET) refers to stm32f4xx_it.o(.text.DebugMon_Handler) for DebugMon_Handler
    startup_stm32f407xx.o(RESET) refers to port.o(.text.PendSV_Handler) for PendSV_Handler
    startup_stm32f407xx.o(RESET) refers to port.o(.text.SysTick_Handler) for SysTick_Handler
    startup_stm32f407xx.o(RESET) refers to stm32f4xx_it.o(.text.EXTI4_IRQHandler) for EXTI4_IRQHandler
    startup_stm32f407xx.o(RESET) refers to stm32f4xx_it.o(.text.DMA1_Stream1_IRQHandler) for DMA1_Stream1_IRQHandler
    startup_stm32f407xx.o(RESET) refers to stm32f4xx_it.o(.text.CAN1_RX0_IRQHandler) for CAN1_RX0_IRQHandler
    startup_stm32f407xx.o(RESET) refers to stm32f4xx_it.o(.text.EXTI9_5_IRQHandler) for EXTI9_5_IRQHandler
    startup_stm32f407xx.o(RESET) refers to interruptservice.o(.text.TIM3_IRQHandler) for TIM3_IRQHandler
    startup_stm32f407xx.o(RESET) refers to interruptservice.o(.text.TIM4_IRQHandler) for TIM4_IRQHandler
    startup_stm32f407xx.o(RESET) refers to stm32f4xx_it.o(.text.USART1_IRQHandler) for USART1_IRQHandler
    startup_stm32f407xx.o(RESET) refers to remote.o(.text.USART3_IRQHandler) for USART3_IRQHandler
    startup_stm32f407xx.o(RESET) refers to interruptservice.o(.text.TIM5_IRQHandler) for TIM5_IRQHandler
    startup_stm32f407xx.o(RESET) refers to interruptservice.o(.text.TIM6_DAC_IRQHandler) for TIM6_DAC_IRQHandler
    startup_stm32f407xx.o(RESET) refers to stm32f4xx_it.o(.text.TIM7_IRQHandler) for TIM7_IRQHandler
    startup_stm32f407xx.o(RESET) refers to attitudethread.o(.text.DMA2_Stream0_IRQHandler) for DMA2_Stream0_IRQHandler
    startup_stm32f407xx.o(RESET) refers to stm32f4xx_it.o(.text.DMA2_Stream1_IRQHandler) for DMA2_Stream1_IRQHandler
    startup_stm32f407xx.o(RESET) refers to stm32f4xx_it.o(.text.DMA2_Stream2_IRQHandler) for DMA2_Stream2_IRQHandler
    startup_stm32f407xx.o(RESET) refers to stm32f4xx_it.o(.text.DMA2_Stream3_IRQHandler) for DMA2_Stream3_IRQHandler
    startup_stm32f407xx.o(RESET) refers to stm32f4xx_it.o(.text.CAN2_RX0_IRQHandler) for CAN2_RX0_IRQHandler
    startup_stm32f407xx.o(RESET) refers to stm32f4xx_it.o(.text.DMA2_Stream6_IRQHandler) for DMA2_Stream6_IRQHandler
    startup_stm32f407xx.o(RESET) refers to stm32f4xx_it.o(.text.DMA2_Stream7_IRQHandler) for DMA2_Stream7_IRQHandler
    startup_stm32f407xx.o(RESET) refers to refereethread.o(.text.USART6_IRQHandler) for USART6_IRQHandler
    startup_stm32f407xx.o(.text) refers to system_stm32f4xx.o(.text.SystemInit) for SystemInit
    startup_stm32f407xx.o(.text) refers to entry.o(.ARM.Collect$$$$00000000) for __main
    main.o(.text.main) refers to stm32f4xx_hal.o(.text.HAL_Init) for HAL_Init
    main.o(.text.main) refers to main.o(.text.SystemClock_Config) for SystemClock_Config
    main.o(.text.main) refers to gpio.o(.text.MX_GPIO_Init) for MX_GPIO_Init
    main.o(.text.main) refers to dma.o(.text.MX_DMA_Init) for MX_DMA_Init
    main.o(.text.main) refers to can.o(.text.MX_CAN1_Init) for MX_CAN1_Init
    main.o(.text.main) refers to spi.o(.text.MX_SPI1_Init) for MX_SPI1_Init
    main.o(.text.main) refers to tim.o(.text.MX_TIM5_Init) for MX_TIM5_Init
    main.o(.text.main) refers to tim.o(.text.MX_TIM10_Init) for MX_TIM10_Init
    main.o(.text.main) refers to can.o(.text.MX_CAN2_Init) for MX_CAN2_Init
    main.o(.text.main) refers to usart.o(.text.MX_USART1_UART_Init) for MX_USART1_UART_Init
    main.o(.text.main) refers to usart.o(.text.MX_USART3_UART_Init) for MX_USART3_UART_Init
    main.o(.text.main) refers to usart.o(.text.MX_USART6_UART_Init) for MX_USART6_UART_Init
    main.o(.text.main) refers to tim.o(.text.MX_TIM3_Init) for MX_TIM3_Init
    main.o(.text.main) refers to tim.o(.text.MX_TIM4_Init) for MX_TIM4_Init
    main.o(.text.main) refers to tim.o(.text.MX_TIM1_Init) for MX_TIM1_Init
    main.o(.text.main) refers to tim.o(.text.MX_TIM8_Init) for MX_TIM8_Init
    main.o(.text.main) refers to tim.o(.text.MX_TIM6_Init) for MX_TIM6_Init
    main.o(.text.main) refers to bsp_delay.o(.text.delay_init) for delay_init
[...]
    dart_client_cmd_t                        0x20000e80   Data           6  refereebehaviour.o(.bss.dart_client_cmd_t)
    dart_remaining_time_t                    0x20000e86   Data           3  refereebehaviour.o(.bss.dart_remaining_time_t)
    defaultTaskHandle                        0x20000e8c   Data           4  freertos.o(.bss.defaultTaskHandle)
    field_event                              0x20000e98   Data           4  refereebehaviour.o(.bss.field_event)
    fire_mode                                0x20000e9c   Data           1  uithread.o(.bss.fire_mode)
    follow                                   0x20000ea0   Data          72  calculatethread.o(.bss.follow)
    follow_angle                             0x20000ee8   Data           4  calculatethread.o(.bss.follow_angle)
    follow_yaw                               0x20000eec   Data          72  calculatethread.o(.bss.follow_yaw)
    game_result                              0x20000f34   Data           1  refereebehaviour.o(.bss.game_result)
    game_robot_HP_t                          0x20000f36   Data          32  refereebehaviour.o(.bss.game_robot_HP_t)
    game_robot_pos_t                         0x20000f58   Data          12  refereebehaviour.o(.bss.game_robot_pos_t)
    game_state                               0x20000f64   Data          11  refereebehaviour.o(.bss.game_state)
    gyro_dma_rx_buf                          0x20000f6f   Data           8  attitudethread.o(.bss.gyro_dma_rx_buf)
    gyro_update_flag                         0x20000f77   Data           1  attitudethread.o(.bss.gyro_update_flag)
    hcan1                                    0x20000f78   Data          40  can.o(.bss.hcan1)
    hcan2                                    0x20000fa0   Data          40  can.o(.bss.hcan2)
    hdma_spi1_rx                             0x20000fc8   Data          96  spi.o(.bss.hdma_spi1_rx)
    hdma_spi1_tx                             0x20001028   Data          96  spi.o(.bss.hdma_spi1_tx)
    hdma_usart1_rx                           0x20001088   Data          96  usart.o(.bss.hdma_usart1_rx)
    hdma_usart1_tx                           0x200010e8   Data          96  usart.o(.bss.hdma_usart1_tx)
    hdma_usart3_rx                           0x20001148   Data          96  usart.o(.bss.hdma_usart3_rx)
    hdma_usart6_rx                           0x200011a8   Data          96  usart.o(.bss.hdma_usart6_rx)
    hdma_usart6_tx                           0x20001208   Data          96  usart.o(.bss.hdma_usart6_tx)
    he                                       0x20001268   Data           4  calculatethread.o(.bss.he)
    head                                     0x2000126c   Data         128  client_ui.o(.bss.head)
    hspi1                                    0x200012ec   Data          88  spi.o(.bss.hspi1)
    htim1                                    0x20001344   Data          72  tim.o(.bss.htim1)
    htim10                                   0x2000138c   Data          72  tim.o(.bss.htim10)
    htim3                                    0x200013d4   Data          72  tim.o(.bss.htim3)
    htim4                                    0x2000141c   Data          72  tim.o(.bss.htim4)
    htim5                                    0x20001464   Data          72  tim.o(.bss.htim5)
    htim6                                    0x200014ac   Data          72  tim.o(.bss.htim6)
    htim7                                    0x200014f4   Data          72  stm32f4xx_hal_timebase_tim.o(.bss.htim7)
    htim8                                    0x2000153c   Data          72  tim.o(.bss.htim8)
    huart1                                   0x20001584   Data          68  usart.o(.bss.huart1)
    huart3                                   0x200015c8   Data          68  usart.o(.bss.huart3)
    huart6                                   0x2000160c   Data          68  usart.o(.bss.huart6)
    imagex                                   0x20001650   Data          15  uithread.o(.bss.imagex)
    imagey                                   0x2000165f   Data          15  uithread.o(.bss.imagey)
    imu_start_dma_flag                       0x2000166e   Data           1  attitudethread.o(.bss.imu_start_dma_flag)
    left_back_3508_pid                       0x200016b8   Data          72  calculatethread.o(.bss.left_back_3508_pid)
    left_back_6020_position_pid              0x20001700   Data          72  calculatethread.o(.bss.left_back_6020_position_pid)
    left_back_6020_speed_pid                 0x20001748   Data          72  calculatethread.o(.bss.left_back_6020_speed_pid)
    left_front_3508_pid                      0x20001790   Data          72  calculatethread.o(.bss.left_front_3508_pid)
    left_front_6020_position_pid             0x200017d8   Data          72  calculatethread.o(.bss.left_front_6020_position_pid)
    left_front_6020_speed_pid                0x20001820   Data          72  calculatethread.o(.bss.left_front_6020_speed_pid)
    lijupower                                0x20001868   Data           4  calculatethread.o(.bss.lijupower)
    locked                                   0x2000186c   Data           1  client_ui.o(.bss.locked)
    match_mode                               0x2000186d   Data           1  uithread.o(.bss.match_mode)
    mode                                     0x2000186e   Data           1  uithread.o(.bss.mode)
    mode_change_flag                         0x2000186f   Data           1  uithread.o(.bss.mode_change_flag)
    noforce                                  0x20001870   Data          45  uithread.o(.bss.noforce)
    num                                      0x2000189d   Data           1  client_ui.o(.bss.num)
    open1                                    0x2000189e   Data          45  uithread.o(.bss.open1)
    open2                                    0x200018cb   Data          45  uithread.o(.bss.open2)
    open3                                    0x200018f8   Data          45  uithread.o(.bss.open3)
    power_flag                               0x20001925   Data           1  calculatethread.o(.bss.power_flag)
    power_heat_data_t                        0x20001928   Data          16  refereebehaviour.o(.bss.power_heat_data_t)
    power_scale                              0x20001938   Data           4  calculatethread.o(.bss.power_scale)
    pxCurrentTCB                             0x2000193c   Data           4  tasks.o(.bss.pxCurrentTCB)
    rc_ctrl                                  0x200019d8   Data          22  remote.o(.bss.rc_ctrl)
    referee_fifo                             0x200019f0   Data          24  refereethread.o(.bss.referee_fifo)
    referee_fifo_buf                         0x20001a08   Data        1024  refereethread.o(.bss.referee_fifo_buf)
    referee_receive_header                   0x20001e08   Data           5  refereebehaviour.o(.bss.referee_receive_header)
    referee_send_header                      0x20001e0d   Data           5  refereebehaviour.o(.bss.referee_send_header)
    referee_unpack_obj                       0x20001e12   Data         137  refereethread.o(.bss.referee_unpack_obj)
    referee_warning_t                        0x20001e9b   Data           3  refereebehaviour.o(.bss.referee_warning_t)
    rfid_status_t                            0x20001ea0   Data           4  refereebehaviour.o(.bss.rfid_status_t)
    right_back_3508_pid                      0x20001ea4   Data          72  calculatethread.o(.bss.right_back_3508_pid)
    right_back_6020_position_pid             0x20001eec   Data          72  calculatethread.o(.bss.right_back_6020_position_pid)
    right_back_6020_speed_pid                0x20001f34   Data          72  calculatethread.o(.bss.right_back_6020_speed_pid)
    right_front_3508_pid                     0x20001f7c   Data          72  calculatethread.o(.bss.right_front_3508_pid)
    right_front_6020_position_pid            0x20001fc4   Data          72  calculatethread.o(.bss.right_front_6020_position_pid)
    right_front_6020_speed_pid               0x2000200c   Data          72  calculatethread.o(.bss.right_front_6020_speed_pid)
    robot_energy_t                           0x20002054   Data           2  refereebehaviour.o(.bss.robot_energy_t)
    robot_hurt_t                             0x20002056   Data           1  refereebehaviour.o(.bss.robot_hurt_t)
    robot_information                        0x20002058   Data           6  refereebehaviour.o(.bss.robot_information)
    robot_state                              0x2000205e   Data          13  refereebehaviour.o(.bss.robot_state)
    rune                                     0x2000206b   Data          45  uithread.o(.bss.rune)
    rx_data                                  0x20002098   Data           8  interruptservice.o(.bss.rx_data)
    rx_header                                0x200020a0   Data          28  interruptservice.o(.bss.rx_header)
    shoot_data_t                             0x2000210c   Data           7  refereebehaviour.o(.bss.shoot_data_t)
    shoot_mode                               0x20002113   Data           1  uithread.o(.bss.shoot_mode)
    speed                                    0x20002114   Data          16  calculatethread.o(.bss.speed)
    stop_countdown                           0x20002124   Data           2  calculatethread.o(.bss.stop_countdown)
    stop_flag                                0x20002126   Data           1  calculatethread.o(.bss.stop_flag)
    student_interactive_data_t               0x20002128   Data           6  refereebehaviour.o(.bss.student_interactive_data_t)
    supply_projectile_action_t               0x2000212e   Data           4  refereebehaviour.o(.bss.supply_projectile_action_t)
    supply_projectile_booking_t              0x20002132   Data           3  refereebehaviour.o(.bss.supply_projectile_booking_t)
    top                                      0x20002135   Data           1  client_ui.o(.bss.top)
    u1_buf                                   0x20002136   Data          32  usart.o(.bss.u1_buf)
    usart6_buf                               0x2000995c   Data        1024  refereethread.o(.bss.usart6_buf)
    uwTick                                   0x20009d5c   Data           4  stm32f4xx_hal.o(.bss.uwTick)
    v_gain                                   0x20009d74   Data           4  calculatethread.o(.bss.v_gain)
    vx_last                                  0x20009d78   Data           4  calculatethread.o(.bss.vx_last)
    vy_last                                  0x20009d7c   Data           4  calculatethread.o(.bss.vy_last)
    wheel_angle_1                            0x20009d80   Data          16  calculatethread.o(.bss.wheel_angle_1)
    wheel_angle_2                            0x20009d90   Data          16  calculatethread.o(.bss.wheel_angle_2)
    wheel_angle_3                            0x20009da0   Data          16  calculatethread.o(.bss.wheel_angle_3)
    wheel_angle_4                            0x20009db0   Data          16  calculatethread.o(.bss.wheel_angle_4)
    x1                                       0x20009dc0   Data          15  uithread.o(.bss.x1)
    x13                                      0x20009dcf   Data          15  uithread.o(.bss.x13)
    x14                                      0x20009dde   Data          15  uithread.o(.bss.x14)
    x6                                       0x20009ded   Data          15  uithread.o(.bss.x6)
    __initial_sp                             0x2000e0f0   Data           0  startup_stm32f407xx.o(STACK)



==============================================================================

Memory Map of the image

  Image Entry point : 0x08000189

  Load Region LR_IROM1 (Base: 0x08000000, Size: 0x000197c8, Max: 0x00100000, ABSOLUTE)

    Execution Region ER_IROM1 (Exec base: 0x08000000, Load base: 0x08000000, Size: 0x000196b0, Max: 0x00100000, ABSOLUTE)

    Exec Addr    Load Addr    Size         Type   Attr      Idx    E Section Name        Object

    0x08000000   0x08000000   0x00000188   Data   RO            3    RESET               startup_stm32f407xx.o
    0x08000188   0x08000188   0x00000000   Code   RO         2735  * .ARM.Collect$$$$00000000  mc_w.l(entry.o)
    0x08000188   0x08000188   0x00000004   Code   RO         2875    .ARM.Collect$$$$00000001  mc_w.l(entry2.o)
    0x0800018c   0x0800018c   0x00000004   Code   RO         2878    .ARM.Collect$$$$00000004  mc_w.l(entry5.o)
    0x08000190   0x08000190   0x00000000   Code   RO         2880    .ARM.Collect$$$$00000008  mc_w.l(entry7b.o)
    0x08000190   0x08000190   0x00000000   Code   RO         2882    .ARM.Collect$$$$0000000A  mc_w.l(entry8b.o)
    0x08000190   0x08000190   0x00000008   Code   RO         2883    .ARM.Collect$$$$0000000B  mc_w.l(entry9a.o)
    0x08000198   0x08000198   0x00000000   Code   RO         2885    .ARM.Collect$$$$0000000D  mc_w.l(entry10a.o)
    0x08000198   0x08000198   0x00000000   Code   RO         2887    .ARM.Collect$$$$0000000F  mc_w.l(entry11a.o)
    0x08000198   0x08000198   0x00000004   Code   RO         2876    .ARM.Collect$$$$00002712  mc_w.l(entry2.o)
    0x0800019c   0x0800019c   0x00000024   Code   RO            4    .text               startup_stm32f407xx.o
    0x080001c0   0x080001c0   0x00000062   Code   RO         2738    .text               mc_w.l(uldiv.o)
    0x08000222   0x08000222   0x00000024   Code   RO         2740    .text               mc_w.l(memcpya.o)
    0x08000246   0x08000246   0x00000024   Code   RO         2742    .text               mc_w.l(memseta.o)
    0x0800026a   0x0800026a   0x0000014e   Code   RO         2802    .text               mf_w.l(dadd.o)
    0x080003b8   0x080003b8   0x000000e4   Code   RO         2804    .text               mf_w.l(dmul.o)
    0x0800049c   0x0800049c   0x000000de   Code   RO         2806    .text               mf_w.l(ddiv.o)
    0x0800057a   0x0800057a   0x00000036   Code   RO         2808    .text               mf_w.l(dcmple.o)
    0x080005b0   0x080005b0   0x00000036   Code   RO         2810    .text               mf_w.l(dcmpge.o)
    0x080005e6   0x080005e6   0x00000036   Code   RO         2812    .text               mf_w.l(dcmpgt.o)
    0x0800061c   0x0800061c   0x00000022   Code   RO         2814    .text               mf_w.l(dflti.o)
    0x0800063e   0x0800063e   0x00000026   Code   RO         2816    .text               mf_w.l(f2d.o)
    0x08000664   0x08000664   0x00000038   Code   RO         2818    .text               mf_w.l(d2f.o)
    0x0800069c   0x0800069c   0x0000002c   Code   RO         2903    .text               mc_w.l(uidiv.o)
    0x080006c8   0x080006c8   0x0000001e   Code   RO         2905    .text               mc_w.l(llshl.o)
    0x080006e6   0x080006e6   0x00000020   Code   RO         2907    .text               mc_w.l(llushr.o)
    0x08000706   0x08000706   0x00000024   Code   RO         2909    .text               mc_w.l(llsshr.o)
    0x0800072a   0x0800072a   0x00000000   Code   RO         2920    .text               mc_w.l(iusefp.o)
    0x0800072a   0x0800072a   0x0000006e   Code   RO         2921    .text               mf_w.l(fepilogue.o)
    0x08000798   0x08000798   0x000000ba   Code   RO         2923    .text               mf_w.l(depilogue.o)
    0x08000852   0x08000852   0x00000030   Code   RO         2929    .text               mf_w.l(dfixul.o)
    0x08000882   0x08000882   0x00000002   PAD
    0x08000884   0x08000884   0x00000030   Code   RO         2931    .text               mf_w.l(cdcmple.o)
    0x080008b4   0x080008b4   0x00000030   Code   RO         2933    .text               mf_w.l(cdrcmple.o)
    0x080008e4   0x080008e4   0x00000024   Code   RO         2939    .text               mc_w.l(init.o)
    0x08000908   0x08000908   0x0000001a   Code   RO         2943    .text               mf_w.l(dfltui.o)
    0x08000922   0x08000922   0x0000003e   Code   RO         2945    .text               mf_w.l(dfixi.o)
    0x08000960   0x08000960   0x00000108   Code   RO         2021    .text.Angle_Speed_calc  calculatethread.o
    0x08000a68   0x08000a68   0x000000b8   Code   RO         2235    .text.BMI088_accel_read_over  bmi088driver.o
    0x08000b20   0x08000b20   0x000000ec   Code   RO         2237    .text.BMI088_gyro_read_over  bmi088driver.o
    0x08000c0c   0x08000c0c   0x00000056   Code   RO         2233    .text.BMI088_temperature_read_over  bmi088driver.o
    0x08000c62   0x08000c62   0x00000002   PAD
    0x08000c64   0x08000c64   0x00000004   Code   RO          169    .text.BusFault_Handler  stm32f4xx_it.o
    0x08000c68   0x08000c68   0x00000010   Code   RO          179    .text.CAN1_RX0_IRQHandler  stm32f4xx_it.o
    0x08000c78   0x08000c78   0x00000010   Code   RO          193    .text.CAN2_RX0_IRQHandler  stm32f4xx_it.o
    0x08000c88   0x08000c88   0x00000044   Code   RO         2487    .text.CMS_BUFFER_SEND  cms.o
    0x08000ccc   0x08000ccc   0x00000074   Code   RO         2489    .text.CMS_POWER_SEND  cms.o
    0x08000d40   0x08000d40   0x000001ee   Code   RO         2025    .text.CMS__         calculatethread.o
    0x08000f2e   0x08000f2e   0x00000002   PAD
    0x08000f30   0x08000f30   0x000000d0   Code   RO         2007    .text.CalculateThread  calculatethread.o
    0x08001000   0x08001000   0x00000058   Code   RO         2111    .text.CanSendTask   cansendthread.o
    0x08001058   0x08001058   0x00000034   Code   RO         2113    .text.Can_Send      cansendthread.o
    0x0800108c   0x0800108c   0x000001ec   Code   RO         2371    .text.Char_Draw     client_ui.o
    0x08001278   0x08001278   0x000002b6   Code   RO         2375    .text.Char_ReFresh  client_ui.o
    0x0800152e   0x0800152e   0x00000002   PAD
    0x08001530   0x08001530   0x000017dc   Code   RO         2019    .text.ChassisCommandUpdate  calculatethread.o
    0x08002d0c   0x08002d0c   0x00000004   PAD
    0x08002d10   0x08002d10   0x000002f8   Code   RO         2023    .text.ChassisCurrentUpdate  calculatethread.o
    0x08003008   0x08003008   0x0000015e   Code   RO         2015    .text.ChassisInfUpdate  calculatethread.o
    0x08003166   0x08003166   0x00000002   PAD
    0x08003168   0x08003168   0x00000280   Code   RO         2013    .text.ChassisInit   calculatethread.o
    0x080033e8   0x080033e8   0x000000ce   Code   RO         2017    .text.ChassisModeUpdate  calculatethread.o
    0x080034b6   0x080034b6   0x00000002   PAD
    0x080034b8   0x080034b8   0x000000f4   Code   RO         2396    .text.Chassis_Control  feet_motor.o
    0x080035ac   0x080035ac   0x0000018e   Code   RO         2365    .text.Circle_Draw   client_ui.o
    0x0800373a   0x0800373a   0x00000002   PAD
    0x0800373c   0x0800373c   0x00000040   Code   RO         1965    .text.CommuniteOfflineCounterUpdate  interruptservice.o
    0x0800377c   0x0800377c   0x0000008c   Code   RO         1967    .text.CommuniteOfflineStateUpdate  interruptservice.o
    0x08003808   0x08003808   0x00000010   Code   RO          177    .text.DMA1_Stream1_IRQHandler  stm32f4xx_it.o
    0x08003818   0x08003818   0x000010d2   Code   RO         1922    .text.DMA2_Stream0_IRQHandler  attitudethread.o
    0x080048ea   0x080048ea   0x00000002   PAD
    0x080048ec   0x080048ec   0x00000010   Code   RO          187    .text.DMA2_Stream1_IRQHandler  stm32f4xx_it.o
    0x080048fc   0x080048fc   0x00000010   Code   RO          189    .text.DMA2_Stream2_IRQHandler  stm32f4xx_it.o
    0x0800490c   0x0800490c   0x00000010   Code   RO          191    .text.DMA2_Stream3_IRQHandler  stm32f4xx_it.o
    0x0800491c   0x0800491c   0x00000010   Code   RO          195    .text.DMA2_Stream6_IRQHandler  stm32f4xx_it.o
    0x0800492c   0x0800492c   0x00000010   Code   RO          197    .text.DMA2_Stream7_IRQHandler  stm32f4xx_it.o
    0x0800493c   0x0800493c   0x00000056   Code   RO          485    .text.DMA_CalcBaseAndBitshift  stm32f4xx_hal_dma.o
    0x08004992   0x08004992   0x00000002   PAD
    0x08004994   0x08004994   0x000000f0   Code   RO          483    .text.DMA_CheckFifoParam  stm32f4xx_hal_dma.o
    0x08004a84   0x08004a84   0x00000050   Code   RO          491    .text.DMA_SetConfig  stm32f4xx_hal_dma.o
    0x08004ad4   0x08004ad4   0x00000002   Code   RO          173    .text.DebugMon_Handler  stm32f4xx_it.o
    0x08004ad6   0x08004ad6   0x00000002   PAD
    0x08004ad8   0x08004ad8   0x0000001e   Code   RO         1975    .text.DeviceOfflineMonitorUpdate  interruptservice.o
    0x08004af6   0x08004af6   0x00000002   PAD
    0x08004af8   0x08004af8   0x0000000a   Code   RO          175    .text.EXTI4_IRQHandler  stm32f4xx_it.o
    0x08004b02   0x08004b02   0x00000002   PAD
    0x08004b04   0x08004b04   0x0000000a   Code   RO          181    .text.EXTI9_5_IRQHandler  stm32f4xx_it.o
    0x08004b0e   0x08004b0e   0x00000002   PAD
    0x08004b10   0x08004b10   0x00000092   Code   RO         2424    .text.EnQueue       refereebehaviour.o
    0x08004ba2   0x08004ba2   0x00000002   PAD
    0x08004ba4   0x08004ba4   0x0000000e   Code   RO           15    .text.Error_Handler  main.o
    0x08004bb2   0x08004bb2   0x00000002   PAD
    0x08004bb4   0x08004bb4   0x00000032   Code   RO         2537    .text.Fabs          user_lib.o
    0x08004be6   0x08004be6   0x00000002   PAD
    0x08004be8   0x08004be8   0x0000017c   Code   RO         2369    .text.Float_Draw    client_ui.o
    0x08004d64   0x08004d64   0x00000066   Code   RO         2359    .text.Get_CRC16_Check_Sum_UI  client_ui.o
    0x08004dca   0x08004dca   0x00000002   PAD
    0x08004dcc   0x08004dcc   0x00000044   Code   RO         2357    .text.Get_CRC8_Check_Sum_UI  client_ui.o
    0x08004e10   0x08004e10   0x00000080   Code   RO         1916    .text.GimbalEulerSystemMeasureUpdate  attitudethread.o
    0x08004e90   0x08004e90   0x00000052   Code   RO          262    .text.HAL_CAN_ActivateNotification  stm32f4xx_hal_can.o
    0x08004ee2   0x08004ee2   0x00000002   PAD
    0x08004ee4   0x08004ee4   0x00000170   Code   RO          248    .text.HAL_CAN_AddTxMessage  stm32f4xx_hal_can.o
    0x08005054   0x08005054   0x000001a4   Code   RO          238    .text.HAL_CAN_ConfigFilter  stm32f4xx_hal_can.o
    0x080051f8   0x080051f8   0x00000008   Code   RO          292    .text.HAL_CAN_ErrorCallback  stm32f4xx_hal_can.o
    0x08005200   0x08005200   0x000001f0   Code   RO          258    .text.HAL_CAN_GetRxMessage  stm32f4xx_hal_can.o
    0x080053f0   0x080053f0   0x000003f2   Code   RO          266    .text.HAL_CAN_IRQHandler  stm32f4xx_hal_can.o
    0x080057e2   0x080057e2   0x00000002   PAD
    0x080057e4   0x080057e4   0x000001de   Code   RO          228    .text.HAL_CAN_Init  stm32f4xx_hal_can.o
    0x080059c2   0x080059c2   0x00000002   PAD
    0x080059c4   0x080059c4   0x00000184   Code   RO           65    .text.HAL_CAN_MspInit  can.o
    0x08005b48   0x08005b48   0x00000008   Code   RO          280    .text.HAL_CAN_RxFifo0FullCallback  stm32f4xx_hal_can.o
    0x08005b50   0x08005b50   0x00000388   Code   RO         1953    .text.HAL_CAN_RxFifo0MsgPendingCallback  interruptservice.o
    0x08005ed8   0x08005ed8   0x00000008   Code   RO          284    .text.HAL_CAN_RxFifo1FullCallback  stm32f4xx_hal_can.o
    0x08005ee0   0x08005ee0   0x00000008   Code   RO          286    .text.HAL_CAN_RxFifo1MsgPendingCallback  stm32f4xx_hal_can.o
    0x08005ee8   0x08005ee8   0x00000008   Code   RO          288    .text.HAL_CAN_SleepCallback  stm32f4xx_hal_can.o
    0x08005ef0   0x08005ef0   0x0000008a   Code   RO          240    .text.HAL_CAN_Start  stm32f4xx_hal_can.o
    0x08005f7a   0x08005f7a   0x00000002   PAD
    0x08005f7c   0x08005f7c   0x00000008   Code   RO          270    .text.HAL_CAN_TxMailbox0AbortCallback  stm32f4xx_hal_can.o
    0x08005f84   0x08005f84   0x00000008   Code   RO          268    .text.HAL_CAN_TxMailbox0CompleteCallback  stm32f4xx_hal_can.o
    0x08005f8c   0x08005f8c   0x00000008   Code   RO          274    .text.HAL_CAN_TxMailbox1AbortCallback  stm32f4xx_hal_can.o
    0x08005f94   0x08005f94   0x00000008   Code   RO          272    .text.HAL_CAN_TxMailbox1CompleteCallback  stm32f4xx_hal_can.o
    0x08005f9c   0x08005f9c   0x00000008   Code   RO          278    .text.HAL_CAN_TxMailbox2AbortCallback  stm32f4xx_hal_can.o
    0x08005fa4   0x08005fa4   0x00000008   Code   RO          276    .text.HAL_CAN_TxMailbox2CompleteCallback  stm32f4xx_hal_can.o
    0x08005fac   0x08005fac   0x00000008   Code   RO          290    .text.HAL_CAN_WakeUpFromRxMsgCallback  stm32f4xx_hal_can.o
    0x08005fb4   0x08005fb4   0x000000ec   Code   RO          495    .text.HAL_DMA_Abort  stm32f4xx_hal_dma.o
    0x080060a0   0x080060a0   0x00000044   Code   RO          497    .text.HAL_DMA_Abort_IT  stm32f4xx_hal_dma.o
    0x080060e4   0x080060e4   0x0000031e   Code   RO          501    .text.HAL_DMA_IRQHandler  stm32f4xx_hal_dma.o
    0x08006402   0x08006402   0x00000002   PAD
    0x08006404   0x08006404   0x0000016e   Code   RO          481    .text.HAL_DMA_Init  stm32f4xx_hal_dma.o
    0x08006572   0x08006572   0x00000002   PAD
    0x08006574   0x08006574   0x000000c2   Code   RO          493    .text.HAL_DMA_Start_IT  stm32f4xx_hal_dma.o
    0x08006636   0x08006636   0x00000002   PAD
    0x08006638   0x08006638   0x00000042   Code   RO          670    .text.HAL_Delay     stm32f4xx_hal.o
    0x0800667a   0x0800667a   0x00000002   PAD
    0x0800667c   0x0800667c   0x0000007e   Code   RO         1918    .text.HAL_GPIO_EXTI_Callback  attitudethread.o
    0x080066fa   0x080066fa   0x00000002   PAD
    0x080066fc   0x080066fc   0x00000038   Code   RO          455    .text.HAL_GPIO_EXTI_IRQHandler  stm32f4xx_hal_gpio.o
    0x08006734   0x08006734   0x000003b6   Code   RO          443    .text.HAL_GPIO_Init  stm32f4xx_hal_gpio.o
    0x08006aea   0x08006aea   0x00000002   PAD
    0x08006aec   0x08006aec   0x0000002e   Code   RO          449    .text.HAL_GPIO_WritePin  stm32f4xx_hal_gpio.o
    0x08006b1a   0x08006b1a   0x00000002   PAD
    0x08006b1c   0x08006b1c   0x0000000c   Code   RO          662    .text.HAL_GetTick   stm32f4xx_hal.o
    0x08006b28   0x08006b28   0x0000001a   Code   RO          660    .text.HAL_IncTick   stm32f4xx_hal.o
    0x08006b42   0x08006b42   0x00000002   PAD
    0x08006b44   0x08006b44   0x00000036   Code   RO          650    .text.HAL_Init      stm32f4xx_hal.o
    0x08006b7a   0x08006b7a   0x00000002   PAD
    0x08006b7c   0x08006b7c   0x000000f0   Code   RO          214    .text.HAL_InitTick  stm32f4xx_hal_timebase_tim.o
    0x08006c6c   0x08006c6c   0x00000058   Code   RO          206    .text.HAL_MspInit   stm32f4xx_hal_msp.o
    0x08006cc4   0x08006cc4   0x00000014   Code   RO          591    .text.HAL_NVIC_EnableIRQ  stm32f4xx_hal_cortex.o
    0x08006cd8   0x08006cd8   0x00000032   Code   RO          583    .text.HAL_NVIC_SetPriority  stm32f4xx_hal_cortex.o
    0x08006d0a   0x08006d0a   0x00000002   PAD
    0x08006d0c   0x08006d0c   0x00000010   Code   RO          579    .text.HAL_NVIC_SetPriorityGrouping  stm32f4xx_hal_cortex.o
    0x08006d1c   0x08006d1c   0x00000262   Code   RO          311    .text.HAL_RCC_ClockConfig  stm32f4xx_hal_rcc.o
    0x08006f7e   0x08006f7e   0x00000002   PAD
    0x08006f80   0x08006f80   0x00000054   Code   RO          329    .text.HAL_RCC_GetClockConfig  stm32f4xx_hal_rcc.o
    0x08006fd4   0x08006fd4   0x0000000c   Code   RO          321    .text.HAL_RCC_GetHCLKFreq  stm32f4xx_hal_rcc.o
    0x08006fe0   0x08006fe0   0x00000022   Code   RO          323    .text.HAL_RCC_GetPCLK1Freq  stm32f4xx_hal_rcc.o
    0x08007002   0x08007002   0x00000002   PAD
    0x08007004   0x08007004   0x00000022   Code   RO          325    .text.HAL_RCC_GetPCLK2Freq  stm32f4xx_hal_rcc.o
    0x08007026   0x08007026   0x00000002   PAD
    0x08007028   0x08007028   0x000000e6   Code   RO          313    .text.HAL_RCC_GetSysClockFreq  stm32f4xx_hal_rcc.o
    0x0800710e   0x0800710e   0x00000002   PAD
    0x08007110   0x08007110   0x000006be   Code   RO          309    .text.HAL_RCC_OscConfig  stm32f4xx_hal_rcc.o
    0x080077ce   0x080077ce   0x00000002   PAD
    0x080077d0   0x080077d0   0x00000100   Code   RO          739    .text.HAL_SPI_Init  stm32f4xx_hal_spi.o
    0x080078d0   0x080078d0   0x00000194   Code   RO           89    .text.HAL_SPI_MspInit  spi.o
    0x08007a64   0x08007a64   0x00000008   Code   RO         1179    .text.HAL_TIMEx_BreakCallback  stm32f4xx_hal_tim_ex.o
    0x08007a6c   0x08007a6c   0x00000008   Code   RO         1175    .text.HAL_TIMEx_CommutCallback  stm32f4xx_hal_tim_ex.o
    0x08007a74   0x08007a74   0x000000b2   Code   RO         1171    .text.HAL_TIMEx_ConfigBreakDeadTime  stm32f4xx_hal_tim_ex.o
    0x08007b26   0x08007b26   0x00000002   PAD
    0x08007b28   0x08007b28   0x00000122   Code   RO         1169    .text.HAL_TIMEx_MasterConfigSynchronization  stm32f4xx_hal_tim_ex.o
    0x08007c4a   0x08007c4a   0x00000002   PAD
    0x08007c4c   0x08007c4c   0x0000009c   Code   RO          856    .text.HAL_TIM_Base_Init  stm32f4xx_hal_tim.o
    0x08007ce8   0x08007ce8   0x000001d6   Code   RO          119    .text.HAL_TIM_Base_MspInit  tim.o
    0x08007ebe   0x08007ebe   0x00000002   PAD
    0x08007ec0   0x08007ec0   0x000000f6   Code   RO          870    .text.HAL_TIM_Base_Start_IT  stm32f4xx_hal_tim.o
    0x08007fb6   0x08007fb6   0x00000002   PAD
    0x08007fb8   0x08007fb8   0x00000184   Code   RO         1048    .text.HAL_TIM_ConfigClockSource  stm32f4xx_hal_tim.o
    0x0800813c   0x0800813c   0x00000008   Code   RO          992    .text.HAL_TIM_IC_CaptureCallback  stm32f4xx_hal_tim.o
    0x08008144   0x08008144   0x0000027a   Code   RO          990    .text.HAL_TIM_IRQHandler  stm32f4xx_hal_tim.o
    0x080083be   0x080083be   0x00000002   PAD
    0x080083c0   0x080083c0   0x0000016a   Code   RO          105    .text.HAL_TIM_MspPostInit  tim.o
    0x0800852a   0x0800852a   0x00000002   PAD
    0x0800852c   0x0800852c   0x00000008   Code   RO          994    .text.HAL_TIM_OC_DelayElapsedCallback  stm32f4xx_hal_tim.o
    0x08008534   0x08008534   0x00000142   Code   RO         1022    .text.HAL_TIM_PWM_ConfigChannel  stm32f4xx_hal_tim.o
    0x08008676   0x08008676   0x00000002   PAD
    0x08008678   0x08008678   0x0000009c   Code   RO          910    .text.HAL_TIM_PWM_Init  stm32f4xx_hal_tim.o
    0x08008714   0x08008714   0x00000008   Code   RO          912    .text.HAL_TIM_PWM_MspInit  stm32f4xx_hal_tim.o
    0x0800871c   0x0800871c   0x00000008   Code   RO          996    .text.HAL_TIM_PWM_PulseFinishedCallback  stm32f4xx_hal_tim.o
    0x08008724   0x08008724   0x000001ca   Code   RO          918    .text.HAL_TIM_PWM_Start  stm32f4xx_hal_tim.o
    0x080088ee   0x080088ee   0x00000002   PAD
    0x080088f0   0x080088f0   0x00000046   Code   RO         2115    .text.HAL_TIM_PeriodElapsedCallback  cansendthread.o
    0x08008936   0x08008936   0x00000002   PAD
    0x08008938   0x08008938   0x00000008   Code   RO         1000    .text.HAL_TIM_TriggerCallback  stm32f4xx_hal_tim.o
    0x08008940   0x08008940   0x0000000c   Code   RO         1282    .text.HAL_UARTEx_RxEventCallback  stm32f4xx_hal_uart.o
    0x0800894c   0x0800894c   0x00000008   Code   RO         1280    .text.HAL_UART_ErrorCallback  stm32f4xx_hal_uart.o
    0x08008954   0x08008954   0x0000041e   Code   RO         1274    .text.HAL_UART_IRQHandler  stm32f4xx_hal_uart.o
    0x08008d72   0x08008d72   0x00000002   PAD
    0x08008d74   0x08008d74   0x0000009a   Code   RO         1192    .text.HAL_UART_Init  stm32f4xx_hal_uart.o
    0x08008e0e   0x08008e0e   0x00000002   PAD
    0x08008e10   0x08008e10   0x000003d0   Code   RO          143    .text.HAL_UART_MspInit  usart.o
    0x080091e0   0x080091e0   0x00000008   Code   RO         1292    .text.HAL_UART_RxCpltCallback  stm32f4xx_hal_uart.o
    0x080091e8   0x080091e8   0x00000110   Code   RO         1220    .text.HAL_UART_Transmit_DMA  stm32f4xx_hal_uart.o
    0x080092f8   0x080092f8   0x00000008   Code   RO         1288    .text.HAL_UART_TxCpltCallback  stm32f4xx_hal_uart.o
    0x08009300   0x08009300   0x00000008   Code   RO         1290    .text.HAL_UART_TxHalfCpltCallback  stm32f4xx_hal_uart.o
    0x08009308   0x08009308   0x00000004   Code   RO          165    .text.HardFault_Handler  stm32f4xx_it.o
    0x0800930c   0x0800930c   0x00000026   Code   RO         2440    .text.IsEmpty       refereebehaviour.o
    0x08009332   0x08009332   0x00000002   PAD
    0x08009334   0x08009334   0x0000002a   Code   RO         2438    .text.IsFull        refereebehaviour.o
    0x0800935e   0x0800935e   0x00000002   PAD
    0x08009360   0x08009360   0x0000019e   Code   RO         2361    .text.Line_Draw     client_ui.o
    0x080094fe   0x080094fe   0x00000002   PAD
    0x08009500   0x08009500   0x0000004e   Code   RO           61    .text.MX_CAN1_Init  can.o
    0x0800954e   0x0800954e   0x00000002   PAD
    0x08009550   0x08009550   0x0000004e   Code   RO           63    .text.MX_CAN2_Init  can.o
    0x0800959e   0x0800959e   0x00000002   PAD
    0x080095a0   0x080095a0   0x000000ce   Code   RO           79    .text.MX_DMA_Init   dma.o
    0x0800966e   0x0800966e   0x00000002   PAD
    0x08009670   0x08009670   0x00000140   Code   RO           35    .text.MX_FREERTOS_Init  freertos.o
    0x080097b0   0x080097b0   0x00000236   Code   RO           25    .text.MX_GPIO_Init  gpio.o
    0x080099e6   0x080099e6   0x00000002   PAD
    0x080099e8   0x080099e8   0x00000052   Code   RO           87    .text.MX_SPI1_Init  spi.o
    0x08009a3a   0x08009a3a   0x00000002   PAD
    0x08009a3c   0x08009a3c   0x0000008e   Code   RO          117    .text.MX_TIM10_Init  tim.o
    0x08009aca   0x08009aca   0x00000002   PAD
    0x08009acc   0x08009acc   0x0000016e   Code   RO          103    .text.MX_TIM1_Init  tim.o
    0x08009c3a   0x08009c3a   0x00000002   PAD
    0x08009c3c   0x08009c3c   0x00000084   Code   RO          107    .text.MX_TIM3_Init  tim.o
    0x08009cc0   0x08009cc0   0x00000084   Code   RO          109    .text.MX_TIM4_Init  tim.o
    0x08009d44   0x08009d44   0x00000084   Code   RO          111    .text.MX_TIM5_Init  tim.o
    0x08009dc8   0x08009dc8   0x0000005a   Code   RO          113    .text.MX_TIM6_Init  tim.o
    0x08009e22   0x08009e22   0x00000002   PAD
    0x08009e24   0x08009e24   0x00000156   Code   RO          115    .text.MX_TIM8_Init  tim.o
    0x08009f7a   0x08009f7a   0x00000002   PAD
    0x08009f7c   0x08009f7c   0x00000040   Code   RO          137    .text.MX_USART1_UART_Init  usart.o
    0x08009fbc   0x08009fbc   0x00000048   Code   RO          139    .text.MX_USART3_UART_Init  usart.o
    0x0800a004   0x0800a004   0x00000040   Code   RO          141    .text.MX_USART6_UART_Init  usart.o
    0x0800a044   0x0800a044   0x00000004   Code   RO          167    .text.MemManage_Handler  stm32f4xx_it.o
    0x0800a048   0x0800a048   0x000003e0   Code   RO         2398    .text.MotorProcess  feet_motor.o
    0x0800a428   0x0800a428   0x00000004   Code   RO          163    .text.NMI_Handler   stm32f4xx_it.o
    0x0800a42c   0x0800a42c   0x0000006c   Code   RO          589    .text.NVIC_EncodePriority  stm32f4xx_hal_cortex.o
    0x0800a498   0x0800a498   0x0000024c   Code   RO         2587    .text.PID_calc      pid.o
    0x0800a6e4   0x0800a6e4   0x00000052   Code   RO         2583    .text.PID_init      pid.o
    0x0800a736   0x0800a736   0x0000000a   PAD
    0x0800a740   0x0800a740   0x00000064   Code   RO         1806    .text.PendSV_Handler  port.o
    0x0800a7a4   0x0800a7a4   0x0000012c   Code   RO         2442    .text.Pop           refereebehaviour.o
    0x0800a8d0   0x0800a8d0   0x00000020   Code   RO         2436    .text.QueueInit     refereebehaviour.o
    0x0800a8f0   0x0800a8f0   0x00000606   Code   RO         2009    .text.RefereeInfUpdate  calculatethread.o
    0x0800aef6   0x0800aef6   0x00000002   PAD
    0x0800aef8   0x0800aef8   0x00000052   Code   RO         2127    .text.RefereeTask   refereethread.o
    0x0800af4a   0x0800af4a   0x00000002   PAD
    0x0800af4c   0x0800af4c   0x0000539e   Code   RO         1872    .text.SPI1_DMA_enable  bsp_spi.o
    0x080102ea   0x080102ea   0x00000006   PAD
    0x080102f0   0x080102f0   0x00000024   Code   RO         1790    .text.SVC_Handler   port.o
    0x08010314   0x08010314   0x00000010   Code   RO           37    .text.StartDefaultTask  freertos.o
    0x08010324   0x08010324   0x0000003c   Code   RO         1808    .text.SysTick_Handler  port.o
    0x08010360   0x08010360   0x000000bc   Code   RO           13    .text.SystemClock_Config  main.o
    0x0801041c   0x0801041c   0x00000012   Code   RO         1321    .text.SystemInit    system_stm32f4xx.o
    0x0801042e   0x0801042e   0x00000002   PAD
    0x08010430   0x08010430   0x00000014   Code   RO         1955    .text.TIM3_IRQHandler  interruptservice.o
    0x08010444   0x08010444   0x00000014   Code   RO         1959    .text.TIM4_IRQHandler  interruptservice.o
    0x08010458   0x08010458   0x00000014   Code   RO         1957    .text.TIM5_IRQHandler  interruptservice.o
    0x0801046c   0x0801046c   0x00000014   Code   RO         1961    .text.TIM6_DAC_IRQHandler  interruptservice.o
    0x08010480   0x08010480   0x00000010   Code   RO          185    .text.TIM7_IRQHandler  stm32f4xx_it.o
    0x08010490   0x08010490   0x0000019a   Code   RO          860    .text.TIM_Base_SetConfig  stm32f4xx_hal_tim.o
    0x0801062a   0x0801062a   0x00000002   PAD
    0x0801062c   0x0801062c   0x00000036   Code   RO          894    .text.TIM_CCxChannelCmd  stm32f4xx_hal_tim.o
    0x08010662   0x08010662   0x00000002   PAD
    0x08010664   0x08010664   0x00000034   Code   RO         1046    .text.TIM_ETR_SetConfig  stm32f4xx_hal_tim.o
    0x08010698   0x08010698   0x0000002a   Code   RO         1052    .text.TIM_ITRx_SetConfig  stm32f4xx_hal_tim.o
    0x080106c2   0x080106c2   0x00000002   PAD
    0x080106c4   0x080106c4   0x000000ea   Code   RO         1004    .text.TIM_OC1_SetConfig  stm32f4xx_hal_tim.o
    0x080107ae   0x080107ae   0x00000002   PAD
    0x080107b0   0x080107b0   0x000000f4   Code   RO         1006    .text.TIM_OC2_SetConfig  stm32f4xx_hal_tim.o
    0x080108a4   0x080108a4   0x000000f2   Code   RO         1008    .text.TIM_OC3_SetConfig  stm32f4xx_hal_tim.o
    0x08010996   0x08010996   0x00000002   PAD
    0x08010998   0x08010998   0x000000a4   Code   RO         1010    .text.TIM_OC4_SetConfig  stm32f4xx_hal_tim.o
    0x08010a3c   0x08010a3c   0x00000050   Code   RO         1050    .text.TIM_TI1_ConfigInputStage  stm32f4xx_hal_tim.o
    0x08010a8c   0x08010a8c   0x00000052   Code   RO         1054    .text.TIM_TI2_ConfigInputStage  stm32f4xx_hal_tim.o
    0x08010ade   0x08010ade   0x00000002   PAD
    0x08010ae0   0x08010ae0   0x0000000c   Code   RO         1963    .text.TimerTaskLoop1000Hz  interruptservice.o
    0x08010aec   0x08010aec   0x00000088   Code   RO         1973    .text.TimerTaskLoop100Hz  interruptservice.o
    0x08010b74   0x08010b74   0x00000002   Code   RO         1969    .text.TimerTaskLoop500Hz_1  interruptservice.o
    0x08010b76   0x08010b76   0x00000002   PAD
    0x08010b78   0x08010b78   0x00000002   Code   RO         1971    .text.TimerTaskLoop500Hz_2  interruptservice.o
    0x08010b7a   0x08010b7a   0x00000002   PAD
    0x08010b7c   0x08010b7c   0x00000020   Code   RO         1278    .text.UART_DMAAbortOnError  stm32f4xx_hal_uart.o
    0x08010b9c   0x08010b9c   0x0000007c   Code   RO         1226    .text.UART_DMAError  stm32f4xx_hal_uart.o
    0x08010c18   0x08010c18   0x0000007a   Code   RO         1222    .text.UART_DMATransmitCplt  stm32f4xx_hal_uart.o
    0x08010c92   0x08010c92   0x00000002   PAD
    0x08010c94   0x08010c94   0x00000016   Code   RO         1224    .text.UART_DMATxHalfCplt  stm32f4xx_hal_uart.o
    0x08010caa   0x08010caa   0x00000002   PAD
    0x08010cac   0x08010cac   0x00000094   Code   RO         1240    .text.UART_EndRxTransfer  stm32f4xx_hal_uart.o
    0x08010d40   0x08010d40   0x00000026   Code   RO         1286    .text.UART_EndTransmit_IT  stm32f4xx_hal_uart.o
    0x08010d66   0x08010d66   0x00000002   PAD
    0x08010d68   0x08010d68   0x00000036   Code   RO         1238    .text.UART_EndTxTransfer  stm32f4xx_hal_uart.o
    0x08010d9e   0x08010d9e   0x00000002   PAD
    0x08010da0   0x08010da0   0x00000164   Code   RO         1276    .text.UART_Receive_IT  stm32f4xx_hal_uart.o
    0x08010f04   0x08010f04   0x0000013a   Code   RO         1196    .text.UART_SetConfig  stm32f4xx_hal_uart.o
    0x0801103e   0x0801103e   0x00000002   PAD
    0x08011040   0x08011040   0x00000094   Code   RO         1284    .text.UART_Transmit_IT  stm32f4xx_hal_uart.o
    0x080110d4   0x080110d4   0x000028f6   Code   RO         2150    .text.UI            uithread.o
    0x080139ca   0x080139ca   0x00000002   PAD
    0x080139cc   0x080139cc   0x000002fc   Code   RO         2373    .text.UI_ReFresh    client_ui.o
    0x08013cc8   0x08013cc8   0x000000d2   Code   RO         2353    .text.UImessage_add  client_ui.o
    0x08013d9a   0x08013d9a   0x00000002   PAD
    0x08013d9c   0x08013d9c   0x00000010   Code   RO          183    .text.USART1_IRQHandler  stm32f4xx_it.o
    0x08013dac   0x08013dac   0x0000012a   Code   RO         2286    .text.USART3_IRQHandler  remote.o
    0x08013ed6   0x08013ed6   0x00000002   PAD
    0x08013ed8   0x08013ed8   0x0000013e   Code   RO         2131    .text.USART6_IRQHandler  refereethread.o
    0x08014016   0x08014016   0x00000002   PAD
    0x08014018   0x08014018   0x00000004   Code   RO          171    .text.UsageFault_Handler  stm32f4xx_it.o
    0x0801401c   0x0801401c   0x00000030   Code   RO          593    .text.__NVIC_EnableIRQ  stm32f4xx_hal_cortex.o
    0x0801404c   0x0801404c   0x00000010   Code   RO          585    .text.__NVIC_GetPriorityGrouping  stm32f4xx_hal_cortex.o
    0x0801405c   0x0801405c   0x00000042   Code   RO          587    .text.__NVIC_SetPriority  stm32f4xx_hal_cortex.o
    0x0801409e   0x0801409e   0x00000002   PAD
    0x080140a0   0x080140a0   0x0000003c   Code   RO          581    .text.__NVIC_SetPriorityGrouping  stm32f4xx_hal_cortex.o
    0x080140dc   0x080140dc   0x00000064   Code   RO         1822    .text.can_filter_init  bsp_can.o
    0x08014140   0x08014140   0x0000082c   Code   RO         2011    .text.chassis_powerloop  calculatethread.o
    0x0801496c   0x0801496c   0x0000003e   Code   RO         1835    .text.delay_init    bsp_delay.o
    0x080149aa   0x080149aa   0x00000002   PAD
    0x080149ac   0x080149ac   0x00000064   Code   RO         2639    .text.fifo_s_get    fifo.o
    0x08014a10   0x08014a10   0x00000036   Code   RO         2629    .text.fifo_s_init   fifo.o
    0x08014a46   0x08014a46   0x00000002   PAD
    0x08014a48   0x08014a48   0x00000102   Code   RO         2635    .text.fifo_s_puts   fifo.o
    0x08014b4a   0x08014b4a   0x00000002   PAD
    0x08014b4c   0x08014b4c   0x0000000c   Code   RO         2653    .text.fifo_s_used   fifo.o
    0x08014b58   0x08014b58   0x00000026   Code   RO         2511    .text.first_order_filter_init  user_lib.o
    0x08014b7e   0x08014b7e   0x00000002   PAD
    0x08014b80   0x08014b80   0x00000066   Code   RO         2610    .text.get_CRC16_check_sum  crc8_crc16.o
    0x08014be6   0x08014be6   0x00000002   PAD
    0x08014be8   0x08014be8   0x00000044   Code   RO         2604    .text.get_CRC8_check_sum  crc8_crc16.o
    0x08014c2c   0x08014c2c   0x0000022a   Code   RO         1920    .text.imu_cmd_spi_dma  attitudethread.o
    0x08014e56   0x08014e56   0x00000002   PAD
    0x08014e58   0x08014e58   0x0000001a   Code   RO         1850    .text.imu_pwm_set   bsp_imu_pwm.o
    0x08014e72   0x08014e72   0x00000002   PAD
    0x08014e74   0x08014e74   0x000000d4   Code   RO         1924    .text.imu_temp_control  attitudethread.o
    0x08014f48   0x08014f48   0x000000ec   Code   RO         2420    .text.init_referee_struct_data  refereebehaviour.o
    0x08015034   0x08015034   0x0000005a   Code   RO         2493    .text.int16_to_float  cms.o
    0x0801508e   0x0801508e   0x00000002   PAD
    0x08015090   0x08015090   0x000000d4   Code   RO         2527    .text.loop_fp32_constrain  user_lib.o
    0x08015164   0x08015164   0x000000d0   Code   RO           11    .text.main          main.o
    0x08015234   0x08015234   0x00000028   Code   RO         1645    .text.makeFreeRtosPriority  cmsis_os.o
    0x0801525c   0x0801525c   0x00000028   Code   RO         1659    .text.osDelay       cmsis_os.o
    0x08015284   0x08015284   0x0000000c   Code   RO         1725    .text.osDelayUntil  cmsis_os.o
    0x08015290   0x08015290   0x0000000a   Code   RO         1635    .text.osKernelStart  cmsis_os.o
    0x0801529a   0x0801529a   0x00000002   PAD
    0x0801529c   0x0801529c   0x000000ac   Code   RO         1643    .text.osThreadCreate  cmsis_os.o
    0x08015348   0x08015348   0x000000f4   Code   RO         1519    .text.prvAddCurrentTaskToDelayedList  tasks.o
    0x0801543c   0x0801543c   0x00000110   Code   RO         1505    .text.prvAddNewTaskToReadyList  tasks.o
    0x0801554c   0x0801554c   0x0000005a   Code   RO         1603    .text.prvCheckTasksWaitingTermination  tasks.o
    0x080155a6   0x080155a6   0x00000002   PAD
    0x080155a8   0x080155a8   0x0000005e   Code   RO         1511    .text.prvDeleteTCB  tasks.o
    0x08015606   0x08015606   0x00000002   PAD
    0x08015608   0x08015608   0x000000bc   Code   RO         1757    .text.prvHeapInit   heap_4.o
    0x080156c4   0x080156c4   0x00000038   Code   RO         1541    .text.prvIdleTask   tasks.o
    0x080156fc   0x080156fc   0x00000114   Code   RO         1503    .text.prvInitialiseNewTask  tasks.o
    0x08015810   0x08015810   0x0000008e   Code   RO         1601    .text.prvInitialiseTaskLists  tasks.o
    0x0801589e   0x0801589e   0x00000002   PAD
    0x080158a0   0x080158a0   0x000000c6   Code   RO         1759    .text.prvInsertBlockIntoFreeList  heap_4.o
    0x08015966   0x08015966   0x00000002   PAD
    0x08015968   0x08015968   0x00000028   Code   RO         1798    .text.prvPortStartFirstTask  port.o
    0x08015990   0x08015990   0x00000046   Code   RO         1513    .text.prvResetNextTaskUnblockTime  tasks.o
    0x080159d6   0x080159d6   0x00000002   PAD
    0x080159d8   0x080159d8   0x0000004c   Code   RO         1788    .text.prvTaskExitError  port.o
    0x08015a24   0x08015a24   0x000001ec   Code   RO         1755    .text.pvPortMalloc  heap_4.o
    0x08015c10   0x08015c10   0x0000005e   Code   RO         1786    .text.pxPortInitialiseStack  port.o
    0x08015c6e   0x08015c6e   0x00000002   PAD
    0x08015c70   0x08015c70   0x00000390   Code   RO         2422    .text.referee_data_solve  refereebehaviour.o
    0x08016000   0x08016000   0x000001e4   Code   RO         2129    .text.referee_unpack_fifo_data  refereethread.o
    0x080161e4   0x080161e4   0x00000016   Code   RO         2290    .text.remote_control_init  remote.o
    0x080161fa   0x080161fa   0x00000002   PAD
    0x080161fc   0x080161fc   0x000001ae   Code   RO         2288    .text.sbus_to_rc    remote.o
    0x080163aa   0x080163aa   0x00000002   PAD
    0x080163ac   0x080163ac   0x00000030   Code   RO         2428    .text.send_bullet_limit  refereebehaviour.o
    0x080163dc   0x080163dc   0x000000b6   Code   RO         2434    .text.send_bullet_speed  refereebehaviour.o
    0x08016492   0x08016492   0x00000002   PAD
    0x08016494   0x08016494   0x00000052   Code   RO         2426    .text.send_game_status  refereebehaviour.o
    0x080164e6   0x080164e6   0x00000002   PAD
    0x080164e8   0x080164e8   0x00000088   Code   RO         2432    .text.send_power_heat_data  refereebehaviour.o
    0x08016570   0x08016570   0x0000005a   Code   RO         2430    .text.send_robot_information  refereebehaviour.o
    0x080165ca   0x080165ca   0x00000002   PAD
    0x080165cc   0x080165cc   0x000000a0   Code   RO         1881    .text.usart3_rx_dma_init  bsp_usart.o
    0x0801666c   0x0801666c   0x00000190   Code   RO         1891    .text.usart6_init   bsp_usart.o
    0x080167fc   0x080167fc   0x000000fe   Code   RO         1893    .text.usart6_tx_dma_enable  bsp_usart.o
    0x080168fa   0x080168fa   0x00000002   PAD
    0x080168fc   0x080168fc   0x00000048   Code   RO         1373    .text.uxListRemove  list.o
    0x08016944   0x08016944   0x0000002a   Code   RO           33    .text.vApplicationGetIdleTaskMemory  freertos.o
    0x0801696e   0x0801696e   0x00000002   PAD
    0x08016970   0x08016970   0x0000002e   Code   RO         1365    .text.vListInitialise  list.o
    0x0801699e   0x0801699e   0x00000002   PAD
    0x080169a0   0x080169a0   0x0000000e   Code   RO         1367    .text.vListInitialiseItem  list.o
    0x080169ae   0x080169ae   0x00000002   PAD
    0x080169b0   0x080169b0   0x0000006a   Code   RO         1371    .text.vListInsert   list.o
    0x08016a1a   0x08016a1a   0x00000002   PAD
    0x08016a1c   0x08016a1c   0x0000003a   Code   RO         1369    .text.vListInsertEnd  list.o
    0x08016a56   0x08016a56   0x00000002   PAD
    0x08016a58   0x08016a58   0x00000014   Code   RO         1796    .text.vPortEnableVFP  port.o
    0x08016a6c   0x08016a6c   0x00000056   Code   RO         1802    .text.vPortEnterCritical  port.o
    0x08016ac2   0x08016ac2   0x00000002   PAD
    0x08016ac4   0x08016ac4   0x0000004a   Code   RO         1804    .text.vPortExitCritical  port.o
    0x08016b0e   0x08016b0e   0x00000002   PAD
    0x08016b10   0x08016b10   0x000000ce   Code   RO         1761    .text.vPortFree     heap_4.o
    0x08016bde   0x08016bde   0x00000002   PAD
    0x08016be0   0x08016be0   0x00000044   Code   RO         1794    .text.vPortSetupTimerInterrupt  port.o
    0x08016c24   0x08016c24   0x0000006e   Code   RO         1515    .text.vTaskDelay    tasks.o
    0x08016c92   0x08016c92   0x00000002   PAD
    0x08016c94   0x08016c94   0x000000ce   Code   RO         1539    .text.vTaskStartScheduler  tasks.o
    0x08016d62   0x08016d62   0x00000002   PAD
    0x08016d64   0x08016d64   0x00000010   Code   RO         1517    .text.vTaskSuspendAll  tasks.o
    0x08016d74   0x08016d74   0x000000be   Code   RO         1531    .text.vTaskSwitchContext  tasks.o
    0x08016e32   0x08016e32   0x00000002   PAD
    0x08016e34   0x08016e34   0x0000007c   Code   RO         2612    .text.verify_CRC16_check_sum  crc8_crc16.o
    0x08016eb0   0x08016eb0   0x00000052   Code   RO         2606    .text.verify_CRC8_check_sum  crc8_crc16.o
    0x08016f02   0x08016f02   0x00000002   PAD
    0x08016f04   0x08016f04   0x00000156   Code   RO         1792    .text.xPortStartScheduler  port.o
    0x0801705a   0x0801705a   0x00000002   PAD
    0x0801705c   0x0801705c   0x0000009e   Code   RO         1507    .text.xTaskCreate   tasks.o
    0x080170fa   0x080170fa   0x00000002   PAD
    0x080170fc   0x080170fc   0x000000ce   Code   RO         1501    .text.xTaskCreateStatic  tasks.o
    0x080171ca   0x080171ca   0x00000002   PAD
    0x080171cc   0x080171cc   0x000001b8   Code   RO         1545    .text.xTaskIncrementTick  tasks.o
    0x08017384   0x08017384   0x00000178   Code   RO         1521    .text.xTaskResumeAll  tasks.o
    0x080174fc   0x080174fc   0x00000028   Code   RO         2749    i.__0sprintf        mc_w.l(printfa.o)
    0x08017524   0x08017524   0x00000030   Code   RO         2935    i.__ARM_fpclassify  m_wm.l(fpclassify.o)
    0x08017554   0x08017554   0x00000004   PAD
    0x08017558   0x08017558   0x000002d8   Code   RO         2820    i.__hardfp_atan     m_wm.l(atan.o)
    0x08017830   0x08017830   0x00000200   Code   RO         2699    i.__hardfp_atan2    m_wm.l(atan2.o)
    0x08017a30   0x08017a30   0x000000c8   Code   RO         2711    i.__hardfp_cos      m_wm.l(cos.o)
    0x08017af8   0x08017af8   0x000000c8   Code   RO         2717    i.__hardfp_sin      m_wm.l(sin.o)
    0x08017bc0   0x08017bc0   0x0000003a   Code   RO         2729    i.__hardfp_sqrtf    m_wm.l(sqrtf.o)
    0x08017bfa   0x08017bfa   0x00000006   PAD
    0x08017c00   0x08017c00   0x00000438   Code   RO         2867    i.__ieee754_rem_pio2  m_wm.l(rred.o)
    0x08018038   0x08018038   0x00000170   Code   RO         2827    i.__kernel_cos      m_wm.l(cos_i.o)
    0x080181a8   0x080181a8   0x000000f8   Code   RO         2937    i.__kernel_poly     m_wm.l(poly.o)
    0x080182a0   0x080182a0   0x00000130   Code   RO         2872    i.__kernel_sin      m_wm.l(sin_i.o)
    0x080183d0   0x080183d0   0x00000014   Code   RO         2831    i.__mathlib_dbl_infnan  m_wm.l(dunder.o)
    0x080183e4   0x080183e4   0x00000014   Code   RO         2832    i.__mathlib_dbl_infnan2  m_wm.l(dunder.o)
    0x080183f8   0x080183f8   0x00000020   Code   RO         2833    i.__mathlib_dbl_invalid  m_wm.l(dunder.o)
    0x08018418   0x08018418   0x00000020   Code   RO         2836    i.__mathlib_dbl_underflow  m_wm.l(dunder.o)
    0x08018438   0x08018438   0x0000000e   Code   RO         2949    i.__scatterload_copy  mc_w.l(handlers.o)
    0x08018446   0x08018446   0x00000002   Code   RO         2950    i.__scatterload_null  mc_w.l(handlers.o)
    0x08018448   0x08018448   0x0000000e   Code   RO         2951    i.__scatterload_zeroinit  mc_w.l(handlers.o)
    0x08018456   0x08018456   0x00000002   PAD
    0x08018458   0x08018458   0x0000000c   Code   RO         2915    i.__set_errno       mc_w.l(errno.o)
    0x08018464   0x08018464   0x00000184   Code   RO         2754    i._fp_digits        mc_w.l(printfa.o)
    0x080185e8   0x080185e8   0x000006dc   Code   RO         2755    i._printf_core      mc_w.l(printfa.o)
    0x08018cc4   0x08018cc4   0x00000024   Code   RO         2756    i._printf_post_padding  mc_w.l(printfa.o)
    0x08018ce8   0x08018ce8   0x0000002e   Code   RO         2757    i._printf_pre_padding  mc_w.l(printfa.o)
    0x08018d16   0x08018d16   0x0000000a   Code   RO         2759    i._sputc            mc_w.l(printfa.o)
    0x08018d20   0x08018d20   0x00000010   Code   RO         2822    i.atan              m_wm.l(atan.o)
    0x08018d30   0x08018d30   0x00000018   Code   RO         2846    i.fabs              m_wm.l(fabs.o)
    0x08018d48   0x08018d48   0x00000098   Data   RO         2823    .constdata          m_wm.l(atan.o)
    0x08018de0   0x08018de0   0x00000030   Data   RO         2828    .constdata          m_wm.l(cos_i.o)
    0x08018e10   0x08018e10   0x00000008   Data   RO         2866    .constdata          m_wm.l(qnan.o)
    0x08018e18   0x08018e18   0x000000cc   Data   RO         2869    .constdata          m_wm.l(rred.o)
    0x08018ee4   0x08018ee4   0x00000004   PAD
    0x08018ee8   0x08018ee8   0x00000028   Data   RO         2873    .constdata          m_wm.l(sin_i.o)
    0x08018f10   0x08018f10   0x0000001c   Data   RO           44    .rodata..L__const.MX_FREERTOS_Init.os_thread_def_Calculate  freertos.o
    0x08018f2c   0x08018f2c   0x0000001c   Data   RO           46    .rodata..L__const.MX_FREERTOS_Init.os_thread_def_CanSend  freertos.o
    0x08018f48   0x08018f48   0x0000001c   Data   RO           48    .rodata..L__const.MX_FREERTOS_Init.os_thread_def_GUI  freertos.o
    0x08018f64   0x08018f64   0x0000001c   Data   RO           50    .rodata..L__const.MX_FREERTOS_Init.os_thread_def_Referee  freertos.o
    0x08018f80   0x08018f80   0x0000001c   Data   RO           42    .rodata..L__const.MX_FREERTOS_Init.os_thread_def_defaultTask  freertos.o
    0x08018f9c   0x08018f9c   0x00000010   Data   RO         1326    .rodata.AHBPrescTable  system_stm32f4xx.o
    0x08018fac   0x08018fac   0x00000008   Data   RO         1327    .rodata.APBPrescTable  system_stm32f4xx.o
    0x08018fb4   0x08018fb4   0x00000100   Data   RO         2386    .rodata.CRC8_TAB_UI  client_ui.o
    0x080190b4   0x080190b4   0x00000100   Data   RO         2617    .rodata.CRC8_table  crc8_crc16.o
    0x080191b4   0x080191b4   0x00000008   Data   RO          511    .rodata.DMA_CalcBaseAndBitshift.flagBitshiftOffset  stm32f4xx_hal_dma.o
    0x080191bc   0x080191bc   0x0000002a   Data   RO           41    .rodata.str1.1      freertos.o
    0x080191e6   0x080191e6   0x00000005   Data   RO         1616    .rodata.str1.1      tasks.o
    0x080191eb   0x080191eb   0x00000005   Data   RO         1997    .rodata.str1.1      interruptservice.o
    0x080191f0   0x080191f0   0x0000009f   Data   RO         2163    .rodata.str1.1      uithread.o
    0x0801928f   0x0801928f   0x00000001   PAD
    0x08019290   0x08019290   0x00000200   Data   RO         2388    .rodata.wCRC_Table_UI  client_ui.o
    0x08019490   0x08019490   0x00000200   Data   RO         2619    .rodata.wCRC_table  crc8_crc16.o
    0x08019690   0x08019690   0x00000020   Data   RO         2948    Region$$Table       anon$$obj.o


    Execution Region RW_IRAM1 (Exec base: 0x20000000, Load base: 0x080196b0, Size: 0x0000e0f0, Max: 0x0001c000, ABSOLUTE)

    Exec Addr    Load Addr    Size         Type   Attr      Idx    E Section Name        Object

    0x20000000   0x080196b0   0x00000004   Data   RW         2916    .data               mc_w.l(errno.o)
    0x20000004   0x080196b4   0x00000010   Data   RW         2029    .data.Angle_zero_6020  calculatethread.o
    0x20000014   0x080196c4   0x00000004   Data   RW         2249    .data.BMI088_ACCEL_SEN  bmi088driver.o
    0x20000018   0x080196c8   0x00000004   Data   RW         2250    .data.BMI088_GYRO_SEN  bmi088driver.o
    0x2000001c   0x080196cc   0x00000002   Data   RW         2618    .data.CRC16_INIT    crc8_crc16.o
    0x2000001e   0x080196ce   0x00000002   PAD
    0x20000020   0x080196d0   0x00000014   Data   RW         2030    .data.Direction     calculatethread.o
    0x20000034   0x080196e4   0x00000004   Data   RW         2031    .data.Maxspeed      calculatethread.o
    0x20000038   0x080196e8   0x00000004   Data   RW         2032    .data.Power_Max     calculatethread.o
    0x2000003c   0x080196ec   0x00000004   Data   RW         1325    .data.SystemCoreClock  system_stm32f4xx.o
    0x20000040   0x080196f0   0x00000009   Data   RW         1927    .data.accel_dma_tx_buf  attitudethread.o
    0x20000049   0x080196f9   0x00000004   Data   RW         1928    .data.accel_temp_dma_tx_buf  attitudethread.o
    0x2000004d   0x080196fd   0x00000003   PAD
    0x20000050   0x08019700   0x00000004   Data   RW         2039    .data.cap_gain      calculatethread.o
    0x20000054   0x08019704   0x0000000c   Data   RW         2043    .data.follow_PID    calculatethread.o
    0x20000060   0x08019710   0x0000000c   Data   RW         2042    .data.follow_yaw_PID  calculatethread.o
    0x2000006c   0x0801971c   0x00000008   Data   RW         1926    .data.gyro_dma_tx_buf  attitudethread.o
    0x20000074   0x08019724   0x00000004   Data   RW         2035    .data.kp            calculatethread.o
    0x20000078   0x08019728   0x0000000c   Data   RW         2055    .data.left_back_3508_PID  calculatethread.o
    0x20000084   0x08019734   0x0000000c   Data   RW         2051    .data.left_back_6020_position_PID  calculatethread.o
    0x20000090   0x08019740   0x0000000c   Data   RW         2047    .data.left_back_6020_speed_PID  calculatethread.o
    0x2000009c   0x0801974c   0x0000000c   Data   RW         2052    .data.left_front_3508_PID  calculatethread.o
    0x200000a8   0x08019758   0x0000000c   Data   RW         2048    .data.left_front_6020_position_PID  calculatethread.o
    0x200000b4   0x08019764   0x0000000c   Data   RW         2044    .data.left_front_6020_speed_PID  calculatethread.o
    0x200000c0   0x08019770   0x0000000c   Data   RW         2054    .data.right_back_3508_PID  calculatethread.o
    0x200000cc   0x0801977c   0x0000000c   Data   RW         2050    .data.right_back_6020_position_PID  calculatethread.o
    0x200000d8   0x08019788   0x0000000c   Data   RW         2046    .data.right_back_6020_speed_PID  calculatethread.o
    0x200000e4   0x08019794   0x0000000c   Data   RW         2053    .data.right_front_3508_PID  calculatethread.o
    0x200000f0   0x080197a0   0x0000000c   Data   RW         2049    .data.right_front_6020_position_PID  calculatethread.o
    0x200000fc   0x080197ac   0x0000000c   Data   RW         2045    .data.right_front_6020_speed_PID  calculatethread.o
    0x20000108   0x080197b8   0x00000001   Data   RW          705    .data.uwTickFreq    stm32f4xx_hal.o
    0x20000109   0x080197b9   0x00000003   PAD
    0x2000010c   0x080197bc   0x00000004   Data   RW          704    .data.uwTickPrio    stm32f4xx_hal.o
    0x20000110   0x080197c0   0x00000004   Data   RW         1814    .data.uxCriticalNesting  port.o
    0x20000114   0x080197c4   0x00000004   PAD
    0x20000118        -       0x00000002   Zero   RW         2094    .bss.Aim            calculatethread.o
    0x2000011a        -       0x0000000b   Zero   RW         2472    .bss.BulletLimit    refereebehaviour.o
    0x20000125        -       0x0000000b   Zero   RW         2471    .bss.BulletSpeed    refereebehaviour.o
    0x20000130        -       0x00000004   Zero   RW         2118    .bss.CMSCounter     cansendthread.o
    0x20000134        -       0x0000000c   Zero   RW         2499    .bss.CMS_Data       cms.o
    0x20000140        -       0x00000004   Zero   RW           45    .bss.CalcThreadHandler  freertos.o
    0x20000144        -       0x00000004   Zero   RW           47    .bss.CanSendHandle  freertos.o
    0x20000148        -       0x0000000f   Zero   RW         2170    .bss.CapData        uithread.o
    0x20000157   0x080197c4   0x00000001   PAD
    0x20000158        -       0x00000120   Zero   RW         2062    .bss.Chassis        calculatethread.o
    0x20000278        -       0x0000000f   Zero   RW         2176    .bss.Coords         uithread.o
    0x20000287        -       0x0000000b   Zero   RW         2117    .bss.DataBuffer     cansendthread.o
    0x20000292   0x080197c4   0x00000002   PAD
    0x20000294        -       0x00000020   Zero   RW         2095    .bss.F_Motor        calculatethread.o
    0x200002b4        -       0x0000000b   Zero   RW         2479    .bss.GAMESTATUS     refereebehaviour.o
    0x200002bf   0x080197c4   0x00000001   PAD
    0x200002c0        -       0x00000004   Zero   RW           49    .bss.GUIHandle      freertos.o
    0x200002c4        -       0x00000004   Zero   RW           71    .bss.HAL_RCC_CAN1_CLK_ENABLED  can.o
    0x200002c8        -       0x0000000c   Zero   RW         1935    .bss.INS_angle      attitudethread.o
    0x200002d4        -       0x0000000c   Zero   RW         1936    .bss.INS_palstance  attitudethread.o
    0x200002e0        -       0x00000018   Zero   RW         2061    .bss.Imu            calculatethread.o
    0x200002f8        -       0x00000100   Zero   RW         2140    .bss.Info_Arr       refereethread.o
    0x200003f8        -       0x00000002   Zero   RW         2339    .bss.KeyFormerChannal  remote.o
    0x200003fa        -       0x00000002   Zero   RW         2340    .bss.KeyJumpChannal  remote.o
    0x200003fc        -       0x00000014   Zero   RW         2411    .bss.LEFT_BACK_3508_Measure  feet_motor.o
    0x20000410        -       0x00000014   Zero   RW         2407    .bss.LEFT_BACK_6020_Measure  feet_motor.o
    0x20000424        -       0x00000014   Zero   RW         2408    .bss.LEFT_FRONT_3508_Measure  feet_motor.o
    0x20000438        -       0x00000014   Zero   RW         2404    .bss.LEFT_FRONT_6020_Measure  feet_motor.o
    0x2000044c        -       0x0000002d   Zero   RW         2162    .bss.Mode           uithread.o
    0x20000479        -       0x00000001   Zero   RW         2088    .bss.Mode_last      calculatethread.o
    0x2000047a        -       0x00000001   Zero   RW         2087    .bss.Mode_now       calculatethread.o
    0x2000047b        -       0x00000010   Zero   RW         2401    .bss.MotorSendBuffer  feet_motor.o
    0x2000048b        -       0x0000000a   Zero   RW         2059    .bss.Offline        calculatethread.o
    0x20000495   0x080197c4   0x00000003   PAD
    0x20000498        -       0x00000028   Zero   RW         1995    .bss.OfflineCounter  interruptservice.o
    0x200004c0        -       0x0000000a   Zero   RW         1998    .bss.OfflineMonitor  interruptservice.o
    0x200004ca        -       0x00000007   Zero   RW         2083    .bss.PTZ            calculatethread.o
    0x200004d1   0x080197c4   0x00000003   PAD
    0x200004d4        -       0x00000004   Zero   RW         2091    .bss.Plimit         calculatethread.o
    0x200004d8        -       0x00000016   Zero   RW         2470    .bss.PowerHeatData  refereebehaviour.o
    0x200004ee   0x080197c4   0x00000002   PAD
    0x200004f0        -       0x00000014   Zero   RW         2410    .bss.RIGHT_BACK_3508_Measure  feet_motor.o
    0x20000504        -       0x00000014   Zero   RW         2406    .bss.RIGHT_BACK_6020_Measure  feet_motor.o
    0x20000518        -       0x00000014   Zero   RW         2409    .bss.RIGHT_FRONT_3508_Measure  feet_motor.o
    0x2000052c        -       0x00000014   Zero   RW         2405    .bss.RIGHT_FRONT_6020_Measure  feet_motor.o
    0x20000540        -       0x0000000d   Zero   RW         2060    .bss.Referee        calculatethread.o
    0x2000054d   0x080197c4   0x00000003   PAD
    0x20000550        -       0x00000004   Zero   RW           51    .bss.RefereeHandle  freertos.o
    0x20000554        -       0x0000000b   Zero   RW         2475    .bss.RobotInformation  refereebehaviour.o
    0x2000055f        -       0x00000422   Zero   RW         2466    .bss.SendBuffer     refereebehaviour.o
    0x20000981        -       0x00000003   Zero   RW         2478    .bss.SendGameStatus  refereebehaviour.o
    0x20000984        -       0x00000001   Zero   RW         2384    .bss.UI_Seq         client_ui.o
    0x20000985        -       0x00000400   Zero   RW         2382    .bss.UIsend_buffer  client_ui.o
    0x20000d85   0x080197c4   0x00000001   PAD
    0x20000d86        -       0x00000002   Zero   RW         2338    .bss.USART3_IRQHandler.this_time_rx_len  remote.o
    0x20000d88        -       0x00000002   Zero   RW         2139    .bss.USART6_IRQHandler.this_time_rx_len  refereethread.o
    0x20000d8a   0x080197c4   0x00000002   PAD
    0x20000d8c        -       0x00000014   Zero   RW         2412    .bss.YawMotorMeasure  feet_motor.o
    0x20000da0        -       0x00000009   Zero   RW         1941    .bss.accel_dma_rx_buf  attitudethread.o
    0x20000da9        -       0x00000004   Zero   RW         1942    .bss.accel_temp_dma_rx_buf  attitudethread.o
    0x20000dad        -       0x00000001   Zero   RW         1931    .bss.accel_temp_update_flag  attitudethread.o
    0x20000dae        -       0x00000001   Zero   RW         1930    .bss.accel_update_flag  attitudethread.o
    0x20000daf        -       0x00000001   Zero   RW         2161    .bss.aim_mode       uithread.o
    0x20000db0        -       0x00000004   Zero   RW         2085    .bss.angle_minus    calculatethread.o
    0x20000db4        -       0x00000024   Zero   RW         1937    .bss.bmi088_real_data  attitudethread.o
    0x20000dd8        -       0x00000006   Zero   RW         2459    .bss.buff_musk_t    refereebehaviour.o
    0x20000dde        -       0x00000006   Zero   RW         2463    .bss.bullet_remaining_t  refereebehaviour.o
    0x20000de4        -       0x00000018   Zero   RW         2119    .bss.can_tx_message  cansendthread.o
    0x20000dfc        -       0x00000018   Zero   RW         2400    .bss.can_tx_message  feet_motor.o
    0x20000e14        -       0x00000002   Zero   RW         2496    .bss.cms_buffer_can_send_data  cms.o
    0x20000e16   0x080197c4   0x00000002   PAD
    0x20000e18        -       0x00000018   Zero   RW         2495    .bss.cms_buffer_tx_message  cms.o
    0x20000e30        -       0x00000001   Zero   RW         2090    .bss.cms_flag       calculatethread.o
    0x20000e31   0x080197c4   0x00000001   PAD
    0x20000e32        -       0x00000002   Zero   RW         1992    .bss.cms_offline_counter  interruptservice.o
    0x20000e34        -       0x00000008   Zero   RW         2498    .bss.cms_power_can_send_data  cms.o
    0x20000e3c        -       0x00000018   Zero   RW         2497    .bss.cms_power_tx_message  cms.o
    0x20000e54        -       0x00000001   Zero   RW         1983    .bss.cms_send_period  interruptservice.o
    0x20000e55   0x080197c4   0x00000001   PAD
    0x20000e56        -       0x00000004   Zero   RW         1996    .bss.coords         interruptservice.o
    0x20000e5a        -       0x00000001   Zero   RW         2156    .bss.coords_flag    uithread.o
    0x20000e5b        -       0x00000001   Zero   RW         2153    .bss.count          uithread.o
    0x20000e5c        -       0x00000001   Zero   RW         2154    .bss.count2         uithread.o
    0x20000e5d        -       0x00000001   Zero   RW         2159    .bss.cover_mode     uithread.o
    0x20000e5e   0x080197c4   0x00000002   PAD
    0x20000e60        -       0x00000010   Zero   RW         2078    .bss.current_3508_filter_type  calculatethread.o
    0x20000e70        -       0x00000010   Zero   RW         2077    .bss.current_6020_filter_type  calculatethread.o
    0x20000e80        -       0x00000006   Zero   RW         2469    .bss.dart_client_cmd_t  refereebehaviour.o
    0x20000e86        -       0x00000003   Zero   RW         2468    .bss.dart_remaining_time_t  refereebehaviour.o
    0x20000e89   0x080197c4   0x00000003   PAD
    0x20000e8c        -       0x00000004   Zero   RW           43    .bss.defaultTaskHandle  freertos.o
    0x20000e90        -       0x00000004   Zero   RW         1842    .bss.fac_ms         bsp_delay.o
    0x20000e94        -       0x00000001   Zero   RW         1841    .bss.fac_us         bsp_delay.o
    0x20000e95   0x080197c4   0x00000003   PAD
    0x20000e98        -       0x00000004   Zero   RW         2453    .bss.field_event    refereebehaviour.o
    0x20000e9c        -       0x00000001   Zero   RW         2157    .bss.fire_mode      uithread.o
    0x20000e9d        -       0x00000001   Zero   RW         1945    .bss.first_temperate  attitudethread.o
    0x20000e9e   0x080197c4   0x00000002   PAD
    0x20000ea0        -       0x00000048   Zero   RW         2076    .bss.follow         calculatethread.o
    0x20000ee8        -       0x00000004   Zero   RW         2084    .bss.follow_angle   calculatethread.o
    0x20000eec        -       0x00000048   Zero   RW         2075    .bss.follow_yaw     calculatethread.o
    0x20000f34        -       0x00000001   Zero   RW         2451    .bss.game_result    refereebehaviour.o
    0x20000f35   0x080197c4   0x00000001   PAD
    0x20000f36        -       0x00000020   Zero   RW         2452    .bss.game_robot_HP_t  refereebehaviour.o
    0x20000f56   0x080197c4   0x00000002   PAD
    0x20000f58        -       0x0000000c   Zero   RW         2458    .bss.game_robot_pos_t  refereebehaviour.o
    0x20000f64        -       0x0000000b   Zero   RW         2450    .bss.game_state     refereebehaviour.o
    0x20000f6f        -       0x00000008   Zero   RW         1940    .bss.gyro_dma_rx_buf  attitudethread.o
    0x20000f77        -       0x00000001   Zero   RW         1929    .bss.gyro_update_flag  attitudethread.o
    0x20000f78        -       0x00000028   Zero   RW           69    .bss.hcan1          can.o
    0x20000fa0        -       0x00000028   Zero   RW           70    .bss.hcan2          can.o
    0x20000fc8        -       0x00000060   Zero   RW           94    .bss.hdma_spi1_rx   spi.o
    0x20001028        -       0x00000060   Zero   RW           95    .bss.hdma_spi1_tx   spi.o
    0x20001088        -       0x00000060   Zero   RW          150    .bss.hdma_usart1_rx  usart.o
    0x200010e8        -       0x00000060   Zero   RW          151    .bss.hdma_usart1_tx  usart.o
    0x20001148        -       0x00000060   Zero   RW          152    .bss.hdma_usart3_rx  usart.o
    0x200011a8        -       0x00000060   Zero   RW          153    .bss.hdma_usart6_rx  usart.o
    0x20001208        -       0x00000060   Zero   RW          154    .bss.hdma_usart6_tx  usart.o
    0x20001268        -       0x00000004   Zero   RW         2034    .bss.he             calculatethread.o
    0x2000126c        -       0x00000080   Zero   RW         2383    .bss.head           client_ui.o
    0x200012ec        -       0x00000058   Zero   RW           93    .bss.hspi1          spi.o
    0x20001344        -       0x00000048   Zero   RW          123    .bss.htim1          tim.o
    0x2000138c        -       0x00000048   Zero   RW          129    .bss.htim10         tim.o
    0x200013d4        -       0x00000048   Zero   RW          124    .bss.htim3          tim.o
    0x2000141c        -       0x00000048   Zero   RW          125    .bss.htim4          tim.o
    0x20001464        -       0x00000048   Zero   RW          126    .bss.htim5          tim.o
    0x200014ac        -       0x00000048   Zero   RW          127    .bss.htim6          tim.o
    0x200014f4        -       0x00000048   Zero   RW          220    .bss.htim7          stm32f4xx_hal_timebase_tim.o
    0x2000153c        -       0x00000048   Zero   RW          128    .bss.htim8          tim.o
    0x20001584        -       0x00000044   Zero   RW          147    .bss.huart1         usart.o
    0x200015c8        -       0x00000044   Zero   RW          148    .bss.huart3         usart.o
    0x2000160c        -       0x00000044   Zero   RW          149    .bss.huart6         usart.o
    0x20001650        -       0x0000000f   Zero   RW         2164    .bss.imagex         uithread.o
    0x2000165f        -       0x0000000f   Zero   RW         2165    .bss.imagey         uithread.o
    0x2000166e        -       0x00000001   Zero   RW         1933    .bss.imu_start_dma_flag  attitudethread.o
    0x2000166f        -       0x00000001   Zero   RW         1944    .bss.imu_temp_control.temp_constant_time  attitudethread.o
    0x20001670        -       0x00000048   Zero   RW         1938    .bss.imu_temp_pid   attitudethread.o
    0x200016b8        -       0x00000048   Zero   RW         2074    .bss.left_back_3508_pid  calculatethread.o
    0x20001700        -       0x00000048   Zero   RW         2070    .bss.left_back_6020_position_pid  calculatethread.o
    0x20001748        -       0x00000048   Zero   RW         2066    .bss.left_back_6020_speed_pid  calculatethread.o
    0x20001790        -       0x00000048   Zero   RW         2071    .bss.left_front_3508_pid  calculatethread.o
    0x200017d8        -       0x00000048   Zero   RW         2067    .bss.left_front_6020_position_pid  calculatethread.o
    0x20001820        -       0x00000048   Zero   RW         2063    .bss.left_front_6020_speed_pid  calculatethread.o
    0x20001868        -       0x00000004   Zero   RW         2036    .bss.lijupower      calculatethread.o
    0x2000186c        -       0x00000001   Zero   RW         2381    .bss.locked         client_ui.o
    0x2000186d        -       0x00000001   Zero   RW         2160    .bss.match_mode     uithread.o
    0x2000186e        -       0x00000001   Zero   RW         2155    .bss.mode           uithread.o
    0x2000186f        -       0x00000001   Zero   RW         2177    .bss.mode_change_flag  uithread.o
    0x20001870        -       0x0000002d   Zero   RW         2171    .bss.noforce        uithread.o
    0x2000189d        -       0x00000001   Zero   RW         2380    .bss.num            client_ui.o
    0x2000189e        -       0x0000002d   Zero   RW         2174    .bss.open1          uithread.o
    0x200018cb        -       0x0000002d   Zero   RW         2172    .bss.open2          uithread.o
    0x200018f8        -       0x0000002d   Zero   RW         2173    .bss.open3          uithread.o
    0x20001925        -       0x00000001   Zero   RW         2037    .bss.power_flag     calculatethread.o
    0x20001926   0x080197c4   0x00000002   PAD
    0x20001928        -       0x00000010   Zero   RW         2457    .bss.power_heat_data_t  refereebehaviour.o
    0x20001938        -       0x00000004   Zero   RW         2092    .bss.power_scale    calculatethread.o
    0x2000193c        -       0x00000004   Zero   RW         1605    .bss.pxCurrentTCB   tasks.o
    0x20001940        -       0x00000004   Zero   RW         1622    .bss.pxDelayedTaskList  tasks.o
    0x20001944        -       0x00000004   Zero   RW         1771    .bss.pxEnd          heap_4.o
    0x20001948        -       0x00000004   Zero   RW         1623    .bss.pxOverflowDelayedTaskList  tasks.o
    0x2000194c        -       0x0000008c   Zero   RW         1606    .bss.pxReadyTasksLists  tasks.o
    0x200019d8        -       0x00000016   Zero   RW         2343    .bss.rc_ctrl        remote.o
    0x200019ee   0x080197c4   0x00000002   PAD
    0x200019f0        -       0x00000018   Zero   RW         2134    .bss.referee_fifo   refereethread.o
    0x20001a08        -       0x00000400   Zero   RW         2135    .bss.referee_fifo_buf  refereethread.o
    0x20001e08        -       0x00000005   Zero   RW         2448    .bss.referee_receive_header  refereebehaviour.o
    0x20001e0d        -       0x00000005   Zero   RW         2449    .bss.referee_send_header  refereebehaviour.o
    0x20001e12        -       0x00000089   Zero   RW         2137    .bss.referee_unpack_obj  refereethread.o
    0x20001e9b        -       0x00000003   Zero   RW         2455    .bss.referee_warning_t  refereebehaviour.o
    0x20001e9e   0x080197c4   0x00000002   PAD
    0x20001ea0        -       0x00000004   Zero   RW         2464    .bss.rfid_status_t  refereebehaviour.o
    0x20001ea4        -       0x00000048   Zero   RW         2073    .bss.right_back_3508_pid  calculatethread.o
    0x20001eec        -       0x00000048   Zero   RW         2069    .bss.right_back_6020_position_pid  calculatethread.o
    0x20001f34        -       0x00000048   Zero   RW         2065    .bss.right_back_6020_speed_pid  calculatethread.o
    0x20001f7c        -       0x00000048   Zero   RW         2072    .bss.right_front_3508_pid  calculatethread.o
    0x20001fc4        -       0x00000048   Zero   RW         2068    .bss.right_front_6020_position_pid  calculatethread.o
    0x2000200c        -       0x00000048   Zero   RW         2064    .bss.right_front_6020_speed_pid  calculatethread.o
    0x20002054        -       0x00000002   Zero   RW         2460    .bss.robot_energy_t  refereebehaviour.o
    0x20002056        -       0x00000001   Zero   RW         2461    .bss.robot_hurt_t   refereebehaviour.o
    0x20002057   0x080197c4   0x00000001   PAD
    0x20002058        -       0x00000006   Zero   RW         2474    .bss.robot_information  refereebehaviour.o
    0x2000205e        -       0x0000000d   Zero   RW         2456    .bss.robot_state    refereebehaviour.o
    0x2000206b        -       0x0000002d   Zero   RW         2175    .bss.rune           uithread.o
    0x20002098        -       0x00000008   Zero   RW         1994    .bss.rx_data        interruptservice.o
    0x200020a0        -       0x0000001c   Zero   RW         1993    .bss.rx_header      interruptservice.o
    0x200020bc        -       0x00000048   Zero   RW         2342    .bss.sbus_rx_buf    remote.o
    0x20002104        -       0x00000004   Zero   RW         2402    .bss.send_mail_box_1  feet_motor.o
    0x20002108        -       0x00000004   Zero   RW         2403    .bss.send_mail_box_2  feet_motor.o
    0x2000210c        -       0x00000007   Zero   RW         2462    .bss.shoot_data_t   refereebehaviour.o
    0x20002113        -       0x00000001   Zero   RW         2158    .bss.shoot_mode     uithread.o
    0x20002114        -       0x00000010   Zero   RW         2086    .bss.speed          calculatethread.o
    0x20002124        -       0x00000002   Zero   RW         2041    .bss.stop_countdown  calculatethread.o
    0x20002126        -       0x00000001   Zero   RW         2040    .bss.stop_flag      calculatethread.o
    0x20002127   0x080197c4   0x00000001   PAD
    0x20002128        -       0x00000006   Zero   RW         2465    .bss.student_interactive_data_t  refereebehaviour.o
    0x2000212e        -       0x00000004   Zero   RW         2454    .bss.supply_projectile_action_t  refereebehaviour.o
    0x20002132        -       0x00000003   Zero   RW         2467    .bss.supply_projectile_booking_t  refereebehaviour.o
    0x20002135        -       0x00000001   Zero   RW         2379    .bss.top            client_ui.o
    0x20002136        -       0x00000020   Zero   RW          155    .bss.u1_buf         usart.o
    0x20002156        -       0x00007800   Zero   RW         1778    .bss.ucHeap         heap_4.o
    0x20009956        -       0x00000001   Zero   RW         1812    .bss.ucMaxSysCallPriority  port.o
    0x20009957   0x080197c4   0x00000001   PAD
    0x20009958        -       0x00000004   Zero   RW         1813    .bss.ulMaxPRIGROUPValue  port.o
    0x2000995c        -       0x00000400   Zero   RW         2136    .bss.usart6_buf     refereethread.o
    0x20009d5c        -       0x00000004   Zero   RW          706    .bss.uwTick         stm32f4xx_hal.o
    0x20009d60        -       0x00000004   Zero   RW         1611    .bss.uxCurrentNumberOfTasks  tasks.o
    0x20009d64        -       0x00000004   Zero   RW         1610    .bss.uxDeletedTasksWaitingCleanUp  tasks.o
    0x20009d68        -       0x00000004   Zero   RW         1613    .bss.uxSchedulerSuspended  tasks.o
    0x20009d6c        -       0x00000004   Zero   RW         1608    .bss.uxTaskNumber   tasks.o
    0x20009d70        -       0x00000004   Zero   RW         1607    .bss.uxTopReadyPriority  tasks.o
    0x20009d74        -       0x00000004   Zero   RW         2038    .bss.v_gain         calculatethread.o
    0x20009d78        -       0x00000004   Zero   RW         2057    .bss.vx_last        calculatethread.o
    0x20009d7c        -       0x00000004   Zero   RW         2058    .bss.vy_last        calculatethread.o
    0x20009d80        -       0x00000010   Zero   RW         2079    .bss.wheel_angle_1  calculatethread.o
    0x20009d90        -       0x00000010   Zero   RW         2080    .bss.wheel_angle_2  calculatethread.o
    0x20009da0        -       0x00000010   Zero   RW         2081    .bss.wheel_angle_3  calculatethread.o
    0x20009db0        -       0x00000010   Zero   RW         2082    .bss.wheel_angle_4  calculatethread.o
    0x20009dc0        -       0x0000000f   Zero   RW         2166    .bss.x1             uithread.o
    0x20009dcf        -       0x0000000f   Zero   RW         2168    .bss.x13            uithread.o
    0x20009dde        -       0x0000000f   Zero   RW         2169    .bss.x14            uithread.o
    0x20009ded        -       0x0000000f   Zero   RW         2167    .bss.x6             uithread.o
    0x20009dfc        -       0x00000004   Zero   RW         1772    .bss.xBlockAllocatedBit  heap_4.o
    0x20009e00        -       0x00000014   Zero   RW         1625    .bss.xDelayedTaskList1  tasks.o
    0x20009e14        -       0x00000014   Zero   RW         1626    .bss.xDelayedTaskList2  tasks.o
    0x20009e28        -       0x00000004   Zero   RW         1773    .bss.xFreeBytesRemaining  heap_4.o
    0x20009e2c        -       0x00000200   Zero   RW           40    .bss.xIdleStack     freertos.o
    0x2000a02c        -       0x00000004   Zero   RW         1617    .bss.xIdleTaskHandle  tasks.o
    0x2000a030        -       0x00000054   Zero   RW           39    .bss.xIdleTaskTCBBuffer  freertos.o
    0x2000a084        -       0x00000004   Zero   RW         1775    .bss.xMinimumEverFreeBytesRemaining  heap_4.o
    0x2000a088        -       0x00000004   Zero   RW         1618    .bss.xNextTaskUnblockTime  tasks.o
    0x2000a08c        -       0x00000004   Zero   RW         1624    .bss.xNumOfOverflows  tasks.o
    0x2000a090        -       0x00000004   Zero   RW         1776    .bss.xNumberOfSuccessfulAllocations  heap_4.o
    0x2000a094        -       0x00000004   Zero   RW         1777    .bss.xNumberOfSuccessfulFrees  heap_4.o
    0x2000a098        -       0x00000004   Zero   RW         1621    .bss.xPendedTicks   tasks.o
    0x2000a09c        -       0x00000014   Zero   RW         1615    .bss.xPendingReadyList  tasks.o
    0x2000a0b0        -       0x00000004   Zero   RW         1612    .bss.xSchedulerRunning  tasks.o
    0x2000a0b4        -       0x00000008   Zero   RW         1774    .bss.xStart         heap_4.o
    0x2000a0bc        -       0x00000014   Zero   RW         1614    .bss.xSuspendedTaskList  tasks.o
    0x2000a0d0        -       0x00000014   Zero   RW         1609    .bss.xTasksWaitingTermination  tasks.o
    0x2000a0e4        -       0x00000004   Zero   RW         1619    .bss.xTickCount     tasks.o
    0x2000a0e8        -       0x00000004   Zero   RW         1620    .bss.xYieldPending  tasks.o
    0x2000a0ec   0x080197c4   0x00000004   PAD
    0x2000a0f0        -       0x00004000   Zero   RW            1    STACK               startup_stm32f407xx.o


    Execution Region RW_IRAM2 (Exec base: 0x2001c000, Load base: 0x080197c8, Size: 0x00000000, Max: 0x00004000, ABSOLUTE)

    **** No section assigned to this execution region ****


==============================================================================

Image component sizes


      Code (inc. data)   RO Data    RW Data    ZI Data      Debug   Object Name

      5326         12          0         21        159       6828   attitudethread.o
       506         12          0          8          0       6050   bmi088driver.o
       100          0          0          0          0       3334   bsp_can.o
        62          0          0          0          5       1605   bsp_delay.o
        26          0          0          0          0        494   bsp_imu_pwm.o
     21406          0          0          0          0       5665   bsp_spi.o
       814          0          0          0          0       2327   bsp_usart.o
     12664        636          0        220       1539      10832   calculatethread.o
       544          0          0          0         84       6459   can.o
       210          0          0          0         39       6107   cansendthread.o
      3522          8        768          0       1156       8944   client_ui.o
       274          0          0          0         70       2449   cms.o
       274          0          0          0          0      16144   cmsis_os.o
       376          0        768          2          0       2160   crc8_crc16.o
       206          0          0          0          0       3327   dma.o
      1236         28          0          0        228       4094   feet_motor.o
       424          0          0          0          0       9360   fifo.o
       378          0        182          0        616       3254   freertos.o
       566          0          0          0          0       4214   gpio.o
      1084          0          0          0      30752       4407   heap_4.o
      1370         20          5          0         93       5506   interruptservice.o
       296          0          0          0          0       2207   list.o
       410          0          0          0          0       2747   main.o
       670          0          0          0          0       3072   pid.o
       996         16          0          4          5       3815   port.o
      2244          0          0          0       1283       8332   refereebehaviour.o
       884          6          0          0       2467       3307   refereethread.o
       750          0          0          0        100       5155   remote.o
       486          0          0          0        280       5078   spi.o
        36          8        392          0      16384        836   startup_stm32f407xx.o
       158          0          0          5          4       7100   stm32f4xx_hal.o
      3088          0          0          0          0      11306   stm32f4xx_hal_can.o
       384          0          0          0          0       9413   stm32f4xx_hal_cortex.o
      2068          8          8          0          0       8460   stm32f4xx_hal_dma.o
      1052          0          0          0          0       5079   stm32f4xx_hal_gpio.o
        88          0          0          0          0       3348   stm32f4xx_hal_msp.o
      2730          0          0          0          0       7563   stm32f4xx_hal_rcc.o
       256          0          0          0          0      19656   stm32f4xx_hal_spi.o
      4004         14          0          0          0      35744   stm32f4xx_hal_tim.o
       484          0          0          0          0      15248   stm32f4xx_hal_tim_ex.o
       240          0          0          0         72       7092   stm32f4xx_hal_timebase_tim.o
      2882          0          0          0          0      20102   stm32f4xx_hal_uart.o
       202          0          0          0          0       2079   stm32f4xx_it.o
        18          0         24          4          0       2516   system_stm32f4xx.o
      2946          0          5          0        300      20305   tasks.o
      2168          0          0          0        504      10502   tim.o
     10486         12        159          0        400       5773   uithread.o
      1176          0          0          0        716       7858   usart.o
       300          0          0          0          0       4553   user_lib.o

    ----------------------------------------------------------------------
     93120        784       2344        272      57308     351806   Object Totals
         0          0         32          0          0          0   (incl. Generated)
       250          4          1          8         52          0   (incl. Padding)

    ----------------------------------------------------------------------

      Code (inc. data)   RO Data    RW Data    ZI Data      Debug   Library Member Name

       744        106        152          0          0        352   atan.o
       512         64          0          0          0        208   atan2.o
       200         20          0          0          0        164   cos.o
       368         46         48          0          0        200   cos_i.o
       104         16          0          0          0        496   dunder.o
        24          0          0          0          0        124   fabs.o
        48          0          0          0          0        124   fpclassify.o
       248          0          0          0          0        152   poly.o
         0          0          8          0          0          0   qnan.o
      1080        142        204          0          0        188   rred.o
       200         20          0          0          0        164   sin.o
       304         24         40          0          0        208   sin_i.o
        58          0          0          0          0        136   sqrtf.o
         0          0          0          0          0          0   entry.o
         0          0          0          0          0          0   entry10a.o
         0          0          0          0          0          0   entry11a.o
         8          4          0          0          0          0   entry2.o
         4          0          0          0          0          0   entry5.o
         0          0          0          0          0          0   entry7b.o
         0          0          0          0          0          0   entry8b.o
         8          4          0          0          0          0   entry9a.o
        12          6          0          4          0         68   errno.o
        30          0          0          0          0          0   handlers.o
        36          8          0          0          0         68   init.o
         0          0          0          0          0          0   iusefp.o
        30          0          0          0          0         68   llshl.o
        36          0          0          0          0         68   llsshr.o
        32          0          0          0          0         68   llushr.o
        36          0          0          0          0         68   memcpya.o
        36          0          0          0          0        108   memseta.o
      2276         86          0          0          0        520   printfa.o
        44          0          0          0          0         80   uidiv.o
        98          0          0          0          0         92   uldiv.o
        48          0          0          0          0         68   cdcmple.o
        48          0          0          0          0         68   cdrcmple.o
        56          0          0          0          0         88   d2f.o
       334          0          0          0          0        148   dadd.o
        54          0          0          0          0         80   dcmpge.o
        54          0          0          0          0         80   dcmpgt.o
        54          0          0          0          0         80   dcmple.o
       222          0          0          0          0        100   ddiv.o
       186          0          0          0          0        176   depilogue.o
        62          0          0          0          0         80   dfixi.o
        48          0          0          0          0         68   dfixul.o
        34          0          0          0          0         76   dflti.o
        26          0          0          0          0         76   dfltui.o
       228          0          0          0          0         96   dmul.o
        38          0          0          0          0         68   f2d.o
       110          0          0          0          0        168   fepilogue.o

    ----------------------------------------------------------------------
      8192        546        456          4          0       5244   Library Totals
        14          0          4          0          0          0   (incl. Padding)

    ----------------------------------------------------------------------

      Code (inc. data)   RO Data    RW Data    ZI Data      Debug   Library Name

      3890        438        452          0          0       2516   m_wm.l
      2686        108          0          4          0       1208   mc_w.l
      1602          0          0          0          0       1520   mf_w.l

    ----------------------------------------------------------------------
      8192        546        456          4          0       5244   Library Totals

    ----------------------------------------------------------------------

==============================================================================


      Code (inc. data)   RO Data    RW Data    ZI Data      Debug   

    101312       1330       2800        276      57308     353358   Grand Totals
    101312       1330       2800        276      57308     353358   ELF Image Totals
    101312       1330       2800        276          0          0   ROM Totals

==============================================================================

    Total RO  Size (Code + RO Data)               104112 ( 101.67kB)
    Total RW  Size (RW Data + ZI Data)             57584 (  56.23kB)
    Total ROM Size (Code + RO Data + RW Data)     104388 ( 101.94kB)

==============================================================================

