Component: Arm Compiler for Embedded 6.19 Tool: armlink [5e73cb00]

==============================================================================

Section Cross References

    startup_stm32f407xx.o(RESET) refers to startup_stm32f407xx.o(STACK) for __initial_sp
    startup_stm32f407xx.o(RESET) refers to startup_stm32f407xx.o(.text) for Reset_Handler
    startup_stm32f407xx.o(RESET) refers to stm32f4xx_it.o(.text.NMI_Handler) for NMI_Handler
    startup_stm32f407xx.o(RESET) refers to stm32f4xx_it.o(.text.HardFault_Handler) for HardFault_Handler
    startup_stm32f407xx.o(RESET) refers to stm32f4xx_it.o(.text.MemManage_Handler) for MemManage_Handler
    startup_stm32f407xx.o(RESET) refers to stm32f4xx_it.o(.text.BusFault_Handler) for BusFault_Handler
    startup_stm32f407xx.o(RESET) refers to stm32f4xx_it.o(.text.UsageFault_Handler) for UsageFault_Handler
    startup_stm32f407xx.o(RESET) refers to port.o(.text.SVC_Handler) for SVC_Handler
    startup_stm32f407xx.o(RESET) refers to stm32f4xx_it.o(.text.DebugMon_Handler) for DebugMon_Handler
    startup_stm32f407xx.o(RESET) refers to port.o(.text.PendSV_Handler) for PendSV_Handler
    startup_stm32f407xx.o(RESET) refers to port.o(.text.SysTick_Handler) for SysTick_Handler
    startup_stm32f407xx.o(RESET) refers to stm32f4xx_it.o(.text.EXTI4_IRQHandler) for EXTI4_IRQHandler
    startup_stm32f407xx.o(RESET) refers to stm32f4xx_it.o(.text.DMA1_Stream1_IRQHandler) for DMA1_Stream1_IRQHandler
    startup_stm32f407xx.o(RESET) refers to stm32f4xx_it.o(.text.CAN1_RX0_IRQHandler) for CAN1_RX0_IRQHandler
    startup_stm32f407xx.o(RESET) refers to stm32f4xx_it.o(.text.EXTI9_5_IRQHandler) for EXTI9_5_IRQHandler
    startup_stm32f407xx.o(RESET) refers to interruptservice.o(.text.TIM3_IRQHandler) for TIM3_IRQHandler
    startup_stm32f407xx.o(RESET) refers to interruptservice.o(.text.TIM4_IRQHandler) for TIM4_IRQHandler
    startup_stm32f407xx.o(RESET) refers to stm32f4xx_it.o(.text.USART1_IRQHandler) for USART1_IRQHandler
    startup_stm32f407xx.o(RESET) refers to remote.o(.text.USART3_IRQHandler) for USART3_IRQHandler
    startup_stm32f407xx.o(RESET) refers to interruptservice.o(.text.TIM5_IRQHandler) for TIM5_IRQHandler
    startup_stm32f407xx.o(RESET) refers to interruptservice.o(.text.TIM6_DAC_IRQHandler) for TIM6_DAC_IRQHandler
    startup_stm32f407xx.o(RESET) refers to stm32f4xx_it.o(.text.TIM7_IRQHandler) for TIM7_IRQHandler
    startup_stm32f407xx.o(RESET) refers to attitudethread.o(.text.DMA2_Stream0_IRQHandler) for DMA2_Stream0_IRQHandler
    startup_stm32f407xx.o(RESET) refers to stm32f4xx_it.o(.text.DMA2_Stream1_IRQHandler) for DMA2_Stream1_IRQHandler
    startup_stm32f407xx.o(RESET) refers to stm32f4xx_it.o(.text.DMA2_Stream2_IRQHandler) for DMA2_Stream2_IRQHandler
    startup_stm32f407xx.o(RESET) refers to stm32f4xx_it.o(.text.DMA2_Stream3_IRQHandler) for DMA2_Stream3_IRQHandler
    startup_stm32f407xx.o(RESET) refers to stm32f4xx_it.o(.text.CAN2_RX0_IRQHandler) for CAN2_RX0_IRQHandler
    startup_stm32f407xx.o(RESET) refers to stm32f4xx_it.o(.text.DMA2_Stream6_IRQHandler) for DMA2_Stream6_IRQHandler
    startup_stm32f407xx.o(RESET) refers to stm32f4xx_it.o(.text.DMA2_Stream7_IRQHandler) for DMA2_Stream7_IRQHandler
    startup_stm32f407xx.o(RESET) refers to refereethread.o(.text.USART6_IRQHandler) for USART6_IRQHandler
    startup_stm32f407xx.o(.text) refers to system_stm32f4xx.o(.text.SystemInit) for SystemInit
    startup_stm32f407xx.o(.text) refers to entry.o(.ARM.Collect$$$$00000000) for __main
    main.o(.text.main) refers to stm32f4xx_hal.o(.text.HAL_Init) for HAL_Init
    main.o(.text.main) refers to main.o(.text.SystemClock_Config) for SystemClock_Config
    main.o(.text.main) refers to gpio.o(.text.MX_GPIO_Init) for MX_GPIO_Init
    main.o(.text.main) refers to dma.o(.text.MX_DMA_Init) for MX_DMA_Init
    main.o(.text.main) refers to can.o(.text.MX_CAN1_Init) for MX_CAN1_Init
    main.o(.text.main) refers to spi.o(.text.MX_SPI1_Init) for MX_SPI1_Init
    main.o(.text.main) refers to tim.o(.text.MX_TIM5_Init) for MX_TIM5_Init
    main.o(.text.main) refers to tim.o(.text.MX_TIM10_Init) for MX_TIM10_Init
    main.o(.text.main) refers to can.o(.text.MX_CAN2_Init) for MX_CAN2_Init
    main.o(.text.main) refers to usart.o(.text.MX_USART1_UART_Init) for MX_USART1_UART_Init
    main.o(.text.main) refers to usart.o(.text.MX_USART3_UART_Init) for MX_USART3_UART_Init
    main.o(.text.main) refers to usart.o(.text.MX_USART6_UART_Init) for MX_USART6_UART_Init
    main.o(.text.main) refers to tim.o(.text.MX_TIM3_Init) for MX_TIM3_Init
    main.o(.text.main) refers to tim.o(.text.MX_TIM4_Init) for MX_TIM4_Init
    main.o(.text.main) refers to tim.o(.text.MX_TIM1_Init) for MX_TIM1_Init
    main.o(.text.main) refers to tim.o(.text.MX_TIM8_Init) for MX_TIM8_Init
    main.o(.text.main) refers to tim.o(.text.MX_TIM6_Init) for MX_TIM6_Init
    main.o(.text.main) refers to bsp_delay.o(.text.delay_init) for delay_init
[...]
    htim5                                    0x20000fbc   Data          72  tim.o(.bss.htim5)
    htim6                                    0x20001004   Data          72  tim.o(.bss.htim6)
    htim7                                    0x2000104c   Data          72  stm32f4xx_hal_timebase_tim.o(.bss.htim7)
    htim8                                    0x20001094   Data          72  tim.o(.bss.htim8)
    huart1                                   0x200010dc   Data          68  usart.o(.bss.huart1)
    huart3                                   0x20001120   Data          68  usart.o(.bss.huart3)
    huart6                                   0x20001164   Data          68  usart.o(.bss.huart6)
    imagex                                   0x200011a8   Data          15  uithread.o(.bss.imagex)
    imagey                                   0x200011b7   Data          15  uithread.o(.bss.imagey)
    imu_start_dma_flag                       0x200011c6   Data           1  attitudethread.o(.bss.imu_start_dma_flag)
    integralFBx                              0x20001210   Data           4  mahonyahrs.o(.bss.integralFBx)
    integralFBy                              0x20001214   Data           4  mahonyahrs.o(.bss.integralFBy)
    integralFBz                              0x20001218   Data           4  mahonyahrs.o(.bss.integralFBz)
    last_speed                               0x2000121c   Data          32  calculatethread.o(.bss.last_speed)
    left_back_3508_pid                       0x2000123c   Data          72  calculatethread.o(.bss.left_back_3508_pid)
    left_back_6020_position_pid              0x20001284   Data          72  calculatethread.o(.bss.left_back_6020_position_pid)
    left_back_6020_speed_pid                 0x200012cc   Data          72  calculatethread.o(.bss.left_back_6020_speed_pid)
    left_front_3508_pid                      0x20001314   Data          72  calculatethread.o(.bss.left_front_3508_pid)
    left_front_6020_position_pid             0x2000135c   Data          72  calculatethread.o(.bss.left_front_6020_position_pid)
    left_front_6020_speed_pid                0x200013a4   Data          72  calculatethread.o(.bss.left_front_6020_speed_pid)
    lijupower                                0x200013ec   Data           4  calculatethread.o(.bss.lijupower)
    noforce                                  0x200013f0   Data          45  uithread.o(.bss.noforce)
    open1                                    0x2000141d   Data          45  uithread.o(.bss.open1)
    open2                                    0x2000144a   Data          45  uithread.o(.bss.open2)
    open3                                    0x20001477   Data          45  uithread.o(.bss.open3)
    power_flag                               0x200014a4   Data           1  calculatethread.o(.bss.power_flag)
    power_heat_data_t                        0x200014a8   Data          16  refereebehaviour.o(.bss.power_heat_data_t)
    power_scale                              0x200014b8   Data           4  calculatethread.o(.bss.power_scale)
    pxCurrentTCB                             0x200014bc   Data           4  tasks.o(.bss.pxCurrentTCB)
    rc_ctrl                                  0x20001558   Data          22  remote.o(.bss.rc_ctrl)
    referee_fifo                             0x20001570   Data          24  refereethread.o(.bss.referee_fifo)
    referee_fifo_buf                         0x20001588   Data        1024  refereethread.o(.bss.referee_fifo_buf)
    referee_receive_header                   0x20001988   Data           5  refereebehaviour.o(.bss.referee_receive_header)
    referee_send_header                      0x2000198d   Data           5  refereebehaviour.o(.bss.referee_send_header)
    referee_unpack_obj                       0x20001992   Data         137  refereethread.o(.bss.referee_unpack_obj)
    referee_warning_t                        0x20001a1b   Data           3  refereebehaviour.o(.bss.referee_warning_t)
    rfid_status_t                            0x20001a20   Data           4  refereebehaviour.o(.bss.rfid_status_t)
    right_back_3508_pid                      0x20001a24   Data          72  calculatethread.o(.bss.right_back_3508_pid)
    right_back_6020_position_pid             0x20001a6c   Data          72  calculatethread.o(.bss.right_back_6020_position_pid)
    right_back_6020_speed_pid                0x20001ab4   Data          72  calculatethread.o(.bss.right_back_6020_speed_pid)
    right_front_3508_pid                     0x20001afc   Data          72  calculatethread.o(.bss.right_front_3508_pid)
    right_front_6020_position_pid            0x20001b44   Data          72  calculatethread.o(.bss.right_front_6020_position_pid)
    right_front_6020_speed_pid               0x20001b8c   Data          72  calculatethread.o(.bss.right_front_6020_speed_pid)
    robot_energy_t                           0x20001bd4   Data           2  refereebehaviour.o(.bss.robot_energy_t)
    robot_hurt_t                             0x20001bd6   Data           1  refereebehaviour.o(.bss.robot_hurt_t)
    robot_information                        0x20001bd8   Data           6  refereebehaviour.o(.bss.robot_information)
    robot_state                              0x20001bde   Data          13  refereebehaviour.o(.bss.robot_state)
    rune                                     0x20001beb   Data          45  uithread.o(.bss.rune)
    rx_data                                  0x20001c18   Data           8  interruptservice.o(.bss.rx_data)
    rx_header                                0x20001c20   Data          28  interruptservice.o(.bss.rx_header)
    shoot_data_t                             0x20001c90   Data           7  refereebehaviour.o(.bss.shoot_data_t)
    speed                                    0x20001c98   Data          16  calculatethread.o(.bss.speed)
    stop_countdown                           0x20001ca8   Data           1  calculatethread.o(.bss.stop_countdown)
    stop_flag                                0x20001ca9   Data           1  calculatethread.o(.bss.stop_flag)
    student_interactive_data_t               0x20001caa   Data           6  refereebehaviour.o(.bss.student_interactive_data_t)
    supply_projectile_action_t               0x20001cb0   Data           4  refereebehaviour.o(.bss.supply_projectile_action_t)
    supply_projectile_booking_t              0x20001cb4   Data           3  refereebehaviour.o(.bss.supply_projectile_booking_t)
    twoKi                                    0x20001cb8   Data           4  mahonyahrs.o(.bss.twoKi)
    usart6_buf                               0x200058c4   Data        1024  refereethread.o(.bss.usart6_buf)
    uwTick                                   0x20005cc4   Data           4  stm32f4xx_hal.o(.bss.uwTick)
    v_gain                                   0x20005cdc   Data           4  calculatethread.o(.bss.v_gain)
    wheel_angle_1                            0x20005ce0   Data          16  calculatethread.o(.bss.wheel_angle_1)
    wheel_angle_2                            0x20005cf0   Data          16  calculatethread.o(.bss.wheel_angle_2)
    wheel_angle_3                            0x20005d00   Data          16  calculatethread.o(.bss.wheel_angle_3)
    wheel_angle_4                            0x20005d10   Data          16  calculatethread.o(.bss.wheel_angle_4)
    x1                                       0x20005d20   Data          15  uithread.o(.bss.x1)
    x11                                      0x20005d2f   Data          15  uithread.o(.bss.x11)
    x13                                      0x20005d3e   Data          15  uithread.o(.bss.x13)
    x14                                      0x20005d4d   Data          15  uithread.o(.bss.x14)
    x6                                       0x20005d5c   Data          15  uithread.o(.bss.x6)
    __initial_sp                             0x2000a060   Data           0  startup_stm32f407xx.o(STACK)



==============================================================================

Memory Map of the image

  Image Entry point : 0x08000189

  Load Region LR_IROM1 (Base: 0x08000000, Size: 0x00019338, Max: 0x00100000, ABSOLUTE, COMPRESSED[0x000192a8])

    Execution Region ER_IROM1 (Exec base: 0x08000000, Load base: 0x08000000, Size: 0x000191fc, Max: 0x00100000, ABSOLUTE)

    Exec Addr    Load Addr    Size         Type   Attr      Idx    E Section Name        Object

    0x08000000   0x08000000   0x00000188   Data   RO            3    RESET               startup_stm32f407xx.o
    0x08000188   0x08000188   0x00000000   Code   RO         2703  * .ARM.Collect$$$$00000000  mc_w.l(entry.o)
    0x08000188   0x08000188   0x00000004   Code   RO         2815    .ARM.Collect$$$$00000001  mc_w.l(entry2.o)
    0x0800018c   0x0800018c   0x00000004   Code   RO         2818    .ARM.Collect$$$$00000004  mc_w.l(entry5.o)
    0x08000190   0x08000190   0x00000000   Code   RO         2820    .ARM.Collect$$$$00000008  mc_w.l(entry7b.o)
    0x08000190   0x08000190   0x00000000   Code   RO         2822    .ARM.Collect$$$$0000000A  mc_w.l(entry8b.o)
    0x08000190   0x08000190   0x00000008   Code   RO         2823    .ARM.Collect$$$$0000000B  mc_w.l(entry9a.o)
    0x08000198   0x08000198   0x00000000   Code   RO         2825    .ARM.Collect$$$$0000000D  mc_w.l(entry10a.o)
    0x08000198   0x08000198   0x00000000   Code   RO         2827    .ARM.Collect$$$$0000000F  mc_w.l(entry11a.o)
    0x08000198   0x08000198   0x00000004   Code   RO         2816    .ARM.Collect$$$$00002712  mc_w.l(entry2.o)
    0x0800019c   0x0800019c   0x00000024   Code   RO            4    .text               startup_stm32f407xx.o
    0x080001c0   0x080001c0   0x00000062   Code   RO         2706    .text               mc_w.l(uldiv.o)
    0x08000222   0x08000222   0x00000024   Code   RO         2708    .text               mc_w.l(memcpya.o)
    0x08000246   0x08000246   0x00000024   Code   RO         2710    .text               mc_w.l(memseta.o)
    0x0800026a   0x0800026a   0x0000014e   Code   RO         2742    .text               mf_w.l(dadd.o)
    0x080003b8   0x080003b8   0x000000e4   Code   RO         2744    .text               mf_w.l(dmul.o)
    0x0800049c   0x0800049c   0x000000de   Code   RO         2746    .text               mf_w.l(ddiv.o)
    0x0800057a   0x0800057a   0x00000036   Code   RO         2748    .text               mf_w.l(dcmple.o)
    0x080005b0   0x080005b0   0x00000036   Code   RO         2750    .text               mf_w.l(dcmpge.o)
    0x080005e6   0x080005e6   0x00000036   Code   RO         2752    .text               mf_w.l(dcmpgt.o)
    0x0800061c   0x0800061c   0x00000022   Code   RO         2754    .text               mf_w.l(dflti.o)
    0x0800063e   0x0800063e   0x00000026   Code   RO         2756    .text               mf_w.l(f2d.o)
    0x08000664   0x08000664   0x00000038   Code   RO         2758    .text               mf_w.l(d2f.o)
    0x0800069c   0x0800069c   0x0000001e   Code   RO         2829    .text               mc_w.l(llshl.o)
    0x080006ba   0x080006ba   0x00000020   Code   RO         2831    .text               mc_w.l(llushr.o)
    0x080006da   0x080006da   0x00000024   Code   RO         2833    .text               mc_w.l(llsshr.o)
    0x080006fe   0x080006fe   0x00000000   Code   RO         2844    .text               mc_w.l(iusefp.o)
    0x080006fe   0x080006fe   0x0000006e   Code   RO         2845    .text               mf_w.l(fepilogue.o)
    0x0800076c   0x0800076c   0x000000ba   Code   RO         2847    .text               mf_w.l(depilogue.o)
    0x08000826   0x08000826   0x000000a2   Code   RO         2851    .text               mf_w.l(dsqrt.o)
    0x080008c8   0x080008c8   0x00000030   Code   RO         2853    .text               mf_w.l(cdcmple.o)
    0x080008f8   0x080008f8   0x00000024   Code   RO         2859    .text               mc_w.l(init.o)
    0x0800091c   0x0800091c   0x0000001a   Code   RO         2861    .text               mf_w.l(dfltui.o)
    0x08000936   0x08000936   0x0000003e   Code   RO         2863    .text               mf_w.l(dfixi.o)
    0x08000974   0x08000974   0x00000056   Code   RO         2873    .text               mc_w.l(__dczerorl2.o)
    0x080009ca   0x080009ca   0x00000002   PAD
    0x080009cc   0x080009cc   0x00000020   Code   RO         1904    .text.AHRS_init     attitudethread.o
    0x080009ec   0x080009ec   0x00000060   Code   RO         1906    .text.AHRS_update   attitudethread.o
    0x08000a4c   0x08000a4c   0x00000108   Code   RO         2019    .text.Angle_Speed_calc  calculatethread.o
    0x08000b54   0x08000b54   0x000000e8   Code   RO         1902    .text.AttitudeThread  attitudethread.o
    0x08000c3c   0x08000c3c   0x00000012   Code   RO         2248    .text.BMI088_ACCEL_NS_H  bmi088middleware.o
    0x08000c4e   0x08000c4e   0x00000002   PAD
    0x08000c50   0x08000c50   0x00000012   Code   RO         2246    .text.BMI088_ACCEL_NS_L  bmi088middleware.o
    0x08000c62   0x08000c62   0x00000002   PAD
    0x08000c64   0x08000c64   0x00000002   Code   RO         2238    .text.BMI088_GPIO_init  bmi088middleware.o
    0x08000c66   0x08000c66   0x00000002   PAD
    0x08000c68   0x08000c68   0x00000014   Code   RO         2252    .text.BMI088_GYRO_NS_H  bmi088middleware.o
    0x08000c7c   0x08000c7c   0x00000014   Code   RO         2250    .text.BMI088_GYRO_NS_L  bmi088middleware.o
    0x08000c90   0x08000c90   0x000000b8   Code   RO         2212    .text.BMI088_accel_read_over  bmi088driver.o
    0x08000d48   0x08000d48   0x00000002   Code   RO         2240    .text.BMI088_com_init  bmi088middleware.o
    0x08000d4a   0x08000d4a   0x00000002   PAD
    0x08000d4c   0x08000d4c   0x00000014   Code   RO         2242    .text.BMI088_delay_ms  bmi088middleware.o
    0x08000d60   0x08000d60   0x00000014   Code   RO         2244    .text.BMI088_delay_us  bmi088middleware.o
    0x08000d74   0x08000d74   0x000000ec   Code   RO         2214    .text.BMI088_gyro_read_over  bmi088driver.o
    0x08000e60   0x08000e60   0x0000006a   Code   RO         2190    .text.BMI088_init   bmi088driver.o
    0x08000eca   0x08000eca   0x00000002   PAD
    0x08000ecc   0x08000ecc   0x000001c0   Code   RO         2216    .text.BMI088_read   bmi088driver.o
    0x0800108c   0x0800108c   0x00000044   Code   RO         2204    .text.BMI088_read_muli_reg  bmi088driver.o
    0x080010d0   0x080010d0   0x00000024   Code   RO         2202    .text.BMI088_read_single_reg  bmi088driver.o
    0x080010f4   0x080010f4   0x0000002e   Code   RO         2254    .text.BMI088_read_write_byte  bmi088middleware.o
    0x08001122   0x08001122   0x00000002   PAD
    0x08001124   0x08001124   0x00000056   Code   RO         2210    .text.BMI088_temperature_read_over  bmi088driver.o
    0x0800117a   0x0800117a   0x00000002   PAD
    0x0800117c   0x0800117c   0x00000020   Code   RO         2200    .text.BMI088_write_single_reg  bmi088driver.o
    0x0800119c   0x0800119c   0x00000004   Code   RO          169    .text.BusFault_Handler  stm32f4xx_it.o
    0x080011a0   0x080011a0   0x00000010   Code   RO          179    .text.CAN1_RX0_IRQHandler  stm32f4xx_it.o
    0x080011b0   0x080011b0   0x00000010   Code   RO          193    .text.CAN2_RX0_IRQHandler  stm32f4xx_it.o
    0x080011c0   0x080011c0   0x00000044   Code   RO         2455    .text.CMS_BUFFER_SEND  cms.o
    0x08001204   0x08001204   0x00000074   Code   RO         2457    .text.CMS_POWER_SEND  cms.o
    0x08001278   0x08001278   0x000000ea   Code   RO         2023    .text.CMS__         calculatethread.o
    0x08001362   0x08001362   0x00000002   PAD
    0x08001364   0x08001364   0x000000d0   Code   RO         2005    .text.CalculateThread  calculatethread.o
    0x08001434   0x08001434   0x00000054   Code   RO         1824    .text.CanSendMessage  bsp_can.o
    0x08001488   0x08001488   0x00000058   Code   RO         2106    .text.CanSendTask   cansendthread.o
    0x080014e0   0x080014e0   0x00000034   Code   RO         2108    .text.Can_Send      cansendthread.o
    0x08001514   0x08001514   0x000001ec   Code   RO         2346    .text.Char_Draw     client_ui.o
    0x08001700   0x08001700   0x000002a8   Code   RO         2350    .text.Char_ReFresh  client_ui.o
    0x080019a8   0x080019a8   0x000013c4   Code   RO         2017    .text.ChassisCommandUpdate  calculatethread.o
    0x08002d6c   0x08002d6c   0x00000192   Code   RO         2021    .text.ChassisCurrentUpdate  calculatethread.o
    0x08002efe   0x08002efe   0x00000002   PAD
    0x08002f00   0x08002f00   0x0000015e   Code   RO         2013    .text.ChassisInfUpdate  calculatethread.o
    0x0800305e   0x0800305e   0x00000002   PAD
    0x08003060   0x08003060   0x00000280   Code   RO         2011    .text.ChassisInit   calculatethread.o
    0x080032e0   0x080032e0   0x000000c8   Code   RO         2015    .text.ChassisModeUpdate  calculatethread.o
    0x080033a8   0x080033a8   0x000000f4   Code   RO         2364    .text.Chassis_Control  feet_motor.o
    0x0800349c   0x0800349c   0x00000040   Code   RO         1965    .text.CommuniteOfflineCounterUpdate  interruptservice.o
    0x080034dc   0x080034dc   0x0000008c   Code   RO         1967    .text.CommuniteOfflineStateUpdate  interruptservice.o
    0x08003568   0x08003568   0x00000010   Code   RO          177    .text.DMA1_Stream1_IRQHandler  stm32f4xx_it.o
    0x08003578   0x08003578   0x000010d2   Code   RO         1922    .text.DMA2_Stream0_IRQHandler  attitudethread.o
    0x0800464a   0x0800464a   0x00000002   PAD
    0x0800464c   0x0800464c   0x00000010   Code   RO          187    .text.DMA2_Stream1_IRQHandler  stm32f4xx_it.o
    0x0800465c   0x0800465c   0x00000010   Code   RO          189    .text.DMA2_Stream2_IRQHandler  stm32f4xx_it.o
    0x0800466c   0x0800466c   0x00000010   Code   RO          191    .text.DMA2_Stream3_IRQHandler  stm32f4xx_it.o
    0x0800467c   0x0800467c   0x00000010   Code   RO          195    .text.DMA2_Stream6_IRQHandler  stm32f4xx_it.o
    0x0800468c   0x0800468c   0x00000010   Code   RO          197    .text.DMA2_Stream7_IRQHandler  stm32f4xx_it.o
    0x0800469c   0x0800469c   0x00000056   Code   RO          485    .text.DMA_CalcBaseAndBitshift  stm32f4xx_hal_dma.o
    0x080046f2   0x080046f2   0x00000002   PAD
    0x080046f4   0x080046f4   0x000000f0   Code   RO          483    .text.DMA_CheckFifoParam  stm32f4xx_hal_dma.o
    0x080047e4   0x080047e4   0x00000002   Code   RO          173    .text.DebugMon_Handler  stm32f4xx_it.o
    0x080047e6   0x080047e6   0x00000002   PAD
    0x080047e8   0x080047e8   0x0000001e   Code   RO         1975    .text.DeviceOfflineMonitorUpdate  interruptservice.o
    0x08004806   0x08004806   0x00000002   PAD
    0x08004808   0x08004808   0x0000000a   Code   RO          175    .text.EXTI4_IRQHandler  stm32f4xx_it.o
    0x08004812   0x08004812   0x00000002   PAD
    0x08004814   0x08004814   0x0000000a   Code   RO          181    .text.EXTI9_5_IRQHandler  stm32f4xx_it.o
    0x0800481e   0x0800481e   0x00000002   PAD
    0x08004820   0x08004820   0x00000092   Code   RO         2392    .text.EnQueue       refereebehaviour.o
    0x080048b2   0x080048b2   0x00000002   PAD
    0x080048b4   0x080048b4   0x0000000e   Code   RO           15    .text.Error_Handler  main.o
    0x080048c2   0x080048c2   0x00000002   PAD
    0x080048c4   0x080048c4   0x00000032   Code   RO         2505    .text.Fabs          user_lib.o
    0x080048f6   0x080048f6   0x00000002   PAD
    0x080048f8   0x080048f8   0x00000066   Code   RO         2334    .text.Get_CRC16_Check_Sum_UI  client_ui.o
    0x0800495e   0x0800495e   0x00000002   PAD
    0x08004960   0x08004960   0x00000044   Code   RO         2332    .text.Get_CRC8_Check_Sum_UI  client_ui.o
    0x080049a4   0x080049a4   0x00000080   Code   RO         1916    .text.GimbalEulerSystemMeasureUpdate  attitudethread.o
    0x08004a24   0x08004a24   0x00000052   Code   RO          262    .text.HAL_CAN_ActivateNotification  stm32f4xx_hal_can.o
    0x08004a76   0x08004a76   0x00000002   PAD
    0x08004a78   0x08004a78   0x00000170   Code   RO          248    .text.HAL_CAN_AddTxMessage  stm32f4xx_hal_can.o
    0x08004be8   0x08004be8   0x000001a4   Code   RO          238    .text.HAL_CAN_ConfigFilter  stm32f4xx_hal_can.o
    0x08004d8c   0x08004d8c   0x00000008   Code   RO          292    .text.HAL_CAN_ErrorCallback  stm32f4xx_hal_can.o
    0x08004d94   0x08004d94   0x000001f0   Code   RO          258    .text.HAL_CAN_GetRxMessage  stm32f4xx_hal_can.o
    0x08004f84   0x08004f84   0x000003f2   Code   RO          266    .text.HAL_CAN_IRQHandler  stm32f4xx_hal_can.o
    0x08005376   0x08005376   0x00000002   PAD
    0x08005378   0x08005378   0x000001de   Code   RO          228    .text.HAL_CAN_Init  stm32f4xx_hal_can.o
    0x08005556   0x08005556   0x00000002   PAD
    0x08005558   0x08005558   0x00000184   Code   RO           65    .text.HAL_CAN_MspInit  can.o
    0x080056dc   0x080056dc   0x00000008   Code   RO          280    .text.HAL_CAN_RxFifo0FullCallback  stm32f4xx_hal_can.o
    0x080056e4   0x080056e4   0x000003b8   Code   RO         1953    .text.HAL_CAN_RxFifo0MsgPendingCallback  interruptservice.o
    0x08005a9c   0x08005a9c   0x00000008   Code   RO          284    .text.HAL_CAN_RxFifo1FullCallback  stm32f4xx_hal_can.o
    0x08005aa4   0x08005aa4   0x00000008   Code   RO          286    .text.HAL_CAN_RxFifo1MsgPendingCallback  stm32f4xx_hal_can.o
    0x08005aac   0x08005aac   0x00000008   Code   RO          288    .text.HAL_CAN_SleepCallback  stm32f4xx_hal_can.o
    0x08005ab4   0x08005ab4   0x0000008a   Code   RO          240    .text.HAL_CAN_Start  stm32f4xx_hal_can.o
    0x08005b3e   0x08005b3e   0x00000002   PAD
    0x08005b40   0x08005b40   0x00000008   Code   RO          270    .text.HAL_CAN_TxMailbox0AbortCallback  stm32f4xx_hal_can.o
    0x08005b48   0x08005b48   0x00000008   Code   RO          268    .text.HAL_CAN_TxMailbox0CompleteCallback  stm32f4xx_hal_can.o
    0x08005b50   0x08005b50   0x00000008   Code   RO          274    .text.HAL_CAN_TxMailbox1AbortCallback  stm32f4xx_hal_can.o
    0x08005b58   0x08005b58   0x00000008   Code   RO          272    .text.HAL_CAN_TxMailbox1CompleteCallback  stm32f4xx_hal_can.o
    0x08005b60   0x08005b60   0x00000008   Code   RO          278    .text.HAL_CAN_TxMailbox2AbortCallback  stm32f4xx_hal_can.o
    0x08005b68   0x08005b68   0x00000008   Code   RO          276    .text.HAL_CAN_TxMailbox2CompleteCallback  stm32f4xx_hal_can.o
    0x08005b70   0x08005b70   0x00000008   Code   RO          290    .text.HAL_CAN_WakeUpFromRxMsgCallback  stm32f4xx_hal_can.o
    0x08005b78   0x08005b78   0x000000ec   Code   RO          495    .text.HAL_DMA_Abort  stm32f4xx_hal_dma.o
    0x08005c64   0x08005c64   0x00000044   Code   RO          497    .text.HAL_DMA_Abort_IT  stm32f4xx_hal_dma.o
    0x08005ca8   0x08005ca8   0x0000031e   Code   RO          501    .text.HAL_DMA_IRQHandler  stm32f4xx_hal_dma.o
    0x08005fc6   0x08005fc6   0x00000002   PAD
    0x08005fc8   0x08005fc8   0x0000016e   Code   RO          481    .text.HAL_DMA_Init  stm32f4xx_hal_dma.o
    0x08006136   0x08006136   0x00000002   PAD
    0x08006138   0x08006138   0x00000042   Code   RO          670    .text.HAL_Delay     stm32f4xx_hal.o
    0x0800617a   0x0800617a   0x00000002   PAD
    0x0800617c   0x0800617c   0x0000007e   Code   RO         1918    .text.HAL_GPIO_EXTI_Callback  attitudethread.o
    0x080061fa   0x080061fa   0x00000002   PAD
    0x080061fc   0x080061fc   0x00000038   Code   RO          455    .text.HAL_GPIO_EXTI_IRQHandler  stm32f4xx_hal_gpio.o
    0x08006234   0x08006234   0x000003b6   Code   RO          443    .text.HAL_GPIO_Init  stm32f4xx_hal_gpio.o
    0x080065ea   0x080065ea   0x00000002   PAD
    0x080065ec   0x080065ec   0x0000002e   Code   RO          449    .text.HAL_GPIO_WritePin  stm32f4xx_hal_gpio.o
    0x0800661a   0x0800661a   0x00000002   PAD
    0x0800661c   0x0800661c   0x0000000c   Code   RO          662    .text.HAL_GetTick   stm32f4xx_hal.o
    0x08006628   0x08006628   0x0000001a   Code   RO          660    .text.HAL_IncTick   stm32f4xx_hal.o
    0x08006642   0x08006642   0x00000002   PAD
    0x08006644   0x08006644   0x00000036   Code   RO          650    .text.HAL_Init      stm32f4xx_hal.o
    0x0800667a   0x0800667a   0x00000002   PAD
    0x0800667c   0x0800667c   0x000000f0   Code   RO          214    .text.HAL_InitTick  stm32f4xx_hal_timebase_tim.o
    0x0800676c   0x0800676c   0x00000058   Code   RO          206    .text.HAL_MspInit   stm32f4xx_hal_msp.o
    0x080067c4   0x080067c4   0x00000014   Code   RO          591    .text.HAL_NVIC_EnableIRQ  stm32f4xx_hal_cortex.o
    0x080067d8   0x080067d8   0x00000032   Code   RO          583    .text.HAL_NVIC_SetPriority  stm32f4xx_hal_cortex.o
    0x0800680a   0x0800680a   0x00000002   PAD
    0x0800680c   0x0800680c   0x00000010   Code   RO          579    .text.HAL_NVIC_SetPriorityGrouping  stm32f4xx_hal_cortex.o
    0x0800681c   0x0800681c   0x00000262   Code   RO          311    .text.HAL_RCC_ClockConfig  stm32f4xx_hal_rcc.o
    0x08006a7e   0x08006a7e   0x00000002   PAD
    0x08006a80   0x08006a80   0x00000054   Code   RO          329    .text.HAL_RCC_GetClockConfig  stm32f4xx_hal_rcc.o
    0x08006ad4   0x08006ad4   0x0000000c   Code   RO          321    .text.HAL_RCC_GetHCLKFreq  stm32f4xx_hal_rcc.o
    0x08006ae0   0x08006ae0   0x00000022   Code   RO          323    .text.HAL_RCC_GetPCLK1Freq  stm32f4xx_hal_rcc.o
    0x08006b02   0x08006b02   0x00000002   PAD
    0x08006b04   0x08006b04   0x00000022   Code   RO          325    .text.HAL_RCC_GetPCLK2Freq  stm32f4xx_hal_rcc.o
    0x08006b26   0x08006b26   0x00000002   PAD
    0x08006b28   0x08006b28   0x000000e6   Code   RO          313    .text.HAL_RCC_GetSysClockFreq  stm32f4xx_hal_rcc.o
    0x08006c0e   0x08006c0e   0x00000002   PAD
    0x08006c10   0x08006c10   0x000006be   Code   RO          309    .text.HAL_RCC_OscConfig  stm32f4xx_hal_rcc.o
    0x080072ce   0x080072ce   0x00000002   PAD
    0x080072d0   0x080072d0   0x00000100   Code   RO          739    .text.HAL_SPI_Init  stm32f4xx_hal_spi.o
    0x080073d0   0x080073d0   0x00000194   Code   RO           89    .text.HAL_SPI_MspInit  spi.o
    0x08007564   0x08007564   0x00000366   Code   RO          753    .text.HAL_SPI_TransmitReceive  stm32f4xx_hal_spi.o
    0x080078ca   0x080078ca   0x00000002   PAD
    0x080078cc   0x080078cc   0x00000008   Code   RO         1179    .text.HAL_TIMEx_BreakCallback  stm32f4xx_hal_tim_ex.o
    0x080078d4   0x080078d4   0x00000008   Code   RO         1175    .text.HAL_TIMEx_CommutCallback  stm32f4xx_hal_tim_ex.o
    0x080078dc   0x080078dc   0x000000b2   Code   RO         1171    .text.HAL_TIMEx_ConfigBreakDeadTime  stm32f4xx_hal_tim_ex.o
    0x0800798e   0x0800798e   0x00000002   PAD
    0x08007990   0x08007990   0x00000122   Code   RO         1169    .text.HAL_TIMEx_MasterConfigSynchronization  stm32f4xx_hal_tim_ex.o
    0x08007ab2   0x08007ab2   0x00000002   PAD
    0x08007ab4   0x08007ab4   0x0000009c   Code   RO          856    .text.HAL_TIM_Base_Init  stm32f4xx_hal_tim.o
    0x08007b50   0x08007b50   0x000001d6   Code   RO          119    .text.HAL_TIM_Base_MspInit  tim.o
    0x08007d26   0x08007d26   0x00000002   PAD
    0x08007d28   0x08007d28   0x000000f6   Code   RO          870    .text.HAL_TIM_Base_Start_IT  stm32f4xx_hal_tim.o
    0x08007e1e   0x08007e1e   0x00000002   PAD
    0x08007e20   0x08007e20   0x00000184   Code   RO         1048    .text.HAL_TIM_ConfigClockSource  stm32f4xx_hal_tim.o
    0x08007fa4   0x08007fa4   0x00000008   Code   RO          992    .text.HAL_TIM_IC_CaptureCallback  stm32f4xx_hal_tim.o
    0x08007fac   0x08007fac   0x0000027a   Code   RO          990    .text.HAL_TIM_IRQHandler  stm32f4xx_hal_tim.o
    0x08008226   0x08008226   0x00000002   PAD
    0x08008228   0x08008228   0x0000016a   Code   RO          105    .text.HAL_TIM_MspPostInit  tim.o
    0x08008392   0x08008392   0x00000002   PAD
    0x08008394   0x08008394   0x00000008   Code   RO          994    .text.HAL_TIM_OC_DelayElapsedCallback  stm32f4xx_hal_tim.o
    0x0800839c   0x0800839c   0x00000142   Code   RO         1022    .text.HAL_TIM_PWM_ConfigChannel  stm32f4xx_hal_tim.o
    0x080084de   0x080084de   0x00000002   PAD
    0x080084e0   0x080084e0   0x0000009c   Code   RO          910    .text.HAL_TIM_PWM_Init  stm32f4xx_hal_tim.o
    0x0800857c   0x0800857c   0x00000008   Code   RO          912    .text.HAL_TIM_PWM_MspInit  stm32f4xx_hal_tim.o
    0x08008584   0x08008584   0x00000008   Code   RO          996    .text.HAL_TIM_PWM_PulseFinishedCallback  stm32f4xx_hal_tim.o
    0x0800858c   0x0800858c   0x000001ca   Code   RO          918    .text.HAL_TIM_PWM_Start  stm32f4xx_hal_tim.o
    0x08008756   0x08008756   0x00000002   PAD
    0x08008758   0x08008758   0x00000046   Code   RO         2110    .text.HAL_TIM_PeriodElapsedCallback  cansendthread.o
    0x0800879e   0x0800879e   0x00000002   PAD
    0x080087a0   0x080087a0   0x00000008   Code   RO         1000    .text.HAL_TIM_TriggerCallback  stm32f4xx_hal_tim.o
    0x080087a8   0x080087a8   0x0000000c   Code   RO         1282    .text.HAL_UARTEx_RxEventCallback  stm32f4xx_hal_uart.o
    0x080087b4   0x080087b4   0x00000008   Code   RO         1280    .text.HAL_UART_ErrorCallback  stm32f4xx_hal_uart.o
    0x080087bc   0x080087bc   0x0000041e   Code   RO         1274    .text.HAL_UART_IRQHandler  stm32f4xx_hal_uart.o
    0x08008bda   0x08008bda   0x00000002   PAD
    0x08008bdc   0x08008bdc   0x0000009a   Code   RO         1192    .text.HAL_UART_Init  stm32f4xx_hal_uart.o
    0x08008c76   0x08008c76   0x00000002   PAD
    0x08008c78   0x08008c78   0x000003d8   Code   RO          143    .text.HAL_UART_MspInit  usart.o
    0x08009050   0x08009050   0x00000008   Code   RO         1292    .text.HAL_UART_RxCpltCallback  stm32f4xx_hal_uart.o
    0x08009058   0x08009058   0x0000014e   Code   RO         1208    .text.HAL_UART_Transmit  stm32f4xx_hal_uart.o
    0x080091a6   0x080091a6   0x00000002   PAD
    0x080091a8   0x080091a8   0x00000008   Code   RO         1288    .text.HAL_UART_TxCpltCallback  stm32f4xx_hal_uart.o
    0x080091b0   0x080091b0   0x00000004   Code   RO          165    .text.HardFault_Handler  stm32f4xx_it.o
    0x080091b4   0x080091b4   0x00000026   Code   RO         2408    .text.IsEmpty       refereebehaviour.o
    0x080091da   0x080091da   0x00000002   PAD
    0x080091dc   0x080091dc   0x0000002a   Code   RO         2406    .text.IsFull        refereebehaviour.o
    0x08009206   0x08009206   0x00000002   PAD
    0x08009208   0x08009208   0x0000019e   Code   RO         2336    .text.Line_Draw     client_ui.o
    0x080093a6   0x080093a6   0x00000002   PAD
    0x080093a8   0x080093a8   0x0000004e   Code   RO           61    .text.MX_CAN1_Init  can.o
    0x080093f6   0x080093f6   0x00000002   PAD
    0x080093f8   0x080093f8   0x0000004e   Code   RO           63    .text.MX_CAN2_Init  can.o
    0x08009446   0x08009446   0x00000002   PAD
    0x08009448   0x08009448   0x000000ce   Code   RO           79    .text.MX_DMA_Init   dma.o
    0x08009516   0x08009516   0x00000002   PAD
    0x08009518   0x08009518   0x0000017e   Code   RO           35    .text.MX_FREERTOS_Init  freertos.o
    0x08009696   0x08009696   0x00000002   PAD
    0x08009698   0x08009698   0x00000236   Code   RO           25    .text.MX_GPIO_Init  gpio.o
    0x080098ce   0x080098ce   0x00000002   PAD
    0x080098d0   0x080098d0   0x00000052   Code   RO           87    .text.MX_SPI1_Init  spi.o
    0x08009922   0x08009922   0x00000002   PAD
    0x08009924   0x08009924   0x0000008e   Code   RO          117    .text.MX_TIM10_Init  tim.o
    0x080099b2   0x080099b2   0x00000002   PAD
    0x080099b4   0x080099b4   0x0000016e   Code   RO          103    .text.MX_TIM1_Init  tim.o
    0x08009b22   0x08009b22   0x00000002   PAD
    0x08009b24   0x08009b24   0x00000084   Code   RO          107    .text.MX_TIM3_Init  tim.o
    0x08009ba8   0x08009ba8   0x00000084   Code   RO          109    .text.MX_TIM4_Init  tim.o
    0x08009c2c   0x08009c2c   0x00000084   Code   RO          111    .text.MX_TIM5_Init  tim.o
    0x08009cb0   0x08009cb0   0x0000005a   Code   RO          113    .text.MX_TIM6_Init  tim.o
    0x08009d0a   0x08009d0a   0x00000002   PAD
    0x08009d0c   0x08009d0c   0x00000156   Code   RO          115    .text.MX_TIM8_Init  tim.o
    0x08009e62   0x08009e62   0x00000002   PAD
    0x08009e64   0x08009e64   0x00000040   Code   RO          137    .text.MX_USART1_UART_Init  usart.o
    0x08009ea4   0x08009ea4   0x00000048   Code   RO          139    .text.MX_USART3_UART_Init  usart.o
    0x08009eec   0x08009eec   0x00000040   Code   RO          141    .text.MX_USART6_UART_Init  usart.o
    0x08009f2c   0x08009f2c   0x0000079c   Code   RO         2518    .text.MahonyAHRSupdate  mahonyahrs.o
    0x0800a6c8   0x0800a6c8   0x00000450   Code   RO         2520    .text.MahonyAHRSupdateIMU  mahonyahrs.o
    0x0800ab18   0x0800ab18   0x00000004   Code   RO          167    .text.MemManage_Handler  stm32f4xx_it.o
    0x0800ab1c   0x0800ab1c   0x000003e0   Code   RO         2366    .text.MotorProcess  feet_motor.o
    0x0800aefc   0x0800aefc   0x00000004   Code   RO          163    .text.NMI_Handler   stm32f4xx_it.o
    0x0800af00   0x0800af00   0x0000006c   Code   RO          589    .text.NVIC_EncodePriority  stm32f4xx_hal_cortex.o
    0x0800af6c   0x0800af6c   0x0000024c   Code   RO         2555    .text.PID_calc      pid.o
    0x0800b1b8   0x0800b1b8   0x00000052   Code   RO         2551    .text.PID_init      pid.o
    0x0800b20a   0x0800b20a   0x00000006   PAD
    0x0800b210   0x0800b210   0x00000064   Code   RO         1806    .text.PendSV_Handler  port.o
    0x0800b274   0x0800b274   0x0000012c   Code   RO         2410    .text.Pop           refereebehaviour.o
    0x0800b3a0   0x0800b3a0   0x00000020   Code   RO         2404    .text.QueueInit     refereebehaviour.o
    0x0800b3c0   0x0800b3c0   0x0000038a   Code   RO         2007    .text.RefereeInfUpdate  calculatethread.o
    0x0800b74a   0x0800b74a   0x00000002   PAD
    0x0800b74c   0x0800b74c   0x00000052   Code   RO         2122    .text.RefereeTask   refereethread.o
    0x0800b79e   0x0800b79e   0x00000002   PAD
    0x0800b7a0   0x0800b7a0   0x0000539e   Code   RO         1872    .text.SPI1_DMA_enable  bsp_spi.o
    0x08010b3e   0x08010b3e   0x00000002   PAD
    0x08010b40   0x08010b40   0x00000226   Code   RO         1870    .text.SPI1_DMA_init  bsp_spi.o
    0x08010d66   0x08010d66   0x00000002   PAD
    0x08010d68   0x08010d68   0x000000a4   Code   RO          749    .text.SPI_EndRxTxTransaction  stm32f4xx_hal_spi.o
    0x08010e0c   0x08010e0c   0x0000012a   Code   RO          847    .text.SPI_WaitFlagStateUntilTimeout  stm32f4xx_hal_spi.o
    0x08010f36   0x08010f36   0x0000000a   PAD
    0x08010f40   0x08010f40   0x00000024   Code   RO         1790    .text.SVC_Handler   port.o
    0x08010f64   0x08010f64   0x00000010   Code   RO           37    .text.StartDefaultTask  freertos.o
    0x08010f74   0x08010f74   0x0000003c   Code   RO         1808    .text.SysTick_Handler  port.o
    0x08010fb0   0x08010fb0   0x000000bc   Code   RO           13    .text.SystemClock_Config  main.o
    0x0801106c   0x0801106c   0x00000012   Code   RO         1321    .text.SystemInit    system_stm32f4xx.o
    0x0801107e   0x0801107e   0x00000002   PAD
    0x08011080   0x08011080   0x00000014   Code   RO         1955    .text.TIM3_IRQHandler  interruptservice.o
    0x08011094   0x08011094   0x00000014   Code   RO         1959    .text.TIM4_IRQHandler  interruptservice.o
    0x080110a8   0x080110a8   0x00000014   Code   RO         1957    .text.TIM5_IRQHandler  interruptservice.o
    0x080110bc   0x080110bc   0x00000014   Code   RO         1961    .text.TIM6_DAC_IRQHandler  interruptservice.o
    0x080110d0   0x080110d0   0x00000010   Code   RO          185    .text.TIM7_IRQHandler  stm32f4xx_it.o
    0x080110e0   0x080110e0   0x0000019a   Code   RO          860    .text.TIM_Base_SetConfig  stm32f4xx_hal_tim.o
    0x0801127a   0x0801127a   0x00000002   PAD
    0x0801127c   0x0801127c   0x00000036   Code   RO          894    .text.TIM_CCxChannelCmd  stm32f4xx_hal_tim.o
    0x080112b2   0x080112b2   0x00000002   PAD
    0x080112b4   0x080112b4   0x00000034   Code   RO         1046    .text.TIM_ETR_SetConfig  stm32f4xx_hal_tim.o
    0x080112e8   0x080112e8   0x0000002a   Code   RO         1052    .text.TIM_ITRx_SetConfig  stm32f4xx_hal_tim.o
    0x08011312   0x08011312   0x00000002   PAD
    0x08011314   0x08011314   0x000000ea   Code   RO         1004    .text.TIM_OC1_SetConfig  stm32f4xx_hal_tim.o
    0x080113fe   0x080113fe   0x00000002   PAD
    0x08011400   0x08011400   0x000000f4   Code   RO         1006    .text.TIM_OC2_SetConfig  stm32f4xx_hal_tim.o
    0x080114f4   0x080114f4   0x000000f2   Code   RO         1008    .text.TIM_OC3_SetConfig  stm32f4xx_hal_tim.o
    0x080115e6   0x080115e6   0x00000002   PAD
    0x080115e8   0x080115e8   0x000000a4   Code   RO         1010    .text.TIM_OC4_SetConfig  stm32f4xx_hal_tim.o
    0x0801168c   0x0801168c   0x00000050   Code   RO         1050    .text.TIM_TI1_ConfigInputStage  stm32f4xx_hal_tim.o
    0x080116dc   0x080116dc   0x00000052   Code   RO         1054    .text.TIM_TI2_ConfigInputStage  stm32f4xx_hal_tim.o
    0x0801172e   0x0801172e   0x00000002   PAD
    0x08011730   0x08011730   0x0000000c   Code   RO         1963    .text.TimerTaskLoop1000Hz  interruptservice.o
    0x0801173c   0x0801173c   0x0000008e   Code   RO         1973    .text.TimerTaskLoop100Hz  interruptservice.o
    0x080117ca   0x080117ca   0x00000002   PAD
    0x080117cc   0x080117cc   0x00000002   Code   RO         1969    .text.TimerTaskLoop500Hz_1  interruptservice.o
    0x080117ce   0x080117ce   0x00000002   PAD
    0x080117d0   0x080117d0   0x00000002   Code   RO         1971    .text.TimerTaskLoop500Hz_2  interruptservice.o
    0x080117d2   0x080117d2   0x00000002   PAD
    0x080117d4   0x080117d4   0x00000020   Code   RO         1278    .text.UART_DMAAbortOnError  stm32f4xx_hal_uart.o
    0x080117f4   0x080117f4   0x00000094   Code   RO         1240    .text.UART_EndRxTransfer  stm32f4xx_hal_uart.o
    0x08011888   0x08011888   0x00000026   Code   RO         1286    .text.UART_EndTransmit_IT  stm32f4xx_hal_uart.o
    0x080118ae   0x080118ae   0x00000002   PAD
    0x080118b0   0x080118b0   0x00000164   Code   RO         1276    .text.UART_Receive_IT  stm32f4xx_hal_uart.o
    0x08011a14   0x08011a14   0x0000013a   Code   RO         1196    .text.UART_SetConfig  stm32f4xx_hal_uart.o
    0x08011b4e   0x08011b4e   0x00000002   PAD
    0x08011b50   0x08011b50   0x00000094   Code   RO         1284    .text.UART_Transmit_IT  stm32f4xx_hal_uart.o
    0x08011be4   0x08011be4   0x000000d2   Code   RO         1210    .text.UART_WaitOnFlagUntilTimeout  stm32f4xx_hal_uart.o
    0x08011cb6   0x08011cb6   0x00000002   PAD
    0x08011cb8   0x08011cb8   0x000013c6   Code   RO         2141    .text.UI            uithread.o
    0x0801307e   0x0801307e   0x00000002   PAD
    0x08013080   0x08013080   0x000002e8   Code   RO         2348    .text.UI_ReFresh    client_ui.o
    0x08013368   0x08013368   0x00000020   Code   RO         2328    .text.UI_SendByte   client_ui.o
    0x08013388   0x08013388   0x00000010   Code   RO          183    .text.USART1_IRQHandler  stm32f4xx_it.o
    0x08013398   0x08013398   0x0000012a   Code   RO         2263    .text.USART3_IRQHandler  remote.o
    0x080134c2   0x080134c2   0x00000002   PAD
    0x080134c4   0x080134c4   0x0000011a   Code   RO         2126    .text.USART6_IRQHandler  refereethread.o
    0x080135de   0x080135de   0x00000002   PAD
    0x080135e0   0x080135e0   0x00000004   Code   RO          171    .text.UsageFault_Handler  stm32f4xx_it.o
    0x080135e4   0x080135e4   0x00000030   Code   RO          593    .text.__NVIC_EnableIRQ  stm32f4xx_hal_cortex.o
    0x08013614   0x08013614   0x00000010   Code   RO          585    .text.__NVIC_GetPriorityGrouping  stm32f4xx_hal_cortex.o
    0x08013624   0x08013624   0x00000042   Code   RO          587    .text.__NVIC_SetPriority  stm32f4xx_hal_cortex.o
    0x08013666   0x08013666   0x00000002   PAD
    0x08013668   0x08013668   0x0000003c   Code   RO          581    .text.__NVIC_SetPriorityGrouping  stm32f4xx_hal_cortex.o
    0x080136a4   0x080136a4   0x0000018e   Code   RO         2194    .text.bmi088_accel_init  bmi088driver.o
    0x08013832   0x08013832   0x00000002   PAD
    0x08013834   0x08013834   0x000003b2   Code   RO         2192    .text.bmi088_accel_self_test  bmi088driver.o
    0x08013be6   0x08013be6   0x00000002   PAD
    0x08013be8   0x08013be8   0x00000146   Code   RO         2198    .text.bmi088_gyro_init  bmi088driver.o
    0x08013d2e   0x08013d2e   0x00000002   PAD
    0x08013d30   0x08013d30   0x00000122   Code   RO         2196    .text.bmi088_gyro_self_test  bmi088driver.o
    0x08013e52   0x08013e52   0x00000002   PAD
    0x08013e54   0x08013e54   0x00000064   Code   RO         1822    .text.can_filter_init  bsp_can.o
    0x08013eb8   0x08013eb8   0x00000902   Code   RO         2009    .text.chassis_powerloop  calculatethread.o
    0x080147ba   0x080147ba   0x00000002   PAD
    0x080147bc   0x080147bc   0x0000003e   Code   RO         1835    .text.delay_init    bsp_delay.o
    0x080147fa   0x080147fa   0x00000002   PAD
    0x080147fc   0x080147fc   0x00000096   Code   RO         1837    .text.delay_us      bsp_delay.o
    0x08014892   0x08014892   0x00000002   PAD
    0x08014894   0x08014894   0x00000064   Code   RO         2607    .text.fifo_s_get    fifo.o
    0x080148f8   0x080148f8   0x00000036   Code   RO         2597    .text.fifo_s_init   fifo.o
    0x0801492e   0x0801492e   0x00000002   PAD
    0x08014930   0x08014930   0x00000102   Code   RO         2603    .text.fifo_s_puts   fifo.o
    0x08014a32   0x08014a32   0x00000002   PAD
    0x08014a34   0x08014a34   0x0000000c   Code   RO         2621    .text.fifo_s_used   fifo.o
    0x08014a40   0x08014a40   0x00000026   Code   RO         2479    .text.first_order_filter_init  user_lib.o
    0x08014a66   0x08014a66   0x00000002   PAD
    0x08014a68   0x08014a68   0x00000066   Code   RO         2578    .text.get_CRC16_check_sum  crc8_crc16.o
    0x08014ace   0x08014ace   0x00000002   PAD
    0x08014ad0   0x08014ad0   0x00000044   Code   RO         2572    .text.get_CRC8_check_sum  crc8_crc16.o
    0x08014b14   0x08014b14   0x000000c8   Code   RO         1908    .text.get_angle     attitudethread.o
    0x08014bdc   0x08014bdc   0x0000022a   Code   RO         1920    .text.imu_cmd_spi_dma  attitudethread.o
    0x08014e06   0x08014e06   0x00000002   PAD
    0x08014e08   0x08014e08   0x0000001a   Code   RO         1850    .text.imu_pwm_set   bsp_imu_pwm.o
    0x08014e22   0x08014e22   0x00000002   PAD
    0x08014e24   0x08014e24   0x000000d4   Code   RO         1924    .text.imu_temp_control  attitudethread.o
    0x08014ef8   0x08014ef8   0x000000ec   Code   RO         2388    .text.init_referee_struct_data  refereebehaviour.o
    0x08014fe4   0x08014fe4   0x0000005a   Code   RO         2461    .text.int16_to_float  cms.o
    0x0801503e   0x0801503e   0x00000002   PAD
    0x08015040   0x08015040   0x0000005a   Code   RO         2522    .text.invSqrt       mahonyahrs.o
    0x0801509a   0x0801509a   0x00000002   PAD
    0x0801509c   0x0801509c   0x000000d4   Code   RO         2495    .text.loop_fp32_constrain  user_lib.o
    0x08015170   0x08015170   0x000000d0   Code   RO           11    .text.main          main.o
    0x08015240   0x08015240   0x00000028   Code   RO         1645    .text.makeFreeRtosPriority  cmsis_os.o
    0x08015268   0x08015268   0x00000028   Code   RO         1659    .text.osDelay       cmsis_os.o
    0x08015290   0x08015290   0x0000000c   Code   RO         1725    .text.osDelayUntil  cmsis_os.o
    0x0801529c   0x0801529c   0x0000000a   Code   RO         1635    .text.osKernelStart  cmsis_os.o
    0x080152a6   0x080152a6   0x00000002   PAD
    0x080152a8   0x080152a8   0x000000ac   Code   RO         1643    .text.osThreadCreate  cmsis_os.o
    0x08015354   0x08015354   0x000000f4   Code   RO         1519    .text.prvAddCurrentTaskToDelayedList  tasks.o
    0x08015448   0x08015448   0x00000110   Code   RO         1505    .text.prvAddNewTaskToReadyList  tasks.o
    0x08015558   0x08015558   0x0000005a   Code   RO         1603    .text.prvCheckTasksWaitingTermination  tasks.o
    0x080155b2   0x080155b2   0x00000002   PAD
    0x080155b4   0x080155b4   0x0000005e   Code   RO         1511    .text.prvDeleteTCB  tasks.o
    0x08015612   0x08015612   0x00000002   PAD
    0x08015614   0x08015614   0x000000bc   Code   RO         1757    .text.prvHeapInit   heap_4.o
    0x080156d0   0x080156d0   0x00000038   Code   RO         1541    .text.prvIdleTask   tasks.o
    0x08015708   0x08015708   0x00000114   Code   RO         1503    .text.prvInitialiseNewTask  tasks.o
    0x0801581c   0x0801581c   0x0000008e   Code   RO         1601    .text.prvInitialiseTaskLists  tasks.o
    0x080158aa   0x080158aa   0x00000002   PAD
    0x080158ac   0x080158ac   0x000000c6   Code   RO         1759    .text.prvInsertBlockIntoFreeList  heap_4.o
    0x08015972   0x08015972   0x00000002   PAD
    0x08015974   0x08015974   0x00000028   Code   RO         1798    .text.prvPortStartFirstTask  port.o
    0x0801599c   0x0801599c   0x00000046   Code   RO         1513    .text.prvResetNextTaskUnblockTime  tasks.o
    0x080159e2   0x080159e2   0x00000002   PAD
    0x080159e4   0x080159e4   0x0000004c   Code   RO         1788    .text.prvTaskExitError  port.o
    0x08015a30   0x08015a30   0x000001ec   Code   RO         1755    .text.pvPortMalloc  heap_4.o
    0x08015c1c   0x08015c1c   0x0000005e   Code   RO         1786    .text.pxPortInitialiseStack  port.o
    0x08015c7a   0x08015c7a   0x00000002   PAD
    0x08015c7c   0x08015c7c   0x00000390   Code   RO         2390    .text.referee_data_solve  refereebehaviour.o
    0x0801600c   0x0801600c   0x000001e4   Code   RO         2124    .text.referee_unpack_fifo_data  refereethread.o
    0x080161f0   0x080161f0   0x00000016   Code   RO         2267    .text.remote_control_init  remote.o
    0x08016206   0x08016206   0x00000002   PAD
    0x08016208   0x08016208   0x000001ae   Code   RO         2265    .text.sbus_to_rc    remote.o
    0x080163b6   0x080163b6   0x00000002   PAD
    0x080163b8   0x080163b8   0x00000030   Code   RO         2396    .text.send_bullet_limit  refereebehaviour.o
    0x080163e8   0x080163e8   0x000000b6   Code   RO         2402    .text.send_bullet_speed  refereebehaviour.o
    0x0801649e   0x0801649e   0x00000002   PAD
    0x080164a0   0x080164a0   0x00000052   Code   RO         2394    .text.send_game_status  refereebehaviour.o
    0x080164f2   0x080164f2   0x00000002   PAD
    0x080164f4   0x080164f4   0x00000088   Code   RO         2400    .text.send_power_heat_data  refereebehaviour.o
    0x0801657c   0x0801657c   0x0000005a   Code   RO         2398    .text.send_robot_information  refereebehaviour.o
    0x080165d6   0x080165d6   0x00000002   PAD
    0x080165d8   0x080165d8   0x000000a0   Code   RO         1881    .text.usart3_rx_dma_init  bsp_usart.o
    0x08016678   0x08016678   0x00000190   Code   RO         1891    .text.usart6_init   bsp_usart.o
    0x08016808   0x08016808   0x00000048   Code   RO         1373    .text.uxListRemove  list.o
    0x08016850   0x08016850   0x0000002a   Code   RO           33    .text.vApplicationGetIdleTaskMemory  freertos.o
    0x0801687a   0x0801687a   0x00000002   PAD
    0x0801687c   0x0801687c   0x0000002e   Code   RO         1365    .text.vListInitialise  list.o
    0x080168aa   0x080168aa   0x00000002   PAD
    0x080168ac   0x080168ac   0x0000000e   Code   RO         1367    .text.vListInitialiseItem  list.o
    0x080168ba   0x080168ba   0x00000002   PAD
    0x080168bc   0x080168bc   0x0000006a   Code   RO         1371    .text.vListInsert   list.o
    0x08016926   0x08016926   0x00000002   PAD
    0x08016928   0x08016928   0x0000003a   Code   RO         1369    .text.vListInsertEnd  list.o
    0x08016962   0x08016962   0x00000002   PAD
    0x08016964   0x08016964   0x00000014   Code   RO         1796    .text.vPortEnableVFP  port.o
    0x08016978   0x08016978   0x00000056   Code   RO         1802    .text.vPortEnterCritical  port.o
    0x080169ce   0x080169ce   0x00000002   PAD
    0x080169d0   0x080169d0   0x0000004a   Code   RO         1804    .text.vPortExitCritical  port.o
    0x08016a1a   0x08016a1a   0x00000002   PAD
    0x08016a1c   0x08016a1c   0x000000ce   Code   RO         1761    .text.vPortFree     heap_4.o
    0x08016aea   0x08016aea   0x00000002   PAD
    0x08016aec   0x08016aec   0x00000044   Code   RO         1794    .text.vPortSetupTimerInterrupt  port.o
    0x08016b30   0x08016b30   0x0000006e   Code   RO         1515    .text.vTaskDelay    tasks.o
    0x08016b9e   0x08016b9e   0x00000002   PAD
    0x08016ba0   0x08016ba0   0x000000ce   Code   RO         1539    .text.vTaskStartScheduler  tasks.o
    0x08016c6e   0x08016c6e   0x00000002   PAD
    0x08016c70   0x08016c70   0x00000010   Code   RO         1517    .text.vTaskSuspendAll  tasks.o
    0x08016c80   0x08016c80   0x000000be   Code   RO         1531    .text.vTaskSwitchContext  tasks.o
    0x08016d3e   0x08016d3e   0x00000002   PAD
    0x08016d40   0x08016d40   0x0000007c   Code   RO         2580    .text.verify_CRC16_check_sum  crc8_crc16.o
    0x08016dbc   0x08016dbc   0x00000052   Code   RO         2574    .text.verify_CRC8_check_sum  crc8_crc16.o
    0x08016e0e   0x08016e0e   0x00000002   PAD
    0x08016e10   0x08016e10   0x00000156   Code   RO         1792    .text.xPortStartScheduler  port.o
    0x08016f66   0x08016f66   0x00000002   PAD
    0x08016f68   0x08016f68   0x0000009e   Code   RO         1507    .text.xTaskCreate   tasks.o
    0x08017006   0x08017006   0x00000002   PAD
    0x08017008   0x08017008   0x000000ce   Code   RO         1501    .text.xTaskCreateStatic  tasks.o
    0x080170d6   0x080170d6   0x00000002   PAD
    0x080170d8   0x080170d8   0x000001b8   Code   RO         1545    .text.xTaskIncrementTick  tasks.o
    0x08017290   0x08017290   0x00000178   Code   RO         1521    .text.xTaskResumeAll  tasks.o
    0x08017408   0x08017408   0x00000030   Code   RO         2855    i.__ARM_fpclassify  m_wm.l(fpclassify.o)
    0x08017438   0x08017438   0x00000026   Code   RO         2790    i.__ARM_fpclassifyf  m_wm.l(fpclassifyf.o)
    0x0801745e   0x0801745e   0x00000002   PAD
    0x08017460   0x08017460   0x0000012c   Code   RO         2661    i.__hardfp_asinf    m_wm.l(asinf.o)
    0x0801758c   0x0801758c   0x00000004   PAD
    0x08017590   0x08017590   0x000002d8   Code   RO         2760    i.__hardfp_atan     m_wm.l(atan.o)
    0x08017868   0x08017868   0x00000200   Code   RO         2667    i.__hardfp_atan2    m_wm.l(atan2.o)
    0x08017a68   0x08017a68   0x000002ac   Code   RO         2673    i.__hardfp_atan2f   m_wm.l(atan2f.o)
    0x08017d14   0x08017d14   0x00000004   PAD
    0x08017d18   0x08017d18   0x000000c8   Code   RO         2679    i.__hardfp_cos      m_wm.l(cos.o)
    0x08017de0   0x08017de0   0x000000c8   Code   RO         2685    i.__hardfp_sin      m_wm.l(sin.o)
    0x08017ea8   0x08017ea8   0x0000007a   Code   RO         2691    i.__hardfp_sqrt     m_wm.l(sqrt.o)
    0x08017f22   0x08017f22   0x0000003a   Code   RO         2697    i.__hardfp_sqrtf    m_wm.l(sqrtf.o)
    0x08017f5c   0x08017f5c   0x00000004   PAD
    0x08017f60   0x08017f60   0x00000438   Code   RO         2807    i.__ieee754_rem_pio2  m_wm.l(rred.o)
    0x08018398   0x08018398   0x00000170   Code   RO         2767    i.__kernel_cos      m_wm.l(cos_i.o)
    0x08018508   0x08018508   0x000000f8   Code   RO         2857    i.__kernel_poly     m_wm.l(poly.o)
    0x08018600   0x08018600   0x00000130   Code   RO         2812    i.__kernel_sin      m_wm.l(sin_i.o)
    0x08018730   0x08018730   0x00000014   Code   RO         2771    i.__mathlib_dbl_infnan  m_wm.l(dunder.o)
    0x08018744   0x08018744   0x00000014   Code   RO         2772    i.__mathlib_dbl_infnan2  m_wm.l(dunder.o)
    0x08018758   0x08018758   0x00000020   Code   RO         2773    i.__mathlib_dbl_invalid  m_wm.l(dunder.o)
    0x08018778   0x08018778   0x00000020   Code   RO         2776    i.__mathlib_dbl_underflow  m_wm.l(dunder.o)
    0x08018798   0x08018798   0x00000006   Code   RO         2793    i.__mathlib_flt_infnan  m_wm.l(funder.o)
    0x0801879e   0x0801879e   0x00000006   Code   RO         2794    i.__mathlib_flt_infnan2  m_wm.l(funder.o)
    0x080187a4   0x080187a4   0x00000010   Code   RO         2795    i.__mathlib_flt_invalid  m_wm.l(funder.o)
    0x080187b4   0x080187b4   0x00000010   Code   RO         2798    i.__mathlib_flt_underflow  m_wm.l(funder.o)
    0x080187c4   0x080187c4   0x0000000e   Code   RO         2867    i.__scatterload_copy  mc_w.l(handlers.o)
    0x080187d2   0x080187d2   0x00000002   Code   RO         2868    i.__scatterload_null  mc_w.l(handlers.o)
    0x080187d4   0x080187d4   0x0000000e   Code   RO         2869    i.__scatterload_zeroinit  mc_w.l(handlers.o)
    0x080187e2   0x080187e2   0x00000002   PAD
    0x080187e4   0x080187e4   0x0000000c   Code   RO         2839    i.__set_errno       mc_w.l(errno.o)
    0x080187f0   0x080187f0   0x00000010   Code   RO         2762    i.atan              m_wm.l(atan.o)
    0x08018800   0x08018800   0x00000018   Code   RO         2786    i.fabs              m_wm.l(fabs.o)
    0x08018818   0x08018818   0x0000003e   Code   RO         2699    i.sqrtf             m_wm.l(sqrtf.o)
    0x08018856   0x08018856   0x00000002   PAD
    0x08018858   0x08018858   0x00000098   Data   RO         2763    .constdata          m_wm.l(atan.o)
    0x080188f0   0x080188f0   0x00000030   Data   RO         2768    .constdata          m_wm.l(cos_i.o)
    0x08018920   0x08018920   0x00000008   Data   RO         2806    .constdata          m_wm.l(qnan.o)
    0x08018928   0x08018928   0x000000cc   Data   RO         2809    .constdata          m_wm.l(rred.o)
    0x080189f4   0x080189f4   0x00000004   PAD
    0x080189f8   0x080189f8   0x00000028   Data   RO         2813    .constdata          m_wm.l(sin_i.o)
    0x08018a20   0x08018a20   0x0000001c   Data   RO           44    .rodata..L__const.MX_FREERTOS_Init.os_thread_def_Attitude  freertos.o
    0x08018a3c   0x08018a3c   0x0000001c   Data   RO           46    .rodata..L__const.MX_FREERTOS_Init.os_thread_def_Calculate  freertos.o
    0x08018a58   0x08018a58   0x0000001c   Data   RO           48    .rodata..L__const.MX_FREERTOS_Init.os_thread_def_CanSend  freertos.o
    0x08018a74   0x08018a74   0x0000001c   Data   RO           50    .rodata..L__const.MX_FREERTOS_Init.os_thread_def_GUI  freertos.o
    0x08018a90   0x08018a90   0x0000001c   Data   RO           52    .rodata..L__const.MX_FREERTOS_Init.os_thread_def_Referee  freertos.o
    0x08018aac   0x08018aac   0x0000001c   Data   RO           42    .rodata..L__const.MX_FREERTOS_Init.os_thread_def_defaultTask  freertos.o
    0x08018ac8   0x08018ac8   0x00000010   Data   RO         1326    .rodata.AHBPrescTable  system_stm32f4xx.o
    0x08018ad8   0x08018ad8   0x00000008   Data   RO         1327    .rodata.APBPrescTable  system_stm32f4xx.o
    0x08018ae0   0x08018ae0   0x00000100   Data   RO         2354    .rodata.CRC8_TAB_UI  client_ui.o
    0x08018be0   0x08018be0   0x00000100   Data   RO         2585    .rodata.CRC8_table  crc8_crc16.o
    0x08018ce0   0x08018ce0   0x00000008   Data   RO          511    .rodata.DMA_CalcBaseAndBitshift.flagBitshiftOffset  stm32f4xx_hal_dma.o
    0x08018ce8   0x08018ce8   0x00000012   Data   RO         2230    .rodata.bmi088_accel_self_test.write_BMI088_ACCEL_self_test_Reg_Data_Error  bmi088driver.o
    0x08018cfa   0x08018cfa   0x00000002   PAD
    0x08018cfc   0x08018cfc   0x0000000c   Data   RO         1939    .rodata.imu_temp_PID  attitudethread.o
    0x08018d08   0x08018d08   0x00000033   Data   RO           41    .rodata.str1.1      freertos.o
    0x08018d3b   0x08018d3b   0x00000005   Data   RO         1616    .rodata.str1.1      tasks.o
    0x08018d40   0x08018d40   0x0000009b   Data   RO         2145    .rodata.str1.1      uithread.o
    0x08018ddb   0x08018ddb   0x00000001   PAD
    0x08018ddc   0x08018ddc   0x00000200   Data   RO         2356    .rodata.wCRC_Table_UI  client_ui.o
    0x08018fdc   0x08018fdc   0x00000200   Data   RO         2587    .rodata.wCRC_table  crc8_crc16.o
    0x080191dc   0x080191dc   0x00000020   Data   RO         2866    Region$$Table       anon$$obj.o


    Execution Region RW_IRAM1 (Exec base: 0x20000000, Load base: 0x08019200, Size: 0x0000a060, Max: 0x0001c000, ABSOLUTE, COMPRESSED[0x000000a8])

    Exec Addr    Load Addr    Size         Type   Attr      Idx    E Section Name        Object

    0x20000000   COMPRESSED   0x00000004   Data   RW         2840    .data               mc_w.l(errno.o)
    0x20000004   COMPRESSED   0x00000010   Data   RW         2027    .data.Angle_zero_6020  calculatethread.o
    0x20000014   COMPRESSED   0x00000004   Data   RW         2226    .data.BMI088_ACCEL_SEN  bmi088driver.o
    0x20000018   COMPRESSED   0x00000004   Data   RW         2227    .data.BMI088_GYRO_SEN  bmi088driver.o
    0x2000001c   COMPRESSED   0x00000002   Data   RW         2586    .data.CRC16_INIT    crc8_crc16.o
    0x2000001e   COMPRESSED   0x00000002   PAD
    0x20000020   COMPRESSED   0x00000014   Data   RW         2028    .data.Direction     calculatethread.o
    0x20000034   COMPRESSED   0x00000004   Data   RW         2029    .data.Maxspeed      calculatethread.o
    0x20000038   COMPRESSED   0x00000004   Data   RW         2030    .data.Power_Max     calculatethread.o
    0x2000003c   COMPRESSED   0x00000004   Data   RW         1325    .data.SystemCoreClock  system_stm32f4xx.o
    0x20000040   COMPRESSED   0x00000009   Data   RW         1927    .data.accel_dma_tx_buf  attitudethread.o
    0x20000049   COMPRESSED   0x00000004   Data   RW         1928    .data.accel_temp_dma_tx_buf  attitudethread.o
    0x2000004d   COMPRESSED   0x00000003   PAD
    0x20000050   COMPRESSED   0x0000000c   Data   RW         2040    .data.follow_PID    calculatethread.o
    0x2000005c   COMPRESSED   0x0000000c   Data   RW         2039    .data.follow_yaw_PID  calculatethread.o
    0x20000068   COMPRESSED   0x00000008   Data   RW         1926    .data.gyro_dma_tx_buf  attitudethread.o
    0x20000070   COMPRESSED   0x00000004   Data   RW         2033    .data.kp            calculatethread.o
    0x20000074   COMPRESSED   0x0000000c   Data   RW         2052    .data.left_back_3508_PID  calculatethread.o
    0x20000080   COMPRESSED   0x0000000c   Data   RW         2048    .data.left_back_6020_position_PID  calculatethread.o
    0x2000008c   COMPRESSED   0x0000000c   Data   RW         2044    .data.left_back_6020_speed_PID  calculatethread.o
    0x20000098   COMPRESSED   0x0000000c   Data   RW         2049    .data.left_front_3508_PID  calculatethread.o
    0x200000a4   COMPRESSED   0x0000000c   Data   RW         2045    .data.left_front_6020_position_PID  calculatethread.o
    0x200000b0   COMPRESSED   0x0000000c   Data   RW         2041    .data.left_front_6020_speed_PID  calculatethread.o
    0x200000bc   COMPRESSED   0x0000000c   Data   RW         2051    .data.right_back_3508_PID  calculatethread.o
    0x200000c8   COMPRESSED   0x0000000c   Data   RW         2047    .data.right_back_6020_position_PID  calculatethread.o
    0x200000d4   COMPRESSED   0x0000000c   Data   RW         2043    .data.right_back_6020_speed_PID  calculatethread.o
    0x200000e0   COMPRESSED   0x0000000c   Data   RW         2050    .data.right_front_3508_PID  calculatethread.o
    0x200000ec   COMPRESSED   0x0000000c   Data   RW         2046    .data.right_front_6020_position_PID  calculatethread.o
    0x200000f8   COMPRESSED   0x0000000c   Data   RW         2042    .data.right_front_6020_speed_PID  calculatethread.o
    0x20000104   COMPRESSED   0x00000004   Data   RW         2524    .data.twoKp         mahonyahrs.o
    0x20000108   COMPRESSED   0x00000001   Data   RW          705    .data.uwTickFreq    stm32f4xx_hal.o
    0x20000109   COMPRESSED   0x00000003   PAD
    0x2000010c   COMPRESSED   0x00000004   Data   RW          704    .data.uwTickPrio    stm32f4xx_hal.o
    0x20000110   COMPRESSED   0x00000004   Data   RW         1814    .data.uxCriticalNesting  port.o
    0x20000114   COMPRESSED   0x00000012   Data   RW         2228    .data.write_BMI088_accel_reg_data_error  bmi088driver.o
    0x20000126   COMPRESSED   0x00000012   Data   RW         2229    .data.write_BMI088_gyro_reg_data_error  bmi088driver.o
    0x20000138        -       0x00000002   Zero   RW         2088    .bss.Aim            calculatethread.o
    0x2000013a        -       0x0000002d   Zero   RW         2156    .bss.Ammo           uithread.o
    0x20000167   COMPRESSED   0x00000001   PAD
    0x20000168        -       0x00000004   Zero   RW           45    .bss.AttudThreadHandler  freertos.o
    0x2000016c        -       0x0000000b   Zero   RW         2440    .bss.BulletLimit    refereebehaviour.o
    0x20000177        -       0x0000000b   Zero   RW         2439    .bss.BulletSpeed    refereebehaviour.o
    0x20000182   COMPRESSED   0x00000002   PAD
    0x20000184        -       0x00000004   Zero   RW         2113    .bss.CMSCounter     cansendthread.o
    0x20000188        -       0x00000010   Zero   RW         2467    .bss.CMS_Data       cms.o
    0x20000198        -       0x00000004   Zero   RW           47    .bss.CalcThreadHandler  freertos.o
    0x2000019c        -       0x00000004   Zero   RW           49    .bss.CanSendHandle  freertos.o
    0x200001a0        -       0x00000120   Zero   RW         2057    .bss.Chassis        calculatethread.o
    0x200002c0        -       0x0000000b   Zero   RW         2112    .bss.DataBuffer     cansendthread.o
    0x200002cb   COMPRESSED   0x00000001   PAD
    0x200002cc        -       0x00000020   Zero   RW         2089    .bss.F_Motor        calculatethread.o
    0x200002ec        -       0x0000000b   Zero   RW         2447    .bss.GAMESTATUS     refereebehaviour.o
    0x200002f7   COMPRESSED   0x00000001   PAD
    0x200002f8        -       0x00000004   Zero   RW           51    .bss.GUIHandle      freertos.o
    0x200002fc        -       0x00000004   Zero   RW           71    .bss.HAL_RCC_CAN1_CLK_ENABLED  can.o
    0x20000300        -       0x0000002d   Zero   RW         2155    .bss.Heat           uithread.o
    0x2000032d   COMPRESSED   0x00000003   PAD
    0x20000330        -       0x0000000c   Zero   RW         1935    .bss.INS_angle      attitudethread.o
    0x2000033c        -       0x0000000c   Zero   RW         1936    .bss.INS_palstance  attitudethread.o
    0x20000348        -       0x00000010   Zero   RW         1934    .bss.INS_quat       attitudethread.o
    0x20000358        -       0x00000018   Zero   RW         2056    .bss.Imu            calculatethread.o
    0x20000370        -       0x00000002   Zero   RW         2316    .bss.KeyFormerChannal  remote.o
    0x20000372        -       0x00000002   Zero   RW         2317    .bss.KeyJumpChannal  remote.o
    0x20000374        -       0x00000014   Zero   RW         2379    .bss.LEFT_BACK_3508_Measure  feet_motor.o
    0x20000388        -       0x00000014   Zero   RW         2375    .bss.LEFT_BACK_6020_Measure  feet_motor.o
    0x2000039c        -       0x00000014   Zero   RW         2376    .bss.LEFT_FRONT_3508_Measure  feet_motor.o
    0x200003b0        -       0x00000014   Zero   RW         2372    .bss.LEFT_FRONT_6020_Measure  feet_motor.o
    0x200003c4        -       0x0000002d   Zero   RW         2152    .bss.Mode           uithread.o
    0x200003f1        -       0x00000001   Zero   RW         2083    .bss.Mode_last      calculatethread.o
    0x200003f2        -       0x00000001   Zero   RW         2082    .bss.Mode_now       calculatethread.o
    0x200003f3        -       0x00000010   Zero   RW         2369    .bss.MotorSendBuffer  feet_motor.o
    0x20000403        -       0x00000009   Zero   RW         2054    .bss.Offline        calculatethread.o
    0x2000040c        -       0x00000024   Zero   RW         1995    .bss.OfflineCounter  interruptservice.o
    0x20000430        -       0x00000009   Zero   RW         1996    .bss.OfflineMonitor  interruptservice.o
    0x20000439        -       0x00000007   Zero   RW         2078    .bss.PTZ            calculatethread.o
    0x20000440        -       0x00000004   Zero   RW         2085    .bss.Plimit         calculatethread.o
    0x20000444        -       0x00000016   Zero   RW         2438    .bss.PowerHeatData  refereebehaviour.o
    0x2000045a   COMPRESSED   0x00000002   PAD
    0x2000045c        -       0x00000014   Zero   RW         2378    .bss.RIGHT_BACK_3508_Measure  feet_motor.o
    0x20000470        -       0x00000014   Zero   RW         2374    .bss.RIGHT_BACK_6020_Measure  feet_motor.o
    0x20000484        -       0x00000014   Zero   RW         2377    .bss.RIGHT_FRONT_3508_Measure  feet_motor.o
    0x20000498        -       0x00000014   Zero   RW         2373    .bss.RIGHT_FRONT_6020_Measure  feet_motor.o
    0x200004ac        -       0x0000000d   Zero   RW         2055    .bss.Referee        calculatethread.o
    0x200004b9   COMPRESSED   0x00000003   PAD
    0x200004bc        -       0x00000004   Zero   RW           53    .bss.RefereeHandle  freertos.o
    0x200004c0        -       0x0000000b   Zero   RW         2443    .bss.RobotInformation  refereebehaviour.o
    0x200004cb        -       0x00000422   Zero   RW         2434    .bss.SendBuffer     refereebehaviour.o
    0x200008ed        -       0x00000003   Zero   RW         2446    .bss.SendGameStatus  refereebehaviour.o
    0x200008f0        -       0x00000001   Zero   RW         2352    .bss.UI_Seq         client_ui.o
    0x200008f1   COMPRESSED   0x00000001   PAD
    0x200008f2        -       0x00000002   Zero   RW         2315    .bss.USART3_IRQHandler.this_time_rx_len  remote.o
    0x200008f4        -       0x00000002   Zero   RW         2133    .bss.USART6_IRQHandler.this_time_rx_len  refereethread.o
    0x200008f6   COMPRESSED   0x00000002   PAD
    0x200008f8        -       0x00000014   Zero   RW         2380    .bss.YawMotorMeasure  feet_motor.o
    0x2000090c        -       0x00000009   Zero   RW         1941    .bss.accel_dma_rx_buf  attitudethread.o
    0x20000915        -       0x00000004   Zero   RW         1942    .bss.accel_temp_dma_rx_buf  attitudethread.o
    0x20000919        -       0x00000001   Zero   RW         1931    .bss.accel_temp_update_flag  attitudethread.o
    0x2000091a        -       0x00000001   Zero   RW         1930    .bss.accel_update_flag  attitudethread.o
    0x2000091b        -       0x0000002d   Zero   RW         2154    .bss.aimbot         uithread.o
    0x20000948        -       0x00000004   Zero   RW         2080    .bss.angle_minus    calculatethread.o
    0x2000094c        -       0x0000002d   Zero   RW         2153    .bss.autofire       uithread.o
    0x20000979   COMPRESSED   0x00000003   PAD
    0x2000097c        -       0x00000024   Zero   RW         1937    .bss.bmi088_real_data  attitudethread.o
    0x200009a0        -       0x00000006   Zero   RW         2427    .bss.buff_musk_t    refereebehaviour.o
    0x200009a6        -       0x00000006   Zero   RW         2431    .bss.bullet_remaining_t  refereebehaviour.o
    0x200009ac        -       0x00000018   Zero   RW         1826    .bss.can_tx_message  bsp_can.o
    0x200009c4        -       0x00000018   Zero   RW         2114    .bss.can_tx_message  cansendthread.o
    0x200009dc        -       0x00000018   Zero   RW         2368    .bss.can_tx_message  feet_motor.o
    0x200009f4        -       0x00000001   Zero   RW         2084    .bss.chassis_limit_update_flag  calculatethread.o
    0x200009f5        -       0x00000002   Zero   RW         2464    .bss.cms_buffer_can_send_data  cms.o
    0x200009f7   COMPRESSED   0x00000001   PAD
    0x200009f8        -       0x00000018   Zero   RW         2463    .bss.cms_buffer_tx_message  cms.o
    0x20000a10        -       0x00000002   Zero   RW         1992    .bss.cms_offline_counter  interruptservice.o
    0x20000a12        -       0x00000008   Zero   RW         2466    .bss.cms_power_can_send_data  cms.o
    0x20000a1a   COMPRESSED   0x00000002   PAD
    0x20000a1c        -       0x00000018   Zero   RW         2465    .bss.cms_power_tx_message  cms.o
    0x20000a34        -       0x00000001   Zero   RW         1983    .bss.cms_send_period  interruptservice.o
    0x20000a35   COMPRESSED   0x00000003   PAD
    0x20000a38        -       0x00000010   Zero   RW         2073    .bss.current_3508_filter_type  calculatethread.o
    0x20000a48        -       0x00000010   Zero   RW         2072    .bss.current_6020_filter_type  calculatethread.o
    0x20000a58        -       0x00000006   Zero   RW         2437    .bss.dart_client_cmd_t  refereebehaviour.o
    0x20000a5e        -       0x00000003   Zero   RW         2436    .bss.dart_remaining_time_t  refereebehaviour.o
    0x20000a61   COMPRESSED   0x00000003   PAD
    0x20000a64        -       0x00000004   Zero   RW           43    .bss.defaultTaskHandle  freertos.o
    0x20000a68        -       0x00000004   Zero   RW         1842    .bss.fac_ms         bsp_delay.o
    0x20000a6c        -       0x00000001   Zero   RW         1841    .bss.fac_us         bsp_delay.o
    0x20000a6d   COMPRESSED   0x00000003   PAD
    0x20000a70        -       0x00000004   Zero   RW         2421    .bss.field_event    refereebehaviour.o
    0x20000a74        -       0x00000001   Zero   RW         1945    .bss.first_temperate  attitudethread.o
    0x20000a75   COMPRESSED   0x00000003   PAD
    0x20000a78        -       0x00000048   Zero   RW         2071    .bss.follow         calculatethread.o
    0x20000ac0        -       0x00000004   Zero   RW         2079    .bss.follow_angle   calculatethread.o
    0x20000ac4        -       0x00000048   Zero   RW         2070    .bss.follow_yaw     calculatethread.o
    0x20000b0c        -       0x00000001   Zero   RW         2419    .bss.game_result    refereebehaviour.o
    0x20000b0d   COMPRESSED   0x00000001   PAD
    0x20000b0e        -       0x00000020   Zero   RW         2420    .bss.game_robot_HP_t  refereebehaviour.o
    0x20000b2e   COMPRESSED   0x00000002   PAD
    0x20000b30        -       0x0000000c   Zero   RW         2426    .bss.game_robot_pos_t  refereebehaviour.o
    0x20000b3c        -       0x0000000b   Zero   RW         2418    .bss.game_state     refereebehaviour.o
    0x20000b47        -       0x00000008   Zero   RW         1940    .bss.gyro_dma_rx_buf  attitudethread.o
    0x20000b4f        -       0x00000001   Zero   RW         1929    .bss.gyro_update_flag  attitudethread.o
    0x20000b50        -       0x00000028   Zero   RW           69    .bss.hcan1          can.o
    0x20000b78        -       0x00000028   Zero   RW           70    .bss.hcan2          can.o
    0x20000ba0        -       0x00000060   Zero   RW           94    .bss.hdma_spi1_rx   spi.o
    0x20000c00        -       0x00000060   Zero   RW           95    .bss.hdma_spi1_tx   spi.o
    0x20000c60        -       0x00000060   Zero   RW          150    .bss.hdma_usart1_rx  usart.o
    0x20000cc0        -       0x00000060   Zero   RW          151    .bss.hdma_usart1_tx  usart.o
    0x20000d20        -       0x00000060   Zero   RW          152    .bss.hdma_usart3_rx  usart.o
    0x20000d80        -       0x00000060   Zero   RW          153    .bss.hdma_usart6_rx  usart.o
    0x20000de0        -       0x00000060   Zero   RW          154    .bss.hdma_usart6_tx  usart.o
    0x20000e40        -       0x00000004   Zero   RW         2032    .bss.he             calculatethread.o
    0x20000e44        -       0x00000058   Zero   RW           93    .bss.hspi1          spi.o
    0x20000e9c        -       0x00000048   Zero   RW          123    .bss.htim1          tim.o
    0x20000ee4        -       0x00000048   Zero   RW          129    .bss.htim10         tim.o
    0x20000f2c        -       0x00000048   Zero   RW          124    .bss.htim3          tim.o
    0x20000f74        -       0x00000048   Zero   RW          125    .bss.htim4          tim.o
    0x20000fbc        -       0x00000048   Zero   RW          126    .bss.htim5          tim.o
    0x20001004        -       0x00000048   Zero   RW          127    .bss.htim6          tim.o
    0x2000104c        -       0x00000048   Zero   RW          220    .bss.htim7          stm32f4xx_hal_timebase_tim.o
    0x20001094        -       0x00000048   Zero   RW          128    .bss.htim8          tim.o
    0x200010dc        -       0x00000044   Zero   RW          147    .bss.huart1         usart.o
    0x20001120        -       0x00000044   Zero   RW          148    .bss.huart3         usart.o
    0x20001164        -       0x00000044   Zero   RW          149    .bss.huart6         usart.o
    0x200011a8        -       0x0000000f   Zero   RW         2144    .bss.imagex         uithread.o
    0x200011b7        -       0x0000000f   Zero   RW         2146    .bss.imagey         uithread.o
    0x200011c6        -       0x00000001   Zero   RW         1933    .bss.imu_start_dma_flag  attitudethread.o
    0x200011c7        -       0x00000001   Zero   RW         1944    .bss.imu_temp_control.temp_constant_time  attitudethread.o
    0x200011c8        -       0x00000048   Zero   RW         1938    .bss.imu_temp_pid   attitudethread.o
    0x20001210        -       0x00000004   Zero   RW         2526    .bss.integralFBx    mahonyahrs.o
    0x20001214        -       0x00000004   Zero   RW         2527    .bss.integralFBy    mahonyahrs.o
    0x20001218        -       0x00000004   Zero   RW         2528    .bss.integralFBz    mahonyahrs.o
    0x2000121c        -       0x00000020   Zero   RW         2031    .bss.last_speed     calculatethread.o
    0x2000123c        -       0x00000048   Zero   RW         2069    .bss.left_back_3508_pid  calculatethread.o
    0x20001284        -       0x00000048   Zero   RW         2065    .bss.left_back_6020_position_pid  calculatethread.o
    0x200012cc        -       0x00000048   Zero   RW         2061    .bss.left_back_6020_speed_pid  calculatethread.o
    0x20001314        -       0x00000048   Zero   RW         2066    .bss.left_front_3508_pid  calculatethread.o
    0x2000135c        -       0x00000048   Zero   RW         2062    .bss.left_front_6020_position_pid  calculatethread.o
    0x200013a4        -       0x00000048   Zero   RW         2058    .bss.left_front_6020_speed_pid  calculatethread.o
    0x200013ec        -       0x00000004   Zero   RW         2034    .bss.lijupower      calculatethread.o
    0x200013f0        -       0x0000002d   Zero   RW         2159    .bss.noforce        uithread.o
    0x2000141d        -       0x0000002d   Zero   RW         2157    .bss.open1          uithread.o
    0x2000144a        -       0x0000002d   Zero   RW         2158    .bss.open2          uithread.o
    0x20001477        -       0x0000002d   Zero   RW         2160    .bss.open3          uithread.o
    0x200014a4        -       0x00000001   Zero   RW         2035    .bss.power_flag     calculatethread.o
    0x200014a5   COMPRESSED   0x00000003   PAD
    0x200014a8        -       0x00000010   Zero   RW         2425    .bss.power_heat_data_t  refereebehaviour.o
    0x200014b8        -       0x00000004   Zero   RW         2086    .bss.power_scale    calculatethread.o
    0x200014bc        -       0x00000004   Zero   RW         1605    .bss.pxCurrentTCB   tasks.o
    0x200014c0        -       0x00000004   Zero   RW         1622    .bss.pxDelayedTaskList  tasks.o
    0x200014c4        -       0x00000004   Zero   RW         1771    .bss.pxEnd          heap_4.o
    0x200014c8        -       0x00000004   Zero   RW         1623    .bss.pxOverflowDelayedTaskList  tasks.o
    0x200014cc        -       0x0000008c   Zero   RW         1606    .bss.pxReadyTasksLists  tasks.o
    0x20001558        -       0x00000016   Zero   RW         2320    .bss.rc_ctrl        remote.o
    0x2000156e   COMPRESSED   0x00000002   PAD
    0x20001570        -       0x00000018   Zero   RW         2128    .bss.referee_fifo   refereethread.o
    0x20001588        -       0x00000400   Zero   RW         2129    .bss.referee_fifo_buf  refereethread.o
    0x20001988        -       0x00000005   Zero   RW         2416    .bss.referee_receive_header  refereebehaviour.o
    0x2000198d        -       0x00000005   Zero   RW         2417    .bss.referee_send_header  refereebehaviour.o
    0x20001992        -       0x00000089   Zero   RW         2131    .bss.referee_unpack_obj  refereethread.o
    0x20001a1b        -       0x00000003   Zero   RW         2423    .bss.referee_warning_t  refereebehaviour.o
    0x20001a1e   COMPRESSED   0x00000002   PAD
    0x20001a20        -       0x00000004   Zero   RW         2432    .bss.rfid_status_t  refereebehaviour.o
    0x20001a24        -       0x00000048   Zero   RW         2068    .bss.right_back_3508_pid  calculatethread.o
    0x20001a6c        -       0x00000048   Zero   RW         2064    .bss.right_back_6020_position_pid  calculatethread.o
    0x20001ab4        -       0x00000048   Zero   RW         2060    .bss.right_back_6020_speed_pid  calculatethread.o
    0x20001afc        -       0x00000048   Zero   RW         2067    .bss.right_front_3508_pid  calculatethread.o
    0x20001b44        -       0x00000048   Zero   RW         2063    .bss.right_front_6020_position_pid  calculatethread.o
    0x20001b8c        -       0x00000048   Zero   RW         2059    .bss.right_front_6020_speed_pid  calculatethread.o
    0x20001bd4        -       0x00000002   Zero   RW         2428    .bss.robot_energy_t  refereebehaviour.o
    0x20001bd6        -       0x00000001   Zero   RW         2429    .bss.robot_hurt_t   refereebehaviour.o
    0x20001bd7   COMPRESSED   0x00000001   PAD
    0x20001bd8        -       0x00000006   Zero   RW         2442    .bss.robot_information  refereebehaviour.o
    0x20001bde        -       0x0000000d   Zero   RW         2424    .bss.robot_state    refereebehaviour.o
    0x20001beb        -       0x0000002d   Zero   RW         2161    .bss.rune           uithread.o
    0x20001c18        -       0x00000008   Zero   RW         1994    .bss.rx_data        interruptservice.o
    0x20001c20        -       0x0000001c   Zero   RW         1993    .bss.rx_header      interruptservice.o
    0x20001c3c        -       0x00000048   Zero   RW         2319    .bss.sbus_rx_buf    remote.o
    0x20001c84        -       0x00000004   Zero   RW         1827    .bss.send_mail_box  bsp_can.o
    0x20001c88        -       0x00000004   Zero   RW         2370    .bss.send_mail_box_1  feet_motor.o
    0x20001c8c        -       0x00000004   Zero   RW         2371    .bss.send_mail_box_2  feet_motor.o
    0x20001c90        -       0x00000007   Zero   RW         2430    .bss.shoot_data_t   refereebehaviour.o
    0x20001c97   COMPRESSED   0x00000001   PAD
    0x20001c98        -       0x00000010   Zero   RW         2081    .bss.speed          calculatethread.o
    0x20001ca8        -       0x00000001   Zero   RW         2038    .bss.stop_countdown  calculatethread.o
    0x20001ca9        -       0x00000001   Zero   RW         2037    .bss.stop_flag      calculatethread.o
    0x20001caa        -       0x00000006   Zero   RW         2433    .bss.student_interactive_data_t  refereebehaviour.o
    0x20001cb0        -       0x00000004   Zero   RW         2422    .bss.supply_projectile_action_t  refereebehaviour.o
    0x20001cb4        -       0x00000003   Zero   RW         2435    .bss.supply_projectile_booking_t  refereebehaviour.o
    0x20001cb7   COMPRESSED   0x00000001   PAD
    0x20001cb8        -       0x00000004   Zero   RW         2525    .bss.twoKi          mahonyahrs.o
    0x20001cbc        -       0x00003c00   Zero   RW         1778    .bss.ucHeap         heap_4.o
    0x200058bc        -       0x00000001   Zero   RW         1812    .bss.ucMaxSysCallPriority  port.o
    0x200058bd   COMPRESSED   0x00000003   PAD
    0x200058c0        -       0x00000004   Zero   RW         1813    .bss.ulMaxPRIGROUPValue  port.o
    0x200058c4        -       0x00000400   Zero   RW         2130    .bss.usart6_buf     refereethread.o
    0x20005cc4        -       0x00000004   Zero   RW          706    .bss.uwTick         stm32f4xx_hal.o
    0x20005cc8        -       0x00000004   Zero   RW         1611    .bss.uxCurrentNumberOfTasks  tasks.o
    0x20005ccc        -       0x00000004   Zero   RW         1610    .bss.uxDeletedTasksWaitingCleanUp  tasks.o
    0x20005cd0        -       0x00000004   Zero   RW         1613    .bss.uxSchedulerSuspended  tasks.o
    0x20005cd4        -       0x00000004   Zero   RW         1608    .bss.uxTaskNumber   tasks.o
    0x20005cd8        -       0x00000004   Zero   RW         1607    .bss.uxTopReadyPriority  tasks.o
    0x20005cdc        -       0x00000004   Zero   RW         2036    .bss.v_gain         calculatethread.o
    0x20005ce0        -       0x00000010   Zero   RW         2074    .bss.wheel_angle_1  calculatethread.o
    0x20005cf0        -       0x00000010   Zero   RW         2075    .bss.wheel_angle_2  calculatethread.o
    0x20005d00        -       0x00000010   Zero   RW         2076    .bss.wheel_angle_3  calculatethread.o
    0x20005d10        -       0x00000010   Zero   RW         2077    .bss.wheel_angle_4  calculatethread.o
    0x20005d20        -       0x0000000f   Zero   RW         2147    .bss.x1             uithread.o
    0x20005d2f        -       0x0000000f   Zero   RW         2151    .bss.x11            uithread.o
    0x20005d3e        -       0x0000000f   Zero   RW         2149    .bss.x13            uithread.o
    0x20005d4d        -       0x0000000f   Zero   RW         2150    .bss.x14            uithread.o
    0x20005d5c        -       0x0000000f   Zero   RW         2148    .bss.x6             uithread.o
    0x20005d6b   COMPRESSED   0x00000001   PAD
    0x20005d6c        -       0x00000004   Zero   RW         1772    .bss.xBlockAllocatedBit  heap_4.o
    0x20005d70        -       0x00000014   Zero   RW         1625    .bss.xDelayedTaskList1  tasks.o
    0x20005d84        -       0x00000014   Zero   RW         1626    .bss.xDelayedTaskList2  tasks.o
    0x20005d98        -       0x00000004   Zero   RW         1773    .bss.xFreeBytesRemaining  heap_4.o
    0x20005d9c        -       0x00000200   Zero   RW           40    .bss.xIdleStack     freertos.o
    0x20005f9c        -       0x00000004   Zero   RW         1617    .bss.xIdleTaskHandle  tasks.o
    0x20005fa0        -       0x00000054   Zero   RW           39    .bss.xIdleTaskTCBBuffer  freertos.o
    0x20005ff4        -       0x00000004   Zero   RW         1775    .bss.xMinimumEverFreeBytesRemaining  heap_4.o
    0x20005ff8        -       0x00000004   Zero   RW         1618    .bss.xNextTaskUnblockTime  tasks.o
    0x20005ffc        -       0x00000004   Zero   RW         1624    .bss.xNumOfOverflows  tasks.o
    0x20006000        -       0x00000004   Zero   RW         1776    .bss.xNumberOfSuccessfulAllocations  heap_4.o
    0x20006004        -       0x00000004   Zero   RW         1777    .bss.xNumberOfSuccessfulFrees  heap_4.o
    0x20006008        -       0x00000004   Zero   RW         1621    .bss.xPendedTicks   tasks.o
    0x2000600c        -       0x00000014   Zero   RW         1615    .bss.xPendingReadyList  tasks.o
    0x20006020        -       0x00000004   Zero   RW         1612    .bss.xSchedulerRunning  tasks.o
    0x20006024        -       0x00000008   Zero   RW         1774    .bss.xStart         heap_4.o
    0x2000602c        -       0x00000014   Zero   RW         1614    .bss.xSuspendedTaskList  tasks.o
    0x20006040        -       0x00000014   Zero   RW         1609    .bss.xTasksWaitingTermination  tasks.o
    0x20006054        -       0x00000004   Zero   RW         1619    .bss.xTickCount     tasks.o
    0x20006058        -       0x00000004   Zero   RW         1620    .bss.xYieldPending  tasks.o
    0x2000605c   COMPRESSED   0x00000004   PAD
    0x20006060        -       0x00004000   Zero   RW            1    STACK               startup_stm32f407xx.o


    Execution Region RW_IRAM2 (Exec base: 0x2001c000, Load base: 0x080192a8, Size: 0x00000000, Max: 0x00004000, ABSOLUTE)

    **** No section assigned to this execution region ****


==============================================================================

Image component sizes


      Code (inc. data)   RO Data    RW Data    ZI Data      Debug   Object Name

      5886         32         12         21        175       6818   attitudethread.o
      3156         12         18         44          0       6037   bmi088driver.o
       166          0          0          0          0       2027   bmi088middleware.o
       184          0          0          0         28       3321   bsp_can.o
       212          0          0          0          5       1592   bsp_delay.o
        26          0          0          0          0        481   bsp_imu_pwm.o
     21956          0          0          0          0       5652   bsp_spi.o
       560          0          0          0          0       2314   bsp_usart.o
     10570        454          0        216       1561      10158   calculatethread.o
       544          0          0          0         84       6446   can.o
       210          0          0          0         39       6094   cansendthread.o
      2532          8        768          0          1       7923   client_ui.o
       274          0          0          0         74       2412   cms.o
       274          0          0          0          0      16131   cmsis_os.o
       376          0        768          2          0       2147   crc8_crc16.o
       206          0          0          0          0       3314   dma.o
      1236         28          0          0        228       4084   feet_motor.o
       424          0          0          0          0       9347   fifo.o
       440          0        219          0        620       3285   freertos.o
       566          0          0          0          0       4201   gpio.o
      1084          0          0          0      15392       4394   heap_4.o
      1424         28          0          0         84       5433   interruptservice.o
       296          0          0          0          0       2194   list.o
      3142         16          0          4         16       3673   mahonyahrs.o
       410          0          0          0          0       2734   main.o
       670          0          0          0          0       3059   pid.o
       996         16          0          4          5       3802   port.o
      2244          0          0          0       1283       8319   refereebehaviour.o
       848          6          0          0       2211       3207   refereethread.o
       750          0          0          0        100       5142   remote.o
       486          0          0          0        280       5065   spi.o
        36          8        392          0      16384        824   startup_stm32f407xx.o
       158          0          0          5          4       7087   stm32f4xx_hal.o
      3088          0          0          0          0      11293   stm32f4xx_hal_can.o
       384          0          0          0          0       9400   stm32f4xx_hal_cortex.o
      1794          8          8          0          0       8447   stm32f4xx_hal_dma.o
      1052          0          0          0          0       5066   stm32f4xx_hal_gpio.o
        88          0          0          0          0       3335   stm32f4xx_hal_msp.o
      2730          0          0          0          0       7550   stm32f4xx_hal_rcc.o
      1588          0          0          0          0      19643   stm32f4xx_hal_spi.o
      4004         14          0          0          0      35731   stm32f4xx_hal_tim.o
       484          0          0          0          0      15235   stm32f4xx_hal_tim_ex.o
       240          0          0          0         72       7079   stm32f4xx_hal_timebase_tim.o
      2824          0          0          0          0      20089   stm32f4xx_hal_uart.o
       202          0          0          0          0       2066   stm32f4xx_it.o
        18          0         24          4          0       2503   system_stm32f4xx.o
      2946          0          5          0        300      20292   tasks.o
      2168          0          0          0        504      10489   tim.o
      5062          0        155          0        555       3491   uithread.o
      1184          0          0          0        684       7848   usart.o
       300          0          0          0          0       4540   user_lib.o

    ----------------------------------------------------------------------
     92768        630       2404        308      40744     352814   Object Totals
         0          0         32          0          0          0   (incl. Generated)
       270          0          3          8         55          0   (incl. Padding)

    ----------------------------------------------------------------------

      Code (inc. data)   RO Data    RW Data    ZI Data      Debug   Library Member Name

       300         42          0          0          0        176   asinf.o
       744        106        152          0          0        352   atan.o
       512         64          0          0          0        208   atan2.o
       684         90          0          0          0        208   atan2f.o
       200         20          0          0          0        164   cos.o
       368         46         48          0          0        200   cos_i.o
       104         16          0          0          0        496   dunder.o
        24          0          0          0          0        124   fabs.o
        48          0          0          0          0        124   fpclassify.o
        38          0          0          0          0        116   fpclassifyf.o
        44         12          0          0          0        464   funder.o
       248          0          0          0          0        152   poly.o
         0          0          8          0          0          0   qnan.o
      1080        142        204          0          0        188   rred.o
       200         20          0          0          0        164   sin.o
       304         24         40          0          0        208   sin_i.o
       122          0          0          0          0        148   sqrt.o
       120          0          0          0          0        272   sqrtf.o
        86          0          0          0          0          0   __dczerorl2.o
         0          0          0          0          0          0   entry.o
         0          0          0          0          0          0   entry10a.o
         0          0          0          0          0          0   entry11a.o
         8          4          0          0          0          0   entry2.o
         4          0          0          0          0          0   entry5.o
         0          0          0          0          0          0   entry7b.o
         0          0          0          0          0          0   entry8b.o
         8          4          0          0          0          0   entry9a.o
        12          6          0          4          0         68   errno.o
        30          0          0          0          0          0   handlers.o
        36          8          0          0          0         68   init.o
         0          0          0          0          0          0   iusefp.o
        30          0          0          0          0         68   llshl.o
        36          0          0          0          0         68   llsshr.o
        32          0          0          0          0         68   llushr.o
        36          0          0          0          0         68   memcpya.o
        36          0          0          0          0        108   memseta.o
        98          0          0          0          0         92   uldiv.o
        48          0          0          0          0         68   cdcmple.o
        56          0          0          0          0         88   d2f.o
       334          0          0          0          0        148   dadd.o
        54          0          0          0          0         80   dcmpge.o
        54          0          0          0          0         80   dcmpgt.o
        54          0          0          0          0         80   dcmple.o
       222          0          0          0          0        100   ddiv.o
       186          0          0          0          0        176   depilogue.o
        62          0          0          0          0         80   dfixi.o
        34          0          0          0          0         76   dflti.o
        26          0          0          0          0         76   dfltui.o
       228          0          0          0          0         96   dmul.o
       162          0          0          0          0        100   dsqrt.o
        38          0          0          0          0         68   f2d.o
       110          0          0          0          0        168   fepilogue.o

    ----------------------------------------------------------------------
      7280        612        456          4          0       5856   Library Totals
        20          8          4          0          0          0   (incl. Padding)

    ----------------------------------------------------------------------

      Code (inc. data)   RO Data    RW Data    ZI Data      Debug   Library Name

      5140        582        452          0          0       3764   m_wm.l
       452         22          0          4          0        608   mc_w.l
      1668          0          0          0          0       1484   mf_w.l

    ----------------------------------------------------------------------
      7280        612        456          4          0       5856   Library Totals

    ----------------------------------------------------------------------

==============================================================================


      Code (inc. data)   RO Data    RW Data    ZI Data      Debug   

    100048       1242       2860        312      40744     354534   Grand Totals
    100048       1242       2860        168      40744     354534   ELF Image Totals (compressed)
    100048       1242       2860        168          0          0   ROM Totals

==============================================================================

    Total RO  Size (Code + RO Data)               102908 ( 100.50kB)
    Total RW  Size (RW Data + ZI Data)             41056 (  40.09kB)
    Total ROM Size (Code + RO Data + RW Data)     103076 ( 100.66kB)

==============================================================================

